Component: ARM Compiler 5.06 (build 20) Tool: armlink [4d35a3]

==============================================================================

Section Cross References

    main.o(i.HAL_TIM_PeriodElapsedCallback) refers to stm32f4xx_hal.o(i.HAL_IncTick) for HAL_IncTick
    main.o(i.SystemClock_Config) refers to stm32f4xx_hal_rcc.o(i.HAL_RCC_OscConfig) for HAL_RCC_OscConfig
    main.o(i.SystemClock_Config) refers to stm32f4xx_hal_rcc.o(i.HAL_RCC_ClockConfig) for HAL_RCC_ClockConfig
    main.o(i.SystemClock_Config) refers to stm32f4xx_hal_rcc_ex.o(i.HAL_RCCEx_PeriphCLKConfig) for HAL_RCCEx_PeriphCLKConfig
    main.o(i.SystemClock_Config) refers to stm32f4xx_hal_rcc.o(i.HAL_RCC_GetHCLKFreq) for HAL_RCC_GetHCLKFreq
    main.o(i.SystemClock_Config) refers to stm32f4xx_hal_cortex.o(i.HAL_SYSTICK_Config) for HAL_SYSTICK_Config
    main.o(i.SystemClock_Config) refers to stm32f4xx_hal_cortex.o(i.HAL_SYSTICK_CLKSourceConfig) for HAL_SYSTICK_CLKSourceConfig
    main.o(i.SystemClock_Config) refers to stm32f4xx_hal_cortex.o(i.HAL_NVIC_SetPriority) for HAL_NVIC_SetPriority
    main.o(i.main) refers to stm32f4xx_hal.o(i.HAL_Init) for HAL_Init
    main.o(i.main) refers to main.o(i.SystemClock_Config) for SystemClock_Config
    main.o(i.main) refers to gpio.o(i.MX_GPIO_Init) for MX_GPIO_Init
    main.o(i.main) refers to sdio.o(i.MX_SDIO_SD_Init) for MX_SDIO_SD_Init
    main.o(i.main) refers to spi.o(i.MX_SPI1_Init) for MX_SPI1_Init
    main.o(i.main) refers to tim.o(i.MX_TIM4_Init) for MX_TIM4_Init
    main.o(i.main) refers to usart.o(i.MX_USART1_UART_Init) for MX_USART1_UART_Init
    main.o(i.main) refers to usart.o(i.MX_USART2_UART_Init) for MX_USART2_UART_Init
    main.o(i.main) refers to rtc.o(i.MX_RTC_Init) for MX_RTC_Init
    main.o(i.main) refers to freertos.o(i.MX_FREERTOS_Init) for MX_FREERTOS_Init
    main.o(i.main) refers to cmsis_os.o(i.osKernelStart) for osKernelStart
    tim.o(i.HAL_TIM_MspPostInit) refers to stm32f4xx_hal_gpio.o(i.HAL_GPIO_Init) for HAL_GPIO_Init
    tim.o(i.MX_TIM4_Init) refers to stm32f4xx_hal_tim.o(i.HAL_TIM_PWM_Init) for HAL_TIM_PWM_Init
    tim.o(i.MX_TIM4_Init) refers to main.o(i.Error_Handler) for Error_Handler
    tim.o(i.MX_TIM4_Init) refers to stm32f4xx_hal_tim_ex.o(i.HAL_TIMEx_MasterConfigSynchronization) for HAL_TIMEx_MasterConfigSynchronization
    tim.o(i.MX_TIM4_Init) refers to stm32f4xx_hal_tim.o(i.HAL_TIM_PWM_ConfigChannel) for HAL_TIM_PWM_ConfigChannel
    tim.o(i.MX_TIM4_Init) refers to tim.o(i.HAL_TIM_MspPostInit) for HAL_TIM_MspPostInit
    tim.o(i.MX_TIM4_Init) refers to tim.o(.bss) for .bss
    spi.o(i.HAL_SPI_MspDeInit) refers to stm32f4xx_hal_gpio.o(i.HAL_GPIO_DeInit) for HAL_GPIO_DeInit
    spi.o(i.HAL_SPI_MspDeInit) refers to stm32f4xx_hal_cortex.o(i.HAL_NVIC_DisableIRQ) for HAL_NVIC_DisableIRQ
    spi.o(i.HAL_SPI_MspInit) refers to stm32f4xx_hal_gpio.o(i.HAL_GPIO_Init) for HAL_GPIO_Init
    spi.o(i.HAL_SPI_MspInit) refers to stm32f4xx_hal_cortex.o(i.HAL_NVIC_SetPriority) for HAL_NVIC_SetPriority
    spi.o(i.HAL_SPI_MspInit) refers to stm32f4xx_hal_cortex.o(i.HAL_NVIC_EnableIRQ) for HAL_NVIC_EnableIRQ
    spi.o(i.MX_SPI1_Init) refers to stm32f4xx_hal_spi.o(i.HAL_SPI_Init) for HAL_SPI_Init
    spi.o(i.MX_SPI1_Init) refers to main.o(i.Error_Handler) for Error_Handler
    spi.o(i.MX_SPI1_Init) refers to spi.o(.bss) for .bss
    stm32f4xx_it.o(i.SDIO_IRQHandler) refers to stm32f4xx_hal_sd.o(i.HAL_SD_IRQHandler) for HAL_SD_IRQHandler
    stm32f4xx_it.o(i.SDIO_IRQHandler) refers to sdio.o(.bss) for hsd
    stm32f4xx_it.o(i.SPI1_IRQHandler) refers to stm32f4xx_hal_spi.o(i.HAL_SPI_IRQHandler) for HAL_SPI_IRQHandler
    stm32f4xx_it.o(i.SPI1_IRQHandler) refers to spi.o(.bss) for hspi1
    stm32f4xx_it.o(i.SysTick_Handler) refers to cmsis_os.o(i.osSystickHandler) for osSystickHandler
    stm32f4xx_it.o(i.TIM6_DAC_IRQHandler) refers to stm32f4xx_hal_tim.o(i.HAL_TIM_IRQHandler) for HAL_TIM_IRQHandler
    stm32f4xx_it.o(i.TIM6_DAC_IRQHandler) refers to stm32f4xx_hal_timebase_tim.o(.bss) for htim6
    stm32f4xx_it.o(i.USART1_IRQHandler) refers to stm32f4xx_hal_uart.o(i.HAL_UART_IRQHandler) for HAL_UART_IRQHandler
    stm32f4xx_it.o(i.USART1_IRQHandler) refers to usart.o(.bss) for huart1
    stm32f4xx_it.o(i.USART2_IRQHandler) refers to stm32f4xx_hal_uart.o(i.HAL_UART_IRQHandler) for HAL_UART_IRQHandler
    stm32f4xx_it.o(i.USART2_IRQHandler) refers to stm32f4xx_hal_uart.o(i.HAL_UART_Receive_IT) for HAL_UART_Receive_IT
    stm32f4xx_it.o(i.USART2_IRQHandler) refers to freertos.o(.data) for rxDataCount2
    stm32f4xx_it.o(i.USART2_IRQHandler) refers to usart.o(.bss) for huart2
    stm32f4xx_it.o(i.USART2_IRQHandler) refers to freertos.o(.bss) for rxDataUsart2
    stm32f4xx_hal_msp.o(i.HAL_MspInit) refers to stm32f4xx_hal_cortex.o(i.HAL_NVIC_SetPriorityGrouping) for HAL_NVIC_SetPriorityGrouping
    stm32f4xx_hal_msp.o(i.HAL_MspInit) refers to stm32f4xx_hal_cortex.o(i.HAL_NVIC_SetPriority) for HAL_NVIC_SetPriority
[...]
    Removing cmsis_os.o(i.osDelayUntil), (4 bytes).
    Removing cmsis_os.o(i.osKernelRunning), (18 bytes).
    Removing cmsis_os.o(i.osKernelSysTick), (24 bytes).
    Removing cmsis_os.o(i.osMailAlloc), (12 bytes).
    Removing cmsis_os.o(i.osMailCAlloc), (24 bytes).
    Removing cmsis_os.o(i.osMailCreate), (92 bytes).
    Removing cmsis_os.o(i.osMailFree), (12 bytes).
    Removing cmsis_os.o(i.osMailGet), (148 bytes).
    Removing cmsis_os.o(i.osMailPut), (92 bytes).
    Removing cmsis_os.o(i.osMessageCreate), (8 bytes).
    Removing cmsis_os.o(i.osMessageGet), (152 bytes).
    Removing cmsis_os.o(i.osMessagePeek), (78 bytes).
    Removing cmsis_os.o(i.osMessagePut), (92 bytes).
    Removing cmsis_os.o(i.osMutexCreate), (6 bytes).
    Removing cmsis_os.o(i.osMutexDelete), (24 bytes).
    Removing cmsis_os.o(i.osMutexRelease), (80 bytes).
    Removing cmsis_os.o(i.osMutexWait), (104 bytes).
    Removing cmsis_os.o(i.osPoolAlloc), (106 bytes).
    Removing cmsis_os.o(i.osPoolCAlloc), (16 bytes).
    Removing cmsis_os.o(i.osPoolCreate), (94 bytes).
    Removing cmsis_os.o(i.osPoolFree), (48 bytes).
    Removing cmsis_os.o(i.osRecursiveMutexCreate), (4 bytes).
    Removing cmsis_os.o(i.osRecursiveMutexRelease), (4 bytes).
    Removing cmsis_os.o(i.osRecursiveMutexWait), (4 bytes).
    Removing cmsis_os.o(i.osSemaphoreCreate), (38 bytes).
    Removing cmsis_os.o(i.osSemaphoreDelete), (24 bytes).
    Removing cmsis_os.o(i.osSemaphoreRelease), (80 bytes).
    Removing cmsis_os.o(i.osSemaphoreWait), (104 bytes).
    Removing cmsis_os.o(i.osSignalSet), (88 bytes).
    Removing cmsis_os.o(i.osSignalWait), (86 bytes).
    Removing cmsis_os.o(i.osThreadGetId), (4 bytes).
    Removing cmsis_os.o(i.osThreadGetPriority), (32 bytes).
    Removing cmsis_os.o(i.osThreadList), (4 bytes).
    Removing cmsis_os.o(i.osThreadResume), (52 bytes).
    Removing cmsis_os.o(i.osThreadResumeAll), (18 bytes).
    Removing cmsis_os.o(i.osThreadSetPriority), (22 bytes).
    Removing cmsis_os.o(i.osThreadSuspend), (10 bytes).
    Removing cmsis_os.o(i.osThreadSuspendAll), (10 bytes).
    Removing cmsis_os.o(i.osThreadTerminate), (10 bytes).
    Removing cmsis_os.o(i.osThreadYield), (24 bytes).
    Removing cmsis_os.o(i.osTimerCreate), (4 bytes).
    Removing cmsis_os.o(i.osTimerDelete), (4 bytes).
    Removing cmsis_os.o(i.osTimerStart), (4 bytes).
    Removing cmsis_os.o(i.osTimerStop), (4 bytes).

641 unused section(s) (total 41553 bytes) removed from the image.

==============================================================================

Image Symbol Table

    Local Symbols

    Symbol Name                              Value     Ov Type        Size  Object(Section)

    ../Drivers/CMSIS/Device/ST/STM32F4xx/Source/Templates/system_stm32f4xx.c 0x00000000   Number         0  system_stm32f4xx.o ABSOLUTE
    ../Drivers/STM32F4xx_HAL_Driver/Src/stm32f4xx_hal.c 0x00000000   Number         0  stm32f4xx_hal.o ABSOLUTE
    ../Drivers/STM32F4xx_HAL_Driver/Src/stm32f4xx_hal_cortex.c 0x00000000   Number         0  stm32f4xx_hal_cortex.o ABSOLUTE
    ../Drivers/STM32F4xx_HAL_Driver/Src/stm32f4xx_hal_dma.c 0x00000000   Number         0  stm32f4xx_hal_dma.o ABSOLUTE
    ../Drivers/STM32F4xx_HAL_Driver/Src/stm32f4xx_hal_dma_ex.c 0x00000000   Number         0  stm32f4xx_hal_dma_ex.o ABSOLUTE
    ../Drivers/STM32F4xx_HAL_Driver/Src/stm32f4xx_hal_flash.c 0x00000000   Number         0  stm32f4xx_hal_flash.o ABSOLUTE
    ../Drivers/STM32F4xx_HAL_Driver/Src/stm32f4xx_hal_flash_ex.c 0x00000000   Number         0  stm32f4xx_hal_flash_ex.o ABSOLUTE
    ../Drivers/STM32F4xx_HAL_Driver/Src/stm32f4xx_hal_flash_ramfunc.c 0x00000000   Number         0  stm32f4xx_hal_flash_ramfunc.o ABSOLUTE
    ../Drivers/STM32F4xx_HAL_Driver/Src/stm32f4xx_hal_gpio.c 0x00000000   Number         0  stm32f4xx_hal_gpio.o ABSOLUTE
    ../Drivers/STM32F4xx_HAL_Driver/Src/stm32f4xx_hal_pwr.c 0x00000000   Number         0  stm32f4xx_hal_pwr.o ABSOLUTE
    ../Drivers/STM32F4xx_HAL_Driver/Src/stm32f4xx_hal_pwr_ex.c 0x00000000   Number         0  stm32f4xx_hal_pwr_ex.o ABSOLUTE
    ../Drivers/STM32F4xx_HAL_Driver/Src/stm32f4xx_hal_rcc.c 0x00000000   Number         0  stm32f4xx_hal_rcc.o ABSOLUTE
    ../Drivers/STM32F4xx_HAL_Driver/Src/stm32f4xx_hal_rcc_ex.c 0x00000000   Number         0  stm32f4xx_hal_rcc_ex.o ABSOLUTE
    ../Drivers/STM32F4xx_HAL_Driver/Src/stm32f4xx_hal_rtc.c 0x00000000   Number         0  stm32f4xx_hal_rtc.o ABSOLUTE
    ../Drivers/STM32F4xx_HAL_Driver/Src/stm32f4xx_hal_rtc_ex.c 0x00000000   Number         0  stm32f4xx_hal_rtc_ex.o ABSOLUTE
    ../Drivers/STM32F4xx_HAL_Driver/Src/stm32f4xx_hal_sd.c 0x00000000   Number         0  stm32f4xx_hal_sd.o ABSOLUTE
    ../Drivers/STM32F4xx_HAL_Driver/Src/stm32f4xx_hal_spi.c 0x00000000   Number         0  stm32f4xx_hal_spi.o ABSOLUTE
    ../Drivers/STM32F4xx_HAL_Driver/Src/stm32f4xx_hal_tim.c 0x00000000   Number         0  stm32f4xx_hal_tim.o ABSOLUTE
    ../Drivers/STM32F4xx_HAL_Driver/Src/stm32f4xx_hal_tim_ex.c 0x00000000   Number         0  stm32f4xx_hal_tim_ex.o ABSOLUTE
    ../Drivers/STM32F4xx_HAL_Driver/Src/stm32f4xx_hal_uart.c 0x00000000   Number         0  stm32f4xx_hal_uart.o ABSOLUTE
    ../Drivers/STM32F4xx_HAL_Driver/Src/stm32f4xx_ll_sdmmc.c 0x00000000   Number         0  stm32f4xx_ll_sdmmc.o ABSOLUTE
    ../Middlewares/Third_Party/FreeRTOS/Source/CMSIS_RTOS/cmsis_os.c 0x00000000   Number         0  cmsis_os.o ABSOLUTE
    ../Middlewares/Third_Party/FreeRTOS/Source/croutine.c 0x00000000   Number         0  croutine.o ABSOLUTE
    ../Middlewares/Third_Party/FreeRTOS/Source/event_groups.c 0x00000000   Number         0  event_groups.o ABSOLUTE
    ../Middlewares/Third_Party/FreeRTOS/Source/list.c 0x00000000   Number         0  list.o ABSOLUTE
    ../Middlewares/Third_Party/FreeRTOS/Source/portable/MemMang/heap_4.c 0x00000000   Number         0  heap_4.o ABSOLUTE
    ../Middlewares/Third_Party/FreeRTOS/Source/portable/RVDS/ARM_CM4F/port.c 0x00000000   Number         0  port.o ABSOLUTE
    ../Middlewares/Third_Party/FreeRTOS/Source/queue.c 0x00000000   Number         0  queue.o ABSOLUTE
    ../Middlewares/Third_Party/FreeRTOS/Source/tasks.c 0x00000000   Number         0  tasks.o ABSOLUTE
    ../Middlewares/Third_Party/FreeRTOS/Source/timers.c 0x00000000   Number         0  timers.o ABSOLUTE
    ../Src/freertos.c                        0x00000000   Number         0  freertos.o ABSOLUTE
    ../Src/gpio.c                            0x00000000   Number         0  gpio.o ABSOLUTE
    ../Src/main.c                            0x00000000   Number         0  main.o ABSOLUTE
    ../Src/rtc.c                             0x00000000   Number         0  rtc.o ABSOLUTE
    ../Src/sdio.c                            0x00000000   Number         0  sdio.o ABSOLUTE
    ../Src/spi.c                             0x00000000   Number         0  spi.o ABSOLUTE
    ../Src/stm32f4xx_hal_msp.c               0x00000000   Number         0  stm32f4xx_hal_msp.o ABSOLUTE
    ../Src/stm32f4xx_hal_timebase_TIM.c      0x00000000   Number         0  stm32f4xx_hal_timebase_tim.o ABSOLUTE
    ../Src/stm32f4xx_it.c                    0x00000000   Number         0  stm32f4xx_it.o ABSOLUTE
    ../Src/tim.c                             0x00000000   Number         0  tim.o ABSOLUTE
    ../Src/usart.c                           0x00000000   Number         0  usart.o ABSOLUTE
    ../clib/microlib/init/entry.s            0x00000000   Number         0  entry7b.o ABSOLUTE
    ../clib/microlib/init/entry.s            0x00000000   Number         0  entry2.o ABSOLUTE
    ../clib/microlib/init/entry.s            0x00000000   Number         0  entry.o ABSOLUTE
    ../clib/microlib/init/entry.s            0x00000000   Number         0  entry5.o ABSOLUTE
    ../clib/microlib/init/entry.s            0x00000000   Number         0  entry7a.o ABSOLUTE
    ../clib/microlib/init/entry.s            0x00000000   Number         0  entry8a.o ABSOLUTE
    ../clib/microlib/init/entry.s            0x00000000   Number         0  entry8b.o ABSOLUTE
    ../clib/microlib/init/entry.s            0x00000000   Number         0  entry9a.o ABSOLUTE
    ../clib/microlib/init/entry.s            0x00000000   Number         0  entry9b.o ABSOLUTE
    ../clib/microlib/init/entry.s            0x00000000   Number         0  entry10a.o ABSOLUTE
    ../clib/microlib/init/entry.s            0x00000000   Number         0  entry10b.o ABSOLUTE
    ../clib/microlib/init/entry.s            0x00000000   Number         0  entry11a.o ABSOLUTE
    ../clib/microlib/init/entry.s            0x00000000   Number         0  entry11b.o ABSOLUTE
    ../clib/microlib/string/memcpy.c         0x00000000   Number         0  memcpyb.o ABSOLUTE
    ../clib/microlib/string/memcpy.c         0x00000000   Number         0  memcpya.o ABSOLUTE
    ../clib/microlib/string/memset.c         0x00000000   Number         0  memseta.o ABSOLUTE
    ..\Drivers\CMSIS\Device\ST\STM32F4xx\Source\Templates\system_stm32f4xx.c 0x00000000   Number         0  system_stm32f4xx.o ABSOLUTE
    ..\Drivers\STM32F4xx_HAL_Driver\Src\stm32f4xx_hal.c 0x00000000   Number         0  stm32f4xx_hal.o ABSOLUTE
    ..\Drivers\STM32F4xx_HAL_Driver\Src\stm32f4xx_hal_cortex.c 0x00000000   Number         0  stm32f4xx_hal_cortex.o ABSOLUTE
    ..\Drivers\STM32F4xx_HAL_Driver\Src\stm32f4xx_hal_dma.c 0x00000000   Number         0  stm32f4xx_hal_dma.o ABSOLUTE
    ..\Drivers\STM32F4xx_HAL_Driver\Src\stm32f4xx_hal_dma_ex.c 0x00000000   Number         0  stm32f4xx_hal_dma_ex.o ABSOLUTE
    ..\Drivers\STM32F4xx_HAL_Driver\Src\stm32f4xx_hal_flash.c 0x00000000   Number         0  stm32f4xx_hal_flash.o ABSOLUTE
    ..\Drivers\STM32F4xx_HAL_Driver\Src\stm32f4xx_hal_flash_ex.c 0x00000000   Number         0  stm32f4xx_hal_flash_ex.o ABSOLUTE
    ..\Drivers\STM32F4xx_HAL_Driver\Src\stm32f4xx_hal_flash_ramfunc.c 0x00000000   Number         0  stm32f4xx_hal_flash_ramfunc.o ABSOLUTE
    ..\Drivers\STM32F4xx_HAL_Driver\Src\stm32f4xx_hal_gpio.c 0x00000000   Number         0  stm32f4xx_hal_gpio.o ABSOLUTE
    ..\Drivers\STM32F4xx_HAL_Driver\Src\stm32f4xx_hal_pwr.c 0x00000000   Number         0  stm32f4xx_hal_pwr.o ABSOLUTE
    ..\Drivers\STM32F4xx_HAL_Driver\Src\stm32f4xx_hal_pwr_ex.c 0x00000000   Number         0  stm32f4xx_hal_pwr_ex.o ABSOLUTE
    ..\Drivers\STM32F4xx_HAL_Driver\Src\stm32f4xx_hal_rcc.c 0x00000000   Number         0  stm32f4xx_hal_rcc.o ABSOLUTE
    ..\Drivers\STM32F4xx_HAL_Driver\Src\stm32f4xx_hal_rcc_ex.c 0x00000000   Number         0  stm32f4xx_hal_rcc_ex.o ABSOLUTE
    ..\Drivers\STM32F4xx_HAL_Driver\Src\stm32f4xx_hal_rtc.c 0x00000000   Number         0  stm32f4xx_hal_rtc.o ABSOLUTE
    ..\Drivers\STM32F4xx_HAL_Driver\Src\stm32f4xx_hal_rtc_ex.c 0x00000000   Number         0  stm32f4xx_hal_rtc_ex.o ABSOLUTE
    ..\Drivers\STM32F4xx_HAL_Driver\Src\stm32f4xx_hal_sd.c 0x00000000   Number         0  stm32f4xx_hal_sd.o ABSOLUTE
    ..\Drivers\STM32F4xx_HAL_Driver\Src\stm32f4xx_hal_spi.c 0x00000000   Number         0  stm32f4xx_hal_spi.o ABSOLUTE
    ..\Drivers\STM32F4xx_HAL_Driver\Src\stm32f4xx_hal_tim.c 0x00000000   Number         0  stm32f4xx_hal_tim.o ABSOLUTE
    ..\Drivers\STM32F4xx_HAL_Driver\Src\stm32f4xx_hal_tim_ex.c 0x00000000   Number         0  stm32f4xx_hal_tim_ex.o ABSOLUTE
    ..\Drivers\STM32F4xx_HAL_Driver\Src\stm32f4xx_hal_uart.c 0x00000000   Number         0  stm32f4xx_hal_uart.o ABSOLUTE
    ..\Drivers\STM32F4xx_HAL_Driver\Src\stm32f4xx_ll_sdmmc.c 0x00000000   Number         0  stm32f4xx_ll_sdmmc.o ABSOLUTE
    ..\Middlewares\Third_Party\FreeRTOS\Source\CMSIS_RTOS\cmsis_os.c 0x00000000   Number         0  cmsis_os.o ABSOLUTE
    ..\Middlewares\Third_Party\FreeRTOS\Source\portable\RVDS\ARM_CM4F\port.c 0x00000000   Number         0  port.o ABSOLUTE
    ..\Src\KompObmen.c                       0x00000000   Number         0  kompobmen.o ABSOLUTE
    ..\Src\WorkFunction.c                    0x00000000   Number         0  workfunction.o ABSOLUTE
    ..\Src\crc.c                             0x00000000   Number         0  crc.o ABSOLUTE
    ..\Src\flash.c                           0x00000000   Number         0  flash.o ABSOLUTE
    ..\Src\freertos.c                        0x00000000   Number         0  freertos.o ABSOLUTE
    ..\Src\gpio.c                            0x00000000   Number         0  gpio.o ABSOLUTE
    ..\Src\main.c                            0x00000000   Number         0  main.o ABSOLUTE
    ..\Src\rtc.c                             0x00000000   Number         0  rtc.o ABSOLUTE
    ..\Src\sdio.c                            0x00000000   Number         0  sdio.o ABSOLUTE
    ..\Src\spi.c                             0x00000000   Number         0  spi.o ABSOLUTE
    ..\Src\stm32f4xx_hal_msp.c               0x00000000   Number         0  stm32f4xx_hal_msp.o ABSOLUTE
    ..\Src\stm32f4xx_hal_timebase_TIM.c      0x00000000   Number         0  stm32f4xx_hal_timebase_tim.o ABSOLUTE
    ..\Src\stm32f4xx_it.c                    0x00000000   Number         0  stm32f4xx_it.o ABSOLUTE
    ..\Src\tim.c                             0x00000000   Number         0  tim.o ABSOLUTE
    ..\Src\usart.c                           0x00000000   Number         0  usart.o ABSOLUTE
    ..\\Src\\KompObmen.c                     0x00000000   Number         0  kompobmen.o ABSOLUTE
    ..\\Src\\WorkFunction.c                  0x00000000   Number         0  workfunction.o ABSOLUTE
    ..\\Src\\crc.c                           0x00000000   Number         0  crc.o ABSOLUTE
    ..\\Src\\flash.c                         0x00000000   Number         0  flash.o ABSOLUTE
    dc.s                                     0x00000000   Number         0  dc.o ABSOLUTE
    handlers.s                               0x00000000   Number         0  handlers.o ABSOLUTE
    init.s                                   0x00000000   Number         0  init.o ABSOLUTE
    startup_stm32f407xx.s                    0x00000000   Number         0  startup_stm32f407xx.o ABSOLUTE
    RESET                                    0x08000000   Section      392  startup_stm32f407xx.o(RESET)
    .ARM.Collect$$$$00000000                 0x08000188   Section        0  entry.o(.ARM.Collect$$$$00000000)
    .ARM.Collect$$$$00000001                 0x08000188   Section        4  entry2.o(.ARM.Collect$$$$00000001)
    .ARM.Collect$$$$00000004                 0x0800018c   Section        4  entry5.o(.ARM.Collect$$$$00000004)
    .ARM.Collect$$$$00000008                 0x08000190   Section        0  entry7b.o(.ARM.Collect$$$$00000008)
    .ARM.Collect$$$$0000000A                 0x08000190   Section        0  entry8b.o(.ARM.Collect$$$$0000000A)
    .ARM.Collect$$$$0000000B                 0x08000190   Section        8  entry9a.o(.ARM.Collect$$$$0000000B)
    .ARM.Collect$$$$0000000D                 0x08000198   Section        0  entry10a.o(.ARM.Collect$$$$0000000D)
    .ARM.Collect$$$$0000000F                 0x08000198   Section        0  entry11a.o(.ARM.Collect$$$$0000000F)
    .ARM.Collect$$$$00002712                 0x08000198   Section        4  entry2.o(.ARM.Collect$$$$00002712)
    __lit__00000000                          0x08000198   Data           4  entry2.o(.ARM.Collect$$$$00002712)
    .emb_text                                0x0800019c   Section      186  port.o(.emb_text)
    $v0                                      0x0800019c   Number         0  port.o(.emb_text)
    .text                                    0x08000258   Section       36  startup_stm32f407xx.o(.text)
    $v0                                      0x08000258   Number         0  startup_stm32f407xx.o(.text)
    .text                                    0x0800027c   Section        0  memcpya.o(.text)
    .text                                    0x080002a0   Section        0  memseta.o(.text)
    .text                                    0x080002c4   Section       36  init.o(.text)
    i.ChipSelectUsart2                       0x080002e8   Section        0  usart.o(i.ChipSelectUsart2)
    i.ClearArray                             0x080002f8   Section        0  freertos.o(i.ClearArray)
    i.CmdGetUidDevice                        0x0800031c   Section        0  kompobmen.o(i.CmdGetUidDevice)
    i.CmdTest                                0x080003c0   Section        0  kompobmen.o(i.CmdTest)
    i.CompareDate                            0x08000418   Section        0  freertos.o(i.CompareDate)
    i.Error_Handler                          0x0800044e   Section        0  main.o(i.Error_Handler)
    i.HAL_DMA_Abort_IT                       0x08000450   Section        0  stm32f4xx_hal_dma.o(i.HAL_DMA_Abort_IT)
    i.HAL_Delay                              0x08000474   Section        0  stm32f4xx_hal.o(i.HAL_Delay)
    i.HAL_GPIO_Init                          0x0800048c   Section        0  stm32f4xx_hal_gpio.o(i.HAL_GPIO_Init)
    i.HAL_GPIO_WritePin                      0x0800063c   Section        0  stm32f4xx_hal_gpio.o(i.HAL_GPIO_WritePin)
    i.HAL_GetTick                            0x08000648   Section        0  stm32f4xx_hal.o(i.HAL_GetTick)
    i.HAL_IncTick                            0x08000654   Section        0  stm32f4xx_hal.o(i.HAL_IncTick)
    i.HAL_Init                               0x08000664   Section        0  stm32f4xx_hal.o(i.HAL_Init)
    i.HAL_InitTick                           0x08000698   Section        0  stm32f4xx_hal_timebase_tim.o(i.HAL_InitTick)
    i.HAL_MspInit                            0x0800070c   Section        0  stm32f4xx_hal_msp.o(i.HAL_MspInit)
    i.HAL_NVIC_EnableIRQ                     0x08000764   Section        0  stm32f4xx_hal_cortex.o(i.HAL_NVIC_EnableIRQ)
    i.HAL_NVIC_SetPriority                   0x0800077c   Section        0  stm32f4xx_hal_cortex.o(i.HAL_NVIC_SetPriority)
    i.HAL_NVIC_SetPriorityGrouping           0x080007bc   Section        0  stm32f4xx_hal_cortex.o(i.HAL_NVIC_SetPriorityGrouping)
    i.HAL_RCCEx_PeriphCLKConfig              0x080007e0   Section        0  stm32f4xx_hal_rcc_ex.o(i.HAL_RCCEx_PeriphCLKConfig)
    i.HAL_RCC_ClockConfig                    0x08000930   Section        0  stm32f4xx_hal_rcc.o(i.HAL_RCC_ClockConfig)
    i.HAL_RCC_GetClockConfig                 0x08000aac   Section        0  stm32f4xx_hal_rcc.o(i.HAL_RCC_GetClockConfig)
    i.HAL_RCC_GetHCLKFreq                    0x08000aec   Section        0  stm32f4xx_hal_rcc.o(i.HAL_RCC_GetHCLKFreq)
    i.HAL_RCC_GetPCLK1Freq                   0x08000af8   Section        0  stm32f4xx_hal_rcc.o(i.HAL_RCC_GetPCLK1Freq)
    i.HAL_RCC_GetPCLK2Freq                   0x08000b28   Section        0  stm32f4xx_hal_rcc.o(i.HAL_RCC_GetPCLK2Freq)
    i.HAL_RCC_GetSysClockFreq                0x08000b58   Section        0  stm32f4xx_hal_rcc.o(i.HAL_RCC_GetSysClockFreq)
    i.HAL_RCC_OscConfig                      0x08000bcc   Section        0  stm32f4xx_hal_rcc.o(i.HAL_RCC_OscConfig)
    i.HAL_RTC_Init                           0x08000eb0   Section        0  stm32f4xx_hal_rtc.o(i.HAL_RTC_Init)
    i.HAL_RTC_MspInit                        0x08000f4c   Section        0  rtc.o(i.HAL_RTC_MspInit)
    i.HAL_SD_Get_CardInfo                    0x08000f64   Section        0  stm32f4xx_hal_sd.o(i.HAL_SD_Get_CardInfo)
    i.HAL_SD_IRQHandler                      0x08001218   Section        0  stm32f4xx_hal_sd.o(i.HAL_SD_IRQHandler)
    i.HAL_SD_Init                            0x08001294   Section        0  stm32f4xx_hal_sd.o(i.HAL_SD_Init)
    i.HAL_SD_MspInit                         0x08001334   Section        0  sdio.o(i.HAL_SD_MspInit)
    i.HAL_SD_WideBusOperation_Config         0x080013a8   Section        0  stm32f4xx_hal_sd.o(i.HAL_SD_WideBusOperation_Config)
    i.HAL_SD_XferCpltCallback                0x08001406   Section        0  stm32f4xx_hal_sd.o(i.HAL_SD_XferCpltCallback)
    i.HAL_SD_XferErrorCallback               0x08001408   Section        0  stm32f4xx_hal_sd.o(i.HAL_SD_XferErrorCallback)
    i.HAL_SPI_ErrorCallback                  0x0800140a   Section        0  stm32f4xx_hal_spi.o(i.HAL_SPI_ErrorCallback)
    i.HAL_SPI_IRQHandler                     0x0800140c   Section        0  stm32f4xx_hal_spi.o(i.HAL_SPI_IRQHandler)
    i.HAL_SPI_Init                           0x080014e0   Section        0  stm32f4xx_hal_spi.o(i.HAL_SPI_Init)
    i.HAL_SPI_MspInit                        0x08001560   Section        0  spi.o(i.HAL_SPI_MspInit)
    i.HAL_SYSTICK_CLKSourceConfig            0x080015bc   Section        0  stm32f4xx_hal_cortex.o(i.HAL_SYSTICK_CLKSourceConfig)
    i.HAL_SYSTICK_Config                     0x080015d4   Section        0  stm32f4xx_hal_cortex.o(i.HAL_SYSTICK_Config)
    i.HAL_TIMEx_BreakCallback                0x080015fc   Section        0  stm32f4xx_hal_tim_ex.o(i.HAL_TIMEx_BreakCallback)
    i.HAL_TIMEx_CommutationCallback          0x080015fe   Section        0  stm32f4xx_hal_tim_ex.o(i.HAL_TIMEx_CommutationCallback)
    i.HAL_TIMEx_MasterConfigSynchronization  0x08001600   Section        0  stm32f4xx_hal_tim_ex.o(i.HAL_TIMEx_MasterConfigSynchronization)
    i.HAL_TIM_Base_Init                      0x08001650   Section        0  stm32f4xx_hal_tim.o(i.HAL_TIM_Base_Init)
    i.HAL_TIM_Base_MspInit                   0x08001686   Section        0  stm32f4xx_hal_tim.o(i.HAL_TIM_Base_MspInit)
    i.HAL_TIM_Base_Start_IT                  0x08001688   Section        0  stm32f4xx_hal_tim.o(i.HAL_TIM_Base_Start_IT)
    i.HAL_TIM_IC_CaptureCallback             0x080016a0   Section        0  stm32f4xx_hal_tim.o(i.HAL_TIM_IC_CaptureCallback)
    i.HAL_TIM_IRQHandler                     0x080016a2   Section        0  stm32f4xx_hal_tim.o(i.HAL_TIM_IRQHandler)
    i.HAL_TIM_MspPostInit                    0x08001808   Section        0  tim.o(i.HAL_TIM_MspPostInit)
    i.HAL_TIM_OC_DelayElapsedCallback        0x08001838   Section        0  stm32f4xx_hal_tim.o(i.HAL_TIM_OC_DelayElapsedCallback)
    i.HAL_TIM_PWM_ConfigChannel              0x0800183a   Section        0  stm32f4xx_hal_tim.o(i.HAL_TIM_PWM_ConfigChannel)
    i.HAL_TIM_PWM_Init                       0x0800190a   Section        0  stm32f4xx_hal_tim.o(i.HAL_TIM_PWM_Init)
    i.HAL_TIM_PWM_MspInit                    0x08001940   Section        0  tim.o(i.HAL_TIM_PWM_MspInit)
    i.HAL_TIM_PWM_PulseFinishedCallback      0x08001968   Section        0  stm32f4xx_hal_tim.o(i.HAL_TIM_PWM_PulseFinishedCallback)
    i.HAL_TIM_PeriodElapsedCallback          0x0800196c   Section        0  main.o(i.HAL_TIM_PeriodElapsedCallback)
    i.HAL_TIM_TriggerCallback                0x08001980   Section        0  stm32f4xx_hal_tim.o(i.HAL_TIM_TriggerCallback)
    i.HAL_UART_ErrorCallback                 0x08001982   Section        0  stm32f4xx_hal_uart.o(i.HAL_UART_ErrorCallback)
    i.HAL_UART_IRQHandler                    0x08001984   Section        0  stm32f4xx_hal_uart.o(i.HAL_UART_IRQHandler)
    i.HAL_UART_Init                          0x08001a94   Section        0  stm32f4xx_hal_uart.o(i.HAL_UART_Init)
    i.HAL_UART_MspInit                       0x08001af8   Section        0  usart.o(i.HAL_UART_MspInit)
    i.HAL_UART_Receive_IT                    0x08001b8c   Section        0  stm32f4xx_hal_uart.o(i.HAL_UART_Receive_IT)
    i.HAL_UART_RxCpltCallback                0x08001bd4   Section        0  stm32f4xx_hal_uart.o(i.HAL_UART_RxCpltCallback)
    i.HAL_UART_Transmit_IT                   0x08001bd6   Section        0  stm32f4xx_hal_uart.o(i.HAL_UART_Transmit_IT)
    i.HAL_UART_TxCpltCallback                0x08001c14   Section        0  stm32f4xx_hal_uart.o(i.HAL_UART_TxCpltCallback)
    i.KompObmenThred                         0x08001c18   Section        0  freertos.o(i.KompObmenThred)
    i.MX_FREERTOS_Init                       0x08001c8c   Section        0  freertos.o(i.MX_FREERTOS_Init)
    i.MX_GPIO_Init                           0x08001ce0   Section        0  gpio.o(i.MX_GPIO_Init)
    i.MX_RTC_Init                            0x08001df0   Section        0  rtc.o(i.MX_RTC_Init)
    i.MX_SDIO_SD_Init                        0x08001e24   Section        0  sdio.o(i.MX_SDIO_SD_Init)
    i.MX_SPI1_Init                           0x08001e60   Section        0  spi.o(i.MX_SPI1_Init)
    i.MX_TIM4_Init                           0x08001ea0   Section        0  tim.o(i.MX_TIM4_Init)
    i.MX_USART1_UART_Init                    0x08001efc   Section        0  usart.o(i.MX_USART1_UART_Init)
    i.MX_USART2_UART_Init                    0x08001f34   Section        0  usart.o(i.MX_USART2_UART_Init)
    i.MainThred                              0x08001f6c   Section        0  freertos.o(i.MainThred)
    i.NVIC_SetPriority                       0x08001f74   Section        0  stm32f4xx_hal_cortex.o(i.NVIC_SetPriority)
    NVIC_SetPriority                         0x08001f75   Thumb Code    32  stm32f4xx_hal_cortex.o(i.NVIC_SetPriority)
    i.RTC_EnterInitMode                      0x08001f94   Section        0  stm32f4xx_hal_rtc.o(i.RTC_EnterInitMode)
    i.ReadAdresFlash                         0x08001fce   Section        0  flash.o(i.ReadAdresFlash)
    i.SDIO_DataConfig                        0x08001fd2   Section        0  stm32f4xx_ll_sdmmc.o(i.SDIO_DataConfig)
    i.SDIO_GetCommandResponse                0x08001ff6   Section        0  stm32f4xx_ll_sdmmc.o(i.SDIO_GetCommandResponse)
    i.SDIO_GetPowerState                     0x08001ffc   Section        0  stm32f4xx_ll_sdmmc.o(i.SDIO_GetPowerState)
    i.SDIO_GetResponse                       0x08002004   Section        0  stm32f4xx_ll_sdmmc.o(i.SDIO_GetResponse)
    i.SDIO_IRQHandler                        0x08002014   Section        0  stm32f4xx_it.o(i.SDIO_IRQHandler)
    i.SDIO_Init                              0x08002020   Section        0  stm32f4xx_ll_sdmmc.o(i.SDIO_Init)
    i.SDIO_PowerState_ON                     0x08002044   Section        0  stm32f4xx_ll_sdmmc.o(i.SDIO_PowerState_ON)
    i.SDIO_ReadFIFO                          0x0800204c   Section        0  stm32f4xx_ll_sdmmc.o(i.SDIO_ReadFIFO)
    i.SDIO_SendCommand                       0x08002052   Section        0  stm32f4xx_ll_sdmmc.o(i.SDIO_SendCommand)
    i.SD_CmdResp1Error                       0x08002074   Section        0  stm32f4xx_hal_sd.o(i.SD_CmdResp1Error)
    SD_CmdResp1Error                         0x08002075   Thumb Code   230  stm32f4xx_hal_sd.o(i.SD_CmdResp1Error)
    i.SD_CmdResp2Error                       0x08002160   Section        0  stm32f4xx_hal_sd.o(i.SD_CmdResp2Error)
    SD_CmdResp2Error                         0x08002161   Thumb Code    46  stm32f4xx_hal_sd.o(i.SD_CmdResp2Error)
    i.SD_CmdResp6Error                       0x0800218e   Section        0  stm32f4xx_hal_sd.o(i.SD_CmdResp6Error)
    SD_CmdResp6Error                         0x0800218f   Thumb Code   114  stm32f4xx_hal_sd.o(i.SD_CmdResp6Error)
    i.SD_CmdResp7Error                       0x08002200   Section        0  stm32f4xx_hal_sd.o(i.SD_CmdResp7Error)
    SD_CmdResp7Error                         0x08002201   Thumb Code    64  stm32f4xx_hal_sd.o(i.SD_CmdResp7Error)
    i.SD_FindSCR                             0x08002240   Section        0  stm32f4xx_hal_sd.o(i.SD_FindSCR)
    SD_FindSCR                               0x08002241   Thumb Code   266  stm32f4xx_hal_sd.o(i.SD_FindSCR)
    i.SD_Initialize_Cards                    0x0800234a   Section        0  stm32f4xx_hal_sd.o(i.SD_Initialize_Cards)
    SD_Initialize_Cards                      0x0800234b   Thumb Code   220  stm32f4xx_hal_sd.o(i.SD_Initialize_Cards)
    i.SD_PowerON                             0x08002428   Section        0  stm32f4xx_hal_sd.o(i.SD_PowerON)
    SD_PowerON                               0x08002429   Thumb Code   364  stm32f4xx_hal_sd.o(i.SD_PowerON)
    i.SD_WideBus_Disable                     0x0800259c   Section        0  stm32f4xx_hal_sd.o(i.SD_WideBus_Disable)
    SD_WideBus_Disable                       0x0800259d   Thumb Code   114  stm32f4xx_hal_sd.o(i.SD_WideBus_Disable)
    i.SD_WideBus_Enable                      0x0800260e   Section        0  stm32f4xx_hal_sd.o(i.SD_WideBus_Enable)
    SD_WideBus_Enable                        0x0800260f   Thumb Code   116  stm32f4xx_hal_sd.o(i.SD_WideBus_Enable)
    i.SPI1_IRQHandler                        0x08002684   Section        0  stm32f4xx_it.o(i.SPI1_IRQHandler)
    i.SPI_DMAAbortOnError                    0x08002690   Section        0  stm32f4xx_hal_spi.o(i.SPI_DMAAbortOnError)
    SPI_DMAAbortOnError                      0x08002691   Thumb Code    16  stm32f4xx_hal_spi.o(i.SPI_DMAAbortOnError)
    i.SysTick_Handler                        0x080026a0   Section        0  stm32f4xx_it.o(i.SysTick_Handler)
    i.SystemClock_Config                     0x080026a4   Section        0  main.o(i.SystemClock_Config)
    i.SystemInit                             0x08002758   Section        0  system_stm32f4xx.o(i.SystemInit)
    i.TIM6_DAC_IRQHandler                    0x080027ac   Section        0  stm32f4xx_it.o(i.TIM6_DAC_IRQHandler)
    i.TIM_Base_SetConfig                     0x080027b8   Section        0  stm32f4xx_hal_tim.o(i.TIM_Base_SetConfig)
    i.TIM_OC1_SetConfig                      0x08002878   Section        0  stm32f4xx_hal_tim.o(i.TIM_OC1_SetConfig)
    TIM_OC1_SetConfig                        0x08002879   Thumb Code    80  stm32f4xx_hal_tim.o(i.TIM_OC1_SetConfig)
    i.TIM_OC2_SetConfig                      0x080028d0   Section        0  stm32f4xx_hal_tim.o(i.TIM_OC2_SetConfig)
    i.TIM_OC3_SetConfig                      0x08002934   Section        0  stm32f4xx_hal_tim.o(i.TIM_OC3_SetConfig)
    TIM_OC3_SetConfig                        0x08002935   Thumb Code    88  stm32f4xx_hal_tim.o(i.TIM_OC3_SetConfig)
    i.TIM_OC4_SetConfig                      0x08002994   Section        0  stm32f4xx_hal_tim.o(i.TIM_OC4_SetConfig)
    TIM_OC4_SetConfig                        0x08002995   Thumb Code    70  stm32f4xx_hal_tim.o(i.TIM_OC4_SetConfig)
    i.UART_DMAAbortOnError                   0x080029e4   Section        0  stm32f4xx_hal_uart.o(i.UART_DMAAbortOnError)
    UART_DMAAbortOnError                     0x080029e5   Thumb Code    16  stm32f4xx_hal_uart.o(i.UART_DMAAbortOnError)
    i.UART_EndRxTransfer                     0x080029f4   Section        0  stm32f4xx_hal_uart.o(i.UART_EndRxTransfer)
    UART_EndRxTransfer                       0x080029f5   Thumb Code    28  stm32f4xx_hal_uart.o(i.UART_EndRxTransfer)
    i.UART_Receive_IT                        0x08002a10   Section        0  stm32f4xx_hal_uart.o(i.UART_Receive_IT)
    UART_Receive_IT                          0x08002a11   Thumb Code   140  stm32f4xx_hal_uart.o(i.UART_Receive_IT)
    i.UART_SetConfig                         0x08002a9c   Section        0  stm32f4xx_hal_uart.o(i.UART_SetConfig)
    UART_SetConfig                           0x08002a9d   Thumb Code   676  stm32f4xx_hal_uart.o(i.UART_SetConfig)
    i.UART_Transmit_IT                       0x08002d48   Section        0  stm32f4xx_hal_uart.o(i.UART_Transmit_IT)
    UART_Transmit_IT                         0x08002d49   Thumb Code    98  stm32f4xx_hal_uart.o(i.UART_Transmit_IT)
    i.USART1_IRQHandler                      0x08002dac   Section        0  stm32f4xx_it.o(i.USART1_IRQHandler)
    i.USART2_IRQHandler                      0x08002db8   Section        0  stm32f4xx_it.o(i.USART2_IRQHandler)
    i.ValveAir                               0x08002de4   Section        0  workfunction.o(i.ValveAir)
    i.WorkFuncThred                          0x08002df4   Section        0  freertos.o(i.WorkFuncThred)
    i.__scatterload_copy                     0x08002dfc   Section       14  handlers.o(i.__scatterload_copy)
    i.__scatterload_null                     0x08002e0a   Section        2  handlers.o(i.__scatterload_null)
    i.__scatterload_zeroinit                 0x08002e0c   Section       14  handlers.o(i.__scatterload_zeroinit)
    i.crc16                                  0x08002e1c   Section        0  crc.o(i.crc16)
    i.main                                   0x08002e54   Section        0  main.o(i.main)
    i.makeFreeRtosPriority                   0x08002e82   Section        0  cmsis_os.o(i.makeFreeRtosPriority)
    makeFreeRtosPriority                     0x08002e83   Thumb Code    12  cmsis_os.o(i.makeFreeRtosPriority)
    i.osDelay                                0x08002e8e   Section        0  cmsis_os.o(i.osDelay)
    i.osKernelStart                          0x08002e9c   Section        0  cmsis_os.o(i.osKernelStart)
    i.osSystickHandler                       0x08002ea6   Section        0  cmsis_os.o(i.osSystickHandler)
    i.osThreadCreate                         0x08002eba   Section        0  cmsis_os.o(i.osThreadCreate)
    i.prvAddCurrentTaskToDelayedList         0x08002ef4   Section        0  tasks.o(i.prvAddCurrentTaskToDelayedList)
    prvAddCurrentTaskToDelayedList           0x08002ef5   Thumb Code    48  tasks.o(i.prvAddCurrentTaskToDelayedList)
    i.prvCheckTasksWaitingTermination        0x08002f28   Section        0  tasks.o(i.prvCheckTasksWaitingTermination)
    prvCheckTasksWaitingTermination          0x08002f29   Thumb Code    76  tasks.o(i.prvCheckTasksWaitingTermination)
    i.prvHeapInit                            0x08002f7c   Section        0  heap_4.o(i.prvHeapInit)
    prvHeapInit                              0x08002f7d   Thumb Code    64  heap_4.o(i.prvHeapInit)
    i.prvIdleTask                            0x08002fc4   Section        0  tasks.o(i.prvIdleTask)
    prvIdleTask                              0x08002fc5   Thumb Code    30  tasks.o(i.prvIdleTask)
    i.prvInsertBlockIntoFreeList             0x08002fec   Section        0  heap_4.o(i.prvInsertBlockIntoFreeList)
    prvInsertBlockIntoFreeList               0x08002fed   Thumb Code    72  heap_4.o(i.prvInsertBlockIntoFreeList)
    i.prvResetNextTaskUnblockTime            0x08003038   Section        0  tasks.o(i.prvResetNextTaskUnblockTime)
    prvResetNextTaskUnblockTime              0x08003039   Thumb Code    26  tasks.o(i.prvResetNextTaskUnblockTime)
    i.prvTaskExitError                       0x08003058   Section        0  port.o(i.prvTaskExitError)
    prvTaskExitError                         0x08003059   Thumb Code    36  port.o(i.prvTaskExitError)
    i.pvPortMalloc                           0x08003080   Section        0  heap_4.o(i.pvPortMalloc)
    i.pxPortInitialiseStack                  0x08003158   Section        0  port.o(i.pxPortInitialiseStack)
    i.uxListRemove                           0x08003180   Section        0  list.o(i.uxListRemove)
    i.vListInitialise                        0x080031a4   Section        0  list.o(i.vListInitialise)
    i.vListInitialiseItem                    0x080031ba   Section        0  list.o(i.vListInitialiseItem)
    i.vListInsert                            0x080031c0   Section        0  list.o(i.vListInsert)
    i.vListInsertEnd                         0x080031f0   Section        0  list.o(i.vListInsertEnd)
    i.vPortEnterCritical                     0x08003208   Section        0  port.o(i.vPortEnterCritical)
    i.vPortExitCritical                      0x08003248   Section        0  port.o(i.vPortExitCritical)
    i.vPortFree                              0x08003270   Section        0  heap_4.o(i.vPortFree)
    i.vPortSetupTimerInterrupt               0x080032cc   Section        0  port.o(i.vPortSetupTimerInterrupt)
    i.vTaskDelay                             0x080032ec   Section        0  tasks.o(i.vTaskDelay)
    i.vTaskStartScheduler                    0x08003354   Section        0  tasks.o(i.vTaskStartScheduler)
    i.vTaskSuspendAll                        0x080033bc   Section        0  tasks.o(i.vTaskSuspendAll)
    i.vTaskSwitchContext                     0x080033cc   Section        0  tasks.o(i.vTaskSwitchContext)
    i.xPortStartScheduler                    0x08003428   Section        0  port.o(i.xPortStartScheduler)
    i.xPortSysTickHandler                    0x08003508   Section        0  port.o(i.xPortSysTickHandler)
    i.xTaskGenericCreate                     0x08003534   Section        0  tasks.o(i.xTaskGenericCreate)
    i.xTaskGetSchedulerState                 0x080036f0   Section        0  tasks.o(i.xTaskGetSchedulerState)
    i.xTaskIncrementTick                     0x0800370c   Section        0  tasks.o(i.xTaskIncrementTick)
    i.xTaskResumeAll                         0x080037d8   Section        0  tasks.o(i.xTaskResumeAll)
    .constdata                               0x0800389c   Section       60  freertos.o(.constdata)
    .constdata                               0x080038d8   Section       16  stm32f4xx_hal_rcc.o(.constdata)
    .conststring                             0x080038e8   Section       36  freertos.o(.conststring)
    .data                                    0x20000000   Section       16  freertos.o(.data)
    .data                                    0x20000010   Section       16  kompobmen.o(.data)
    .data                                    0x20000020   Section        4  stm32f4xx_hal.o(.data)
    .data                                    0x20000024   Section        4  system_stm32f4xx.o(.data)
    .data                                    0x20000028   Section       12  port.o(.data)
    ucMaxSysCallPriority                     0x20000028   Data           1  port.o(.data)
    uxCriticalNesting                        0x2000002c   Data           4  port.o(.data)
    ulMaxPRIGROUPValue                       0x20000030   Data           4  port.o(.data)
    .data                                    0x20000034   Section       56  tasks.o(.data)
    uxTasksDeleted                           0x20000038   Data           4  tasks.o(.data)
    uxCurrentNumberOfTasks                   0x2000003c   Data           4  tasks.o(.data)
    xTickCount                               0x20000040   Data           4  tasks.o(.data)
    uxTopReadyPriority                       0x20000044   Data           4  tasks.o(.data)
    xSchedulerRunning                        0x20000048   Data           4  tasks.o(.data)
    uxPendedTicks                            0x2000004c   Data           4  tasks.o(.data)
    xYieldPending                            0x20000050   Data           4  tasks.o(.data)
    xNumOfOverflows                          0x20000054   Data           4  tasks.o(.data)
    uxTaskNumber                             0x20000058   Data           4  tasks.o(.data)
    xNextTaskUnblockTime                     0x2000005c   Data           4  tasks.o(.data)
    uxSchedulerSuspended                     0x20000060   Data           4  tasks.o(.data)
    pxDelayedTaskList                        0x20000064   Data           4  tasks.o(.data)
    pxOverflowDelayedTaskList                0x20000068   Data           4  tasks.o(.data)
    .data                                    0x2000006c   Section       24  heap_4.o(.data)
    pxEnd                                    0x2000006c   Data           4  heap_4.o(.data)
    xFreeBytesRemaining                      0x20000070   Data           4  heap_4.o(.data)
    xMinimumEverFreeBytesRemaining           0x20000074   Data           4  heap_4.o(.data)
    xBlockAllocatedBit                       0x20000078   Data           4  heap_4.o(.data)
    xStart                                   0x2000007c   Data           8  heap_4.o(.data)
    .bss                                     0x20000084   Section       60  tim.o(.bss)
    .bss                                     0x200000c0   Section       88  spi.o(.bss)
    .bss                                     0x20000118   Section      184  sdio.o(.bss)
    .bss                                     0x200001d0   Section       60  stm32f4xx_hal_timebase_tim.o(.bss)
    .bss                                     0x2000020c   Section       32  rtc.o(.bss)
    .bss                                     0x2000022c   Section      128  usart.o(.bss)
    .bss                                     0x200002ac   Section      255  freertos.o(.bss)
    .bss                                     0x200003ab   Section      255  freertos.o(.bss)
    .bss                                     0x200004ac   Section      240  tasks.o(.bss)
    pxReadyTasksLists                        0x200004ac   Data         140  tasks.o(.bss)
    xDelayedTaskList1                        0x20000538   Data          20  tasks.o(.bss)
    xDelayedTaskList2                        0x2000054c   Data          20  tasks.o(.bss)
    xPendingReadyList                        0x20000560   Data          20  tasks.o(.bss)
    xTasksWaitingTermination                 0x20000574   Data          20  tasks.o(.bss)
    xSuspendedTaskList                       0x20000588   Data          20  tasks.o(.bss)
    .bss                                     0x2000059c   Section    20000  heap_4.o(.bss)
    ucHeap                                   0x2000059c   Data       20000  heap_4.o(.bss)
    STACK                                    0x200053c0   Section     1024  startup_stm32f407xx.o(STACK)

    Global Symbols

    Symbol Name                              Value     Ov Type        Size  Object(Section)

    BuildAttributes$$THM_ISAv4$E$P$D$K$B$S$7EM$VFPi3$EXTD16$VFPS$VFMA$PE$A:L22UL41UL21$X:L11$S22US41US21$IEEE1$IW$USESV6$~STKCKD$USESV7$~SHL$OSPACE$EBA8$MICROLIB$REQ8$PRES8$EABIv2 0x00000000   Number         0  anon$$obj.o ABSOLUTE
    __ARM_use_no_argv                        0x00000000   Number         0  main.o ABSOLUTE
    __cpp_initialize__aeabi_                  - Undefined Weak Reference
    __cxa_finalize                            - Undefined Weak Reference
    __decompress                              - Undefined Weak Reference
    _clock_init                               - Undefined Weak Reference
    _microlib_exit                            - Undefined Weak Reference
    __Vectors_Size                           0x00000188   Number         0  startup_stm32f407xx.o ABSOLUTE
    __Vectors                                0x08000000   Data           4  startup_stm32f407xx.o(RESET)
    __Vectors_End                            0x08000188   Data           0  startup_stm32f407xx.o(RESET)
    __main                                   0x08000189   Thumb Code     0  entry.o(.ARM.Collect$$$$00000000)
    _main_stk                                0x08000189   Thumb Code     0  entry2.o(.ARM.Collect$$$$00000001)
    _main_scatterload                        0x0800018d   Thumb Code     0  entry5.o(.ARM.Collect$$$$00000004)
    __main_after_scatterload                 0x08000191   Thumb Code     0  entry5.o(.ARM.Collect$$$$00000004)
    _main_clock                              0x08000191   Thumb Code     0  entry7b.o(.ARM.Collect$$$$00000008)
    _main_cpp_init                           0x08000191   Thumb Code     0  entry8b.o(.ARM.Collect$$$$0000000A)
    _main_init                               0x08000191   Thumb Code     0  entry9a.o(.ARM.Collect$$$$0000000B)
    __rt_final_cpp                           0x08000199   Thumb Code     0  entry10a.o(.ARM.Collect$$$$0000000D)
    __rt_final_exit                          0x08000199   Thumb Code     0  entry11a.o(.ARM.Collect$$$$0000000F)
    SVC_Handler                              0x0800019d   Thumb Code    28  port.o(.emb_text)
    __asm___6_port_c_39a90d8d__prvStartFirstTask 0x080001bd   Thumb Code    28  port.o(.emb_text)
    __asm___6_port_c_39a90d8d__prvEnableVFP  0x080001dd   Thumb Code    16  port.o(.emb_text)
    PendSV_Handler                           0x080001f1   Thumb Code    92  port.o(.emb_text)
    vPortGetIPSR                             0x08000251   Thumb Code     6  port.o(.emb_text)
    Reset_Handler                            0x08000259   Thumb Code     8  startup_stm32f407xx.o(.text)
    NMI_Handler                              0x08000261   Thumb Code     2  startup_stm32f407xx.o(.text)
    HardFault_Handler                        0x08000263   Thumb Code     2  startup_stm32f407xx.o(.text)
    MemManage_Handler                        0x08000265   Thumb Code     2  startup_stm32f407xx.o(.text)
    BusFault_Handler                         0x08000267   Thumb Code     2  startup_stm32f407xx.o(.text)
    UsageFault_Handler                       0x08000269   Thumb Code     2  startup_stm32f407xx.o(.text)
    DebugMon_Handler                         0x0800026d   Thumb Code     2  startup_stm32f407xx.o(.text)
    ADC_IRQHandler                           0x08000273   Thumb Code     0  startup_stm32f407xx.o(.text)
    CAN1_RX0_IRQHandler                      0x08000273   Thumb Code     0  startup_stm32f407xx.o(.text)
    CAN1_RX1_IRQHandler                      0x08000273   Thumb Code     0  startup_stm32f407xx.o(.text)
    CAN1_SCE_IRQHandler                      0x08000273   Thumb Code     0  startup_stm32f407xx.o(.text)
    CAN1_TX_IRQHandler                       0x08000273   Thumb Code     0  startup_stm32f407xx.o(.text)
    CAN2_RX0_IRQHandler                      0x08000273   Thumb Code     0  startup_stm32f407xx.o(.text)
    CAN2_RX1_IRQHandler                      0x08000273   Thumb Code     0  startup_stm32f407xx.o(.text)
    CAN2_SCE_IRQHandler                      0x08000273   Thumb Code     0  startup_stm32f407xx.o(.text)
    CAN2_TX_IRQHandler                       0x08000273   Thumb Code     0  startup_stm32f407xx.o(.text)
    DCMI_IRQHandler                          0x08000273   Thumb Code     0  startup_stm32f407xx.o(.text)
    DMA1_Stream0_IRQHandler                  0x08000273   Thumb Code     0  startup_stm32f407xx.o(.text)
    DMA1_Stream1_IRQHandler                  0x08000273   Thumb Code     0  startup_stm32f407xx.o(.text)
    DMA1_Stream2_IRQHandler                  0x08000273   Thumb Code     0  startup_stm32f407xx.o(.text)
    DMA1_Stream3_IRQHandler                  0x08000273   Thumb Code     0  startup_stm32f407xx.o(.text)
    DMA1_Stream4_IRQHandler                  0x08000273   Thumb Code     0  startup_stm32f407xx.o(.text)
    DMA1_Stream5_IRQHandler                  0x08000273   Thumb Code     0  startup_stm32f407xx.o(.text)
    DMA1_Stream6_IRQHandler                  0x08000273   Thumb Code     0  startup_stm32f407xx.o(.text)
    DMA1_Stream7_IRQHandler                  0x08000273   Thumb Code     0  startup_stm32f407xx.o(.text)
    DMA2_Stream0_IRQHandler                  0x08000273   Thumb Code     0  startup_stm32f407xx.o(.text)
    DMA2_Stream1_IRQHandler                  0x08000273   Thumb Code     0  startup_stm32f407xx.o(.text)
    DMA2_Stream2_IRQHandler                  0x08000273   Thumb Code     0  startup_stm32f407xx.o(.text)
    DMA2_Stream3_IRQHandler                  0x08000273   Thumb Code     0  startup_stm32f407xx.o(.text)
    DMA2_Stream4_IRQHandler                  0x08000273   Thumb Code     0  startup_stm32f407xx.o(.text)
    DMA2_Stream5_IRQHandler                  0x08000273   Thumb Code     0  startup_stm32f407xx.o(.text)
    DMA2_Stream6_IRQHandler                  0x08000273   Thumb Code     0  startup_stm32f407xx.o(.text)
    DMA2_Stream7_IRQHandler                  0x08000273   Thumb Code     0  startup_stm32f407xx.o(.text)
    ETH_IRQHandler                           0x08000273   Thumb Code     0  startup_stm32f407xx.o(.text)
    ETH_WKUP_IRQHandler                      0x08000273   Thumb Code     0  startup_stm32f407xx.o(.text)
    EXTI0_IRQHandler                         0x08000273   Thumb Code     0  startup_stm32f407xx.o(.text)
    EXTI15_10_IRQHandler                     0x08000273   Thumb Code     0  startup_stm32f407xx.o(.text)
    EXTI1_IRQHandler                         0x08000273   Thumb Code     0  startup_stm32f407xx.o(.text)
    EXTI2_IRQHandler                         0x08000273   Thumb Code     0  startup_stm32f407xx.o(.text)
    EXTI3_IRQHandler                         0x08000273   Thumb Code     0  startup_stm32f407xx.o(.text)
    EXTI4_IRQHandler                         0x08000273   Thumb Code     0  startup_stm32f407xx.o(.text)
    EXTI9_5_IRQHandler                       0x08000273   Thumb Code     0  startup_stm32f407xx.o(.text)
    FLASH_IRQHandler                         0x08000273   Thumb Code     0  startup_stm32f407xx.o(.text)
    FMC_IRQHandler                           0x08000273   Thumb Code     0  startup_stm32f407xx.o(.text)
    FPU_IRQHandler                           0x08000273   Thumb Code     0  startup_stm32f407xx.o(.text)
    HASH_RNG_IRQHandler                      0x08000273   Thumb Code     0  startup_stm32f407xx.o(.text)
    I2C1_ER_IRQHandler                       0x08000273   Thumb Code     0  startup_stm32f407xx.o(.text)
    I2C1_EV_IRQHandler                       0x08000273   Thumb Code     0  startup_stm32f407xx.o(.text)
    I2C2_ER_IRQHandler                       0x08000273   Thumb Code     0  startup_stm32f407xx.o(.text)
    I2C2_EV_IRQHandler                       0x08000273   Thumb Code     0  startup_stm32f407xx.o(.text)
    I2C3_ER_IRQHandler                       0x08000273   Thumb Code     0  startup_stm32f407xx.o(.text)
    I2C3_EV_IRQHandler                       0x08000273   Thumb Code     0  startup_stm32f407xx.o(.text)
    OTG_FS_IRQHandler                        0x08000273   Thumb Code     0  startup_stm32f407xx.o(.text)
    OTG_FS_WKUP_IRQHandler                   0x08000273   Thumb Code     0  startup_stm32f407xx.o(.text)
    OTG_HS_EP1_IN_IRQHandler                 0x08000273   Thumb Code     0  startup_stm32f407xx.o(.text)
    OTG_HS_EP1_OUT_IRQHandler                0x08000273   Thumb Code     0  startup_stm32f407xx.o(.text)
    OTG_HS_IRQHandler                        0x08000273   Thumb Code     0  startup_stm32f407xx.o(.text)
    OTG_HS_WKUP_IRQHandler                   0x08000273   Thumb Code     0  startup_stm32f407xx.o(.text)
    PVD_IRQHandler                           0x08000273   Thumb Code     0  startup_stm32f407xx.o(.text)
    RCC_IRQHandler                           0x08000273   Thumb Code     0  startup_stm32f407xx.o(.text)
    RTC_Alarm_IRQHandler                     0x08000273   Thumb Code     0  startup_stm32f407xx.o(.text)
    RTC_WKUP_IRQHandler                      0x08000273   Thumb Code     0  startup_stm32f407xx.o(.text)
    SPI2_IRQHandler                          0x08000273   Thumb Code     0  startup_stm32f407xx.o(.text)
    SPI3_IRQHandler                          0x08000273   Thumb Code     0  startup_stm32f407xx.o(.text)
    TAMP_STAMP_IRQHandler                    0x08000273   Thumb Code     0  startup_stm32f407xx.o(.text)
    TIM1_BRK_TIM9_IRQHandler                 0x08000273   Thumb Code     0  startup_stm32f407xx.o(.text)
    TIM1_CC_IRQHandler                       0x08000273   Thumb Code     0  startup_stm32f407xx.o(.text)
    TIM1_TRG_COM_TIM11_IRQHandler            0x08000273   Thumb Code     0  startup_stm32f407xx.o(.text)
    TIM1_UP_TIM10_IRQHandler                 0x08000273   Thumb Code     0  startup_stm32f407xx.o(.text)
    TIM2_IRQHandler                          0x08000273   Thumb Code     0  startup_stm32f407xx.o(.text)
    TIM3_IRQHandler                          0x08000273   Thumb Code     0  startup_stm32f407xx.o(.text)
    TIM4_IRQHandler                          0x08000273   Thumb Code     0  startup_stm32f407xx.o(.text)
    TIM5_IRQHandler                          0x08000273   Thumb Code     0  startup_stm32f407xx.o(.text)
    TIM7_IRQHandler                          0x08000273   Thumb Code     0  startup_stm32f407xx.o(.text)
    TIM8_BRK_TIM12_IRQHandler                0x08000273   Thumb Code     0  startup_stm32f407xx.o(.text)
    TIM8_CC_IRQHandler                       0x08000273   Thumb Code     0  startup_stm32f407xx.o(.text)
    TIM8_TRG_COM_TIM14_IRQHandler            0x08000273   Thumb Code     0  startup_stm32f407xx.o(.text)
    TIM8_UP_TIM13_IRQHandler                 0x08000273   Thumb Code     0  startup_stm32f407xx.o(.text)
    UART4_IRQHandler                         0x08000273   Thumb Code     0  startup_stm32f407xx.o(.text)
    UART5_IRQHandler                         0x08000273   Thumb Code     0  startup_stm32f407xx.o(.text)
    USART3_IRQHandler                        0x08000273   Thumb Code     0  startup_stm32f407xx.o(.text)
    USART6_IRQHandler                        0x08000273   Thumb Code     0  startup_stm32f407xx.o(.text)
    WWDG_IRQHandler                          0x08000273   Thumb Code     0  startup_stm32f407xx.o(.text)
    __aeabi_memcpy                           0x0800027d   Thumb Code    36  memcpya.o(.text)
    __aeabi_memcpy4                          0x0800027d   Thumb Code     0  memcpya.o(.text)
    __aeabi_memcpy8                          0x0800027d   Thumb Code     0  memcpya.o(.text)
    __aeabi_memset                           0x080002a1   Thumb Code    14  memseta.o(.text)
    __aeabi_memset4                          0x080002a1   Thumb Code     0  memseta.o(.text)
    __aeabi_memset8                          0x080002a1   Thumb Code     0  memseta.o(.text)
    __aeabi_memclr                           0x080002af   Thumb Code     4  memseta.o(.text)
    __aeabi_memclr4                          0x080002af   Thumb Code     0  memseta.o(.text)
    __aeabi_memclr8                          0x080002af   Thumb Code     0  memseta.o(.text)
    _memset$wrapper                          0x080002b3   Thumb Code    18  memseta.o(.text)
    __scatterload                            0x080002c5   Thumb Code    28  init.o(.text)
    __scatterload_rt2                        0x080002c5   Thumb Code     0  init.o(.text)
    ChipSelectUsart2                         0x080002e9   Thumb Code    10  usart.o(i.ChipSelectUsart2)
    ClearArray                               0x080002f9   Thumb Code    32  freertos.o(i.ClearArray)
    CmdGetUidDevice                          0x0800031d   Thumb Code   148  kompobmen.o(i.CmdGetUidDevice)
    CmdTest                                  0x080003c1   Thumb Code    74  kompobmen.o(i.CmdTest)
    CompareDate                              0x08000419   Thumb Code    54  freertos.o(i.CompareDate)
    Error_Handler                            0x0800044f   Thumb Code     2  main.o(i.Error_Handler)
    HAL_DMA_Abort_IT                         0x08000451   Thumb Code    36  stm32f4xx_hal_dma.o(i.HAL_DMA_Abort_IT)
    HAL_Delay                                0x08000475   Thumb Code    22  stm32f4xx_hal.o(i.HAL_Delay)
    HAL_GPIO_Init                            0x0800048d   Thumb Code   388  stm32f4xx_hal_gpio.o(i.HAL_GPIO_Init)
    HAL_GPIO_WritePin                        0x0800063d   Thumb Code    10  stm32f4xx_hal_gpio.o(i.HAL_GPIO_WritePin)
    HAL_GetTick                              0x08000649   Thumb Code     6  stm32f4xx_hal.o(i.HAL_GetTick)
    HAL_IncTick                              0x08000655   Thumb Code    10  stm32f4xx_hal.o(i.HAL_IncTick)
    HAL_Init                                 0x08000665   Thumb Code    48  stm32f4xx_hal.o(i.HAL_Init)
    HAL_InitTick                             0x08000699   Thumb Code   100  stm32f4xx_hal_timebase_tim.o(i.HAL_InitTick)
    HAL_MspInit                              0x0800070d   Thumb Code    88  stm32f4xx_hal_msp.o(i.HAL_MspInit)
    HAL_NVIC_EnableIRQ                       0x08000765   Thumb Code    22  stm32f4xx_hal_cortex.o(i.HAL_NVIC_EnableIRQ)
    HAL_NVIC_SetPriority                     0x0800077d   Thumb Code    60  stm32f4xx_hal_cortex.o(i.HAL_NVIC_SetPriority)
    HAL_NVIC_SetPriorityGrouping             0x080007bd   Thumb Code    26  stm32f4xx_hal_cortex.o(i.HAL_NVIC_SetPriorityGrouping)
    HAL_RCCEx_PeriphCLKConfig                0x080007e1   Thumb Code   316  stm32f4xx_hal_rcc_ex.o(i.HAL_RCCEx_PeriphCLKConfig)
    HAL_RCC_ClockConfig                      0x08000931   Thumb Code   364  stm32f4xx_hal_rcc.o(i.HAL_RCC_ClockConfig)
    HAL_RCC_GetClockConfig                   0x08000aad   Thumb Code    54  stm32f4xx_hal_rcc.o(i.HAL_RCC_GetClockConfig)
    HAL_RCC_GetHCLKFreq                      0x08000aed   Thumb Code     6  stm32f4xx_hal_rcc.o(i.HAL_RCC_GetHCLKFreq)
    HAL_RCC_GetPCLK1Freq                     0x08000af9   Thumb Code    34  stm32f4xx_hal_rcc.o(i.HAL_RCC_GetPCLK1Freq)
    HAL_RCC_GetPCLK2Freq                     0x08000b29   Thumb Code    34  stm32f4xx_hal_rcc.o(i.HAL_RCC_GetPCLK2Freq)
    HAL_RCC_GetSysClockFreq                  0x08000b59   Thumb Code   104  stm32f4xx_hal_rcc.o(i.HAL_RCC_GetSysClockFreq)
    HAL_RCC_OscConfig                        0x08000bcd   Thumb Code   722  stm32f4xx_hal_rcc.o(i.HAL_RCC_OscConfig)
    HAL_RTC_Init                             0x08000eb1   Thumb Code   150  stm32f4xx_hal_rtc.o(i.HAL_RTC_Init)
    HAL_RTC_MspInit                          0x08000f4d   Thumb Code    16  rtc.o(i.HAL_RTC_MspInit)
    HAL_SD_Get_CardInfo                      0x08000f65   Thumb Code   692  stm32f4xx_hal_sd.o(i.HAL_SD_Get_CardInfo)
    HAL_SD_IRQHandler                        0x08001219   Thumb Code   124  stm32f4xx_hal_sd.o(i.HAL_SD_IRQHandler)
    HAL_SD_Init                              0x08001295   Thumb Code   160  stm32f4xx_hal_sd.o(i.HAL_SD_Init)
    HAL_SD_MspInit                           0x08001335   Thumb Code   100  sdio.o(i.HAL_SD_MspInit)
    HAL_SD_WideBusOperation_Config           0x080013a9   Thumb Code    94  stm32f4xx_hal_sd.o(i.HAL_SD_WideBusOperation_Config)
    HAL_SD_XferCpltCallback                  0x08001407   Thumb Code     2  stm32f4xx_hal_sd.o(i.HAL_SD_XferCpltCallback)
    HAL_SD_XferErrorCallback                 0x08001409   Thumb Code     2  stm32f4xx_hal_sd.o(i.HAL_SD_XferErrorCallback)
    HAL_SPI_ErrorCallback                    0x0800140b   Thumb Code     2  stm32f4xx_hal_spi.o(i.HAL_SPI_ErrorCallback)
    HAL_SPI_IRQHandler                       0x0800140d   Thumb Code   208  stm32f4xx_hal_spi.o(i.HAL_SPI_IRQHandler)
    HAL_SPI_Init                             0x080014e1   Thumb Code   128  stm32f4xx_hal_spi.o(i.HAL_SPI_Init)
    HAL_SPI_MspInit                          0x08001561   Thumb Code    78  spi.o(i.HAL_SPI_MspInit)
    HAL_SYSTICK_CLKSourceConfig              0x080015bd   Thumb Code    24  stm32f4xx_hal_cortex.o(i.HAL_SYSTICK_CLKSourceConfig)
    HAL_SYSTICK_Config                       0x080015d5   Thumb Code    40  stm32f4xx_hal_cortex.o(i.HAL_SYSTICK_Config)
    HAL_TIMEx_BreakCallback                  0x080015fd   Thumb Code     2  stm32f4xx_hal_tim_ex.o(i.HAL_TIMEx_BreakCallback)
    HAL_TIMEx_CommutationCallback            0x080015ff   Thumb Code     2  stm32f4xx_hal_tim_ex.o(i.HAL_TIMEx_CommutationCallback)
    HAL_TIMEx_MasterConfigSynchronization    0x08001601   Thumb Code    80  stm32f4xx_hal_tim_ex.o(i.HAL_TIMEx_MasterConfigSynchronization)
    HAL_TIM_Base_Init                        0x08001651   Thumb Code    54  stm32f4xx_hal_tim.o(i.HAL_TIM_Base_Init)
    HAL_TIM_Base_MspInit                     0x08001687   Thumb Code     2  stm32f4xx_hal_tim.o(i.HAL_TIM_Base_MspInit)
    HAL_TIM_Base_Start_IT                    0x08001689   Thumb Code    24  stm32f4xx_hal_tim.o(i.HAL_TIM_Base_Start_IT)
    HAL_TIM_IC_CaptureCallback               0x080016a1   Thumb Code     2  stm32f4xx_hal_tim.o(i.HAL_TIM_IC_CaptureCallback)
    HAL_TIM_IRQHandler                       0x080016a3   Thumb Code   358  stm32f4xx_hal_tim.o(i.HAL_TIM_IRQHandler)
    HAL_TIM_MspPostInit                      0x08001809   Thumb Code    40  tim.o(i.HAL_TIM_MspPostInit)
    HAL_TIM_OC_DelayElapsedCallback          0x08001839   Thumb Code     2  stm32f4xx_hal_tim.o(i.HAL_TIM_OC_DelayElapsedCallback)
    HAL_TIM_PWM_ConfigChannel                0x0800183b   Thumb Code   208  stm32f4xx_hal_tim.o(i.HAL_TIM_PWM_ConfigChannel)
    HAL_TIM_PWM_Init                         0x0800190b   Thumb Code    54  stm32f4xx_hal_tim.o(i.HAL_TIM_PWM_Init)
    HAL_TIM_PWM_MspInit                      0x08001941   Thumb Code    30  tim.o(i.HAL_TIM_PWM_MspInit)
    HAL_TIM_PWM_PulseFinishedCallback        0x08001969   Thumb Code     2  stm32f4xx_hal_tim.o(i.HAL_TIM_PWM_PulseFinishedCallback)
    HAL_TIM_PeriodElapsedCallback            0x0800196d   Thumb Code    14  main.o(i.HAL_TIM_PeriodElapsedCallback)
    HAL_TIM_TriggerCallback                  0x08001981   Thumb Code     2  stm32f4xx_hal_tim.o(i.HAL_TIM_TriggerCallback)
    HAL_UART_ErrorCallback                   0x08001983   Thumb Code     2  stm32f4xx_hal_uart.o(i.HAL_UART_ErrorCallback)
    HAL_UART_IRQHandler                      0x08001985   Thumb Code   266  stm32f4xx_hal_uart.o(i.HAL_UART_IRQHandler)
    HAL_UART_Init                            0x08001a95   Thumb Code    98  stm32f4xx_hal_uart.o(i.HAL_UART_Init)
    HAL_UART_MspInit                         0x08001af9   Thumb Code   126  usart.o(i.HAL_UART_MspInit)
    HAL_UART_Receive_IT                      0x08001b8d   Thumb Code    72  stm32f4xx_hal_uart.o(i.HAL_UART_Receive_IT)
    HAL_UART_RxCpltCallback                  0x08001bd5   Thumb Code     2  stm32f4xx_hal_uart.o(i.HAL_UART_RxCpltCallback)
    HAL_UART_Transmit_IT                     0x08001bd7   Thumb Code    62  stm32f4xx_hal_uart.o(i.HAL_UART_Transmit_IT)
    HAL_UART_TxCpltCallback                  0x08001c15   Thumb Code     2  stm32f4xx_hal_uart.o(i.HAL_UART_TxCpltCallback)
    KompObmenThred                           0x08001c19   Thumb Code    98  freertos.o(i.KompObmenThred)
    MX_FREERTOS_Init                         0x08001c8d   Thumb Code    74  freertos.o(i.MX_FREERTOS_Init)
    MX_GPIO_Init                             0x08001ce1   Thumb Code   248  gpio.o(i.MX_GPIO_Init)
    MX_RTC_Init                              0x08001df1   Thumb Code    44  rtc.o(i.MX_RTC_Init)
    MX_SDIO_SD_Init                          0x08001e25   Thumb Code    50  sdio.o(i.MX_SDIO_SD_Init)
    MX_SPI1_Init                             0x08001e61   Thumb Code    56  spi.o(i.MX_SPI1_Init)
    MX_TIM4_Init                             0x08001ea1   Thumb Code    84  tim.o(i.MX_TIM4_Init)
    MX_USART1_UART_Init                      0x08001efd   Thumb Code    48  usart.o(i.MX_USART1_UART_Init)
    MX_USART2_UART_Init                      0x08001f35   Thumb Code    48  usart.o(i.MX_USART2_UART_Init)
    MainThred                                0x08001f6d   Thumb Code     8  freertos.o(i.MainThred)
    RTC_EnterInitMode                        0x08001f95   Thumb Code    58  stm32f4xx_hal_rtc.o(i.RTC_EnterInitMode)
    ReadAdresFlash                           0x08001fcf   Thumb Code     4  flash.o(i.ReadAdresFlash)
    SDIO_DataConfig                          0x08001fd3   Thumb Code    36  stm32f4xx_ll_sdmmc.o(i.SDIO_DataConfig)
    SDIO_GetCommandResponse                  0x08001ff7   Thumb Code     6  stm32f4xx_ll_sdmmc.o(i.SDIO_GetCommandResponse)
    SDIO_GetPowerState                       0x08001ffd   Thumb Code     8  stm32f4xx_ll_sdmmc.o(i.SDIO_GetPowerState)
    SDIO_GetResponse                         0x08002005   Thumb Code    12  stm32f4xx_ll_sdmmc.o(i.SDIO_GetResponse)
    SDIO_IRQHandler                          0x08002015   Thumb Code     6  stm32f4xx_it.o(i.SDIO_IRQHandler)
    SDIO_Init                                0x08002021   Thumb Code    36  stm32f4xx_ll_sdmmc.o(i.SDIO_Init)
    SDIO_PowerState_ON                       0x08002045   Thumb Code     8  stm32f4xx_ll_sdmmc.o(i.SDIO_PowerState_ON)
    SDIO_ReadFIFO                            0x0800204d   Thumb Code     6  stm32f4xx_ll_sdmmc.o(i.SDIO_ReadFIFO)
    SDIO_SendCommand                         0x08002053   Thumb Code    32  stm32f4xx_ll_sdmmc.o(i.SDIO_SendCommand)
    SPI1_IRQHandler                          0x08002685   Thumb Code     6  stm32f4xx_it.o(i.SPI1_IRQHandler)
    SysTick_Handler                          0x080026a1   Thumb Code     4  stm32f4xx_it.o(i.SysTick_Handler)
    SystemClock_Config                       0x080026a5   Thumb Code   172  main.o(i.SystemClock_Config)
    SystemInit                               0x08002759   Thumb Code    66  system_stm32f4xx.o(i.SystemInit)
    TIM6_DAC_IRQHandler                      0x080027ad   Thumb Code     6  stm32f4xx_it.o(i.TIM6_DAC_IRQHandler)
    TIM_Base_SetConfig                       0x080027b9   Thumb Code   148  stm32f4xx_hal_tim.o(i.TIM_Base_SetConfig)
    TIM_OC2_SetConfig                        0x080028d1   Thumb Code    90  stm32f4xx_hal_tim.o(i.TIM_OC2_SetConfig)
    USART1_IRQHandler                        0x08002dad   Thumb Code     6  stm32f4xx_it.o(i.USART1_IRQHandler)
    USART2_IRQHandler                        0x08002db9   Thumb Code    30  stm32f4xx_it.o(i.USART2_IRQHandler)
    ValveAir                                 0x08002de5   Thumb Code    12  workfunction.o(i.ValveAir)
    WorkFuncThred                            0x08002df5   Thumb Code     8  freertos.o(i.WorkFuncThred)
    __scatterload_copy                       0x08002dfd   Thumb Code    14  handlers.o(i.__scatterload_copy)
    __scatterload_null                       0x08002e0b   Thumb Code     2  handlers.o(i.__scatterload_null)
    __scatterload_zeroinit                   0x08002e0d   Thumb Code    14  handlers.o(i.__scatterload_zeroinit)
    crc16                                    0x08002e1d   Thumb Code    56  crc.o(i.crc16)
    main                                     0x08002e55   Thumb Code    46  main.o(i.main)
    osDelay                                  0x08002e8f   Thumb Code    14  cmsis_os.o(i.osDelay)
    osKernelStart                            0x08002e9d   Thumb Code    10  cmsis_os.o(i.osKernelStart)
    osSystickHandler                         0x08002ea7   Thumb Code    20  cmsis_os.o(i.osSystickHandler)
    osThreadCreate                           0x08002ebb   Thumb Code    56  cmsis_os.o(i.osThreadCreate)
    pvPortMalloc                             0x08003081   Thumb Code   210  heap_4.o(i.pvPortMalloc)
    pxPortInitialiseStack                    0x08003159   Thumb Code    36  port.o(i.pxPortInitialiseStack)
    uxListRemove                             0x08003181   Thumb Code    36  list.o(i.uxListRemove)
    vListInitialise                          0x080031a5   Thumb Code    22  list.o(i.vListInitialise)
    vListInitialiseItem                      0x080031bb   Thumb Code     6  list.o(i.vListInitialiseItem)
    vListInsert                              0x080031c1   Thumb Code    48  list.o(i.vListInsert)
    vListInsertEnd                           0x080031f1   Thumb Code    24  list.o(i.vListInsertEnd)
    vPortEnterCritical                       0x08003209   Thumb Code    54  port.o(i.vPortEnterCritical)
    vPortExitCritical                        0x08003249   Thumb Code    34  port.o(i.vPortExitCritical)
    vPortFree                                0x08003271   Thumb Code    88  heap_4.o(i.vPortFree)
    vPortSetupTimerInterrupt                 0x080032cd   Thumb Code    26  port.o(i.vPortSetupTimerInterrupt)
    vTaskDelay                               0x080032ed   Thumb Code    94  tasks.o(i.vTaskDelay)
    vTaskStartScheduler                      0x08003355   Thumb Code    86  tasks.o(i.vTaskStartScheduler)
    vTaskSuspendAll                          0x080033bd   Thumb Code    10  tasks.o(i.vTaskSuspendAll)
    vTaskSwitchContext                       0x080033cd   Thumb Code    82  tasks.o(i.vTaskSwitchContext)
    xPortStartScheduler                      0x08003429   Thumb Code   202  port.o(i.xPortStartScheduler)
    xPortSysTickHandler                      0x08003509   Thumb Code    38  port.o(i.xPortSysTickHandler)
    xTaskGenericCreate                       0x08003535   Thumb Code   430  tasks.o(i.xTaskGenericCreate)
    xTaskGetSchedulerState                   0x080036f1   Thumb Code    22  tasks.o(i.xTaskGetSchedulerState)
    xTaskIncrementTick                       0x0800370d   Thumb Code   194  tasks.o(i.xTaskIncrementTick)
    xTaskResumeAll                           0x080037d9   Thumb Code   182  tasks.o(i.xTaskResumeAll)
    APBAHBPrescTable                         0x080038d8   Data          16  stm32f4xx_hal_rcc.o(.constdata)
    Region$$Table$$Base                      0x0800390c   Number         0  anon$$obj.o(Region$$Table)
    Region$$Table$$Limit                     0x0800392c   Number         0  anon$$obj.o(Region$$Table)
    rxDataCount2                             0x20000000   Data           1  freertos.o(.data)
    defaultTaskHandle                        0x20000004   Data           4  freertos.o(.data)
    myTask02Handle                           0x20000008   Data           4  freertos.o(.data)
    myTask03Handle                           0x2000000c   Data           4  freertos.o(.data)
    addrMaster                               0x20000010   Data           1  kompobmen.o(.data)
    addrSlave                                0x20000011   Data           1  kompobmen.o(.data)
    getCrc16                                 0x20000012   Data           2  kompobmen.o(.data)
    UID_devisePart1                          0x20000014   Data           4  kompobmen.o(.data)
    UID_devisePart2                          0x20000018   Data           4  kompobmen.o(.data)
    UID_devisePart3                          0x2000001c   Data           4  kompobmen.o(.data)
    uwTick                                   0x20000020   Data           4  stm32f4xx_hal.o(.data)
    SystemCoreClock                          0x20000024   Data           4  system_stm32f4xx.o(.data)
    pxCurrentTCB                             0x20000034   Data           4  tasks.o(.data)
    htim4                                    0x20000084   Data          60  tim.o(.bss)
    hspi1                                    0x200000c0   Data          88  spi.o(.bss)
    hsd                                      0x20000118   Data          96  sdio.o(.bss)
    SDCardInfo                               0x20000178   Data          88  sdio.o(.bss)
    htim6                                    0x200001d0   Data          60  stm32f4xx_hal_timebase_tim.o(.bss)
    hrtc                                     0x2000020c   Data          32  rtc.o(.bss)
    huart1                                   0x2000022c   Data          64  usart.o(.bss)
    huart2                                   0x2000026c   Data          64  usart.o(.bss)
    rxDataUsart2                             0x200002ac   Data         255  freertos.o(.bss)
    txDataUsart2                             0x200003ab   Data         255  freertos.o(.bss)
    __initial_sp                             0x200057c0   Data           0  startup_stm32f407xx.o(STACK)



==============================================================================

Memory Map of the image

  Image Entry point : 0x08000189

  Load Region LR_IROM1 (Base: 0x08000000, Size: 0x000039b0, Max: 0x00100000, ABSOLUTE)

    Execution Region ER_IROM1 (Base: 0x08000000, Size: 0x0000392c, Max: 0x00100000, ABSOLUTE)

    Base Addr    Size         Type   Attr      Idx    E Section Name        Object

    0x08000000   0x00000188   Data   RO          872    RESET               startup_stm32f407xx.o
    0x08000188   0x00000000   Code   RO         5044  * .ARM.Collect$$$$00000000  mc_w.l(entry.o)
    0x08000188   0x00000004   Code   RO         5053    .ARM.Collect$$$$00000001  mc_w.l(entry2.o)
    0x0800018c   0x00000004   Code   RO         5056    .ARM.Collect$$$$00000004  mc_w.l(entry5.o)
    0x08000190   0x00000000   Code   RO         5058    .ARM.Collect$$$$00000008  mc_w.l(entry7b.o)
    0x08000190   0x00000000   Code   RO         5060    .ARM.Collect$$$$0000000A  mc_w.l(entry8b.o)
    0x08000190   0x00000008   Code   RO         5061    .ARM.Collect$$$$0000000B  mc_w.l(entry9a.o)
    0x08000198   0x00000000   Code   RO         5063    .ARM.Collect$$$$0000000D  mc_w.l(entry10a.o)
    0x08000198   0x00000000   Code   RO         5065    .ARM.Collect$$$$0000000F  mc_w.l(entry11a.o)
    0x08000198   0x00000004   Code   RO         5054    .ARM.Collect$$$$00002712  mc_w.l(entry2.o)
    0x0800019c   0x000000ba   Code   RO         4005    .emb_text           port.o
    0x08000256   0x00000002   PAD
    0x08000258   0x00000024   Code   RO          873    .text               startup_stm32f407xx.o
    0x0800027c   0x00000024   Code   RO         5047    .text               mc_w.l(memcpya.o)
    0x080002a0   0x00000024   Code   RO         5049    .text               mc_w.l(memseta.o)
    0x080002c4   0x00000024   Code   RO         5067    .text               mc_w.l(init.o)
    0x080002e8   0x00000010   Code   RO          546    i.ChipSelectUsart2  usart.o
    0x080002f8   0x00000024   Code   RO          730    i.ClearArray        freertos.o
    0x0800031c   0x000000a4   Code   RO          812    i.CmdGetUidDevice   kompobmen.o
    0x080003c0   0x00000058   Code   RO          813    i.CmdTest           kompobmen.o
    0x08000418   0x00000036   Code   RO          731    i.CompareDate       freertos.o
    0x0800044e   0x00000002   Code   RO            4    i.Error_Handler     main.o
    0x08000450   0x00000024   Code   RO         2012    i.HAL_DMA_Abort_IT  stm32f4xx_hal_dma.o
    0x08000474   0x00000016   Code   RO         2121    i.HAL_Delay         stm32f4xx_hal.o
    0x0800048a   0x00000002   PAD
    0x0800048c   0x000001b0   Code   RO          883    i.HAL_GPIO_Init     stm32f4xx_hal_gpio.o
    0x0800063c   0x0000000a   Code   RO          887    i.HAL_GPIO_WritePin  stm32f4xx_hal_gpio.o
    0x08000646   0x00000002   PAD
    0x08000648   0x0000000c   Code   RO         2127    i.HAL_GetTick       stm32f4xx_hal.o
    0x08000654   0x00000010   Code   RO         2128    i.HAL_IncTick       stm32f4xx_hal.o
    0x08000664   0x00000034   Code   RO         2129    i.HAL_Init          stm32f4xx_hal.o
    0x08000698   0x00000074   Code   RO          439    i.HAL_InitTick      stm32f4xx_hal_timebase_tim.o
    0x0800070c   0x00000058   Code   RO          373    i.HAL_MspInit       stm32f4xx_hal_msp.o
    0x08000764   0x00000016   Code   RO         2318    i.HAL_NVIC_EnableIRQ  stm32f4xx_hal_cortex.o
    0x0800077a   0x00000002   PAD
    0x0800077c   0x00000040   Code   RO         2324    i.HAL_NVIC_SetPriority  stm32f4xx_hal_cortex.o
    0x080007bc   0x00000024   Code   RO         2325    i.HAL_NVIC_SetPriorityGrouping  stm32f4xx_hal_cortex.o
    0x080007e0   0x00000150   Code   RO         3939    i.HAL_RCCEx_PeriphCLKConfig  stm32f4xx_hal_rcc_ex.o
    0x08000930   0x0000017c   Code   RO         3486    i.HAL_RCC_ClockConfig  stm32f4xx_hal_rcc.o
    0x08000aac   0x00000040   Code   RO         3490    i.HAL_RCC_GetClockConfig  stm32f4xx_hal_rcc.o
    0x08000aec   0x0000000c   Code   RO         3491    i.HAL_RCC_GetHCLKFreq  stm32f4xx_hal_rcc.o
    0x08000af8   0x00000030   Code   RO         3493    i.HAL_RCC_GetPCLK1Freq  stm32f4xx_hal_rcc.o
    0x08000b28   0x00000030   Code   RO         3494    i.HAL_RCC_GetPCLK2Freq  stm32f4xx_hal_rcc.o
    0x08000b58   0x00000074   Code   RO         3495    i.HAL_RCC_GetSysClockFreq  stm32f4xx_hal_rcc.o
    0x08000bcc   0x000002e4   Code   RO         3498    i.HAL_RCC_OscConfig  stm32f4xx_hal_rcc.o
    0x08000eb0   0x0000009c   Code   RO         3356    i.HAL_RTC_Init      stm32f4xx_hal_rtc.o
    0x08000f4c   0x00000018   Code   RO          504    i.HAL_RTC_MspInit   rtc.o
    0x08000f64   0x000002b4   Code   RO         1510    i.HAL_SD_Get_CardInfo  stm32f4xx_hal_sd.o
    0x08001218   0x0000007c   Code   RO         1512    i.HAL_SD_IRQHandler  stm32f4xx_hal_sd.o
    0x08001294   0x000000a0   Code   RO         1513    i.HAL_SD_Init       stm32f4xx_hal_sd.o
    0x08001334   0x00000074   Code   RO          398    i.HAL_SD_MspInit    sdio.o
    0x080013a8   0x0000005e   Code   RO         1520    i.HAL_SD_WideBusOperation_Config  stm32f4xx_hal_sd.o
    0x08001406   0x00000002   Code   RO         1523    i.HAL_SD_XferCpltCallback  stm32f4xx_hal_sd.o
    0x08001408   0x00000002   Code   RO         1524    i.HAL_SD_XferErrorCallback  stm32f4xx_hal_sd.o
    0x0800140a   0x00000002   Code   RO         2442    i.HAL_SPI_ErrorCallback  stm32f4xx_hal_spi.o
    0x0800140c   0x000000d4   Code   RO         2445    i.HAL_SPI_IRQHandler  stm32f4xx_hal_spi.o
    0x080014e0   0x00000080   Code   RO         2446    i.HAL_SPI_Init      stm32f4xx_hal_spi.o
    0x08001560   0x0000005c   Code   RO          274    i.HAL_SPI_MspInit   spi.o
    0x080015bc   0x00000018   Code   RO         2327    i.HAL_SYSTICK_CLKSourceConfig  stm32f4xx_hal_cortex.o
    0x080015d4   0x00000028   Code   RO         2329    i.HAL_SYSTICK_Config  stm32f4xx_hal_cortex.o
    0x080015fc   0x00000002   Code   RO          946    i.HAL_TIMEx_BreakCallback  stm32f4xx_hal_tim_ex.o
    0x080015fe   0x00000002   Code   RO          947    i.HAL_TIMEx_CommutationCallback  stm32f4xx_hal_tim_ex.o
    0x08001600   0x00000050   Code   RO          963    i.HAL_TIMEx_MasterConfigSynchronization  stm32f4xx_hal_tim_ex.o
    0x08001650   0x00000036   Code   RO         2719    i.HAL_TIM_Base_Init  stm32f4xx_hal_tim.o
    0x08001686   0x00000002   Code   RO         2721    i.HAL_TIM_Base_MspInit  stm32f4xx_hal_tim.o
    0x08001688   0x00000018   Code   RO         2724    i.HAL_TIM_Base_Start_IT  stm32f4xx_hal_tim.o
    0x080016a0   0x00000002   Code   RO         2748    i.HAL_TIM_IC_CaptureCallback  stm32f4xx_hal_tim.o
    0x080016a2   0x00000166   Code   RO         2761    i.HAL_TIM_IRQHandler  stm32f4xx_hal_tim.o
    0x08001808   0x00000030   Code   RO          225    i.HAL_TIM_MspPostInit  tim.o
    0x08001838   0x00000002   Code   RO         2764    i.HAL_TIM_OC_DelayElapsedCallback  stm32f4xx_hal_tim.o
    0x0800183a   0x000000d0   Code   RO         2785    i.HAL_TIM_PWM_ConfigChannel  stm32f4xx_hal_tim.o
    0x0800190a   0x00000036   Code   RO         2788    i.HAL_TIM_PWM_Init  stm32f4xx_hal_tim.o
    0x08001940   0x00000028   Code   RO          227    i.HAL_TIM_PWM_MspInit  tim.o
    0x08001968   0x00000002   Code   RO         2791    i.HAL_TIM_PWM_PulseFinishedCallback  stm32f4xx_hal_tim.o
    0x0800196a   0x00000002   PAD
    0x0800196c   0x00000014   Code   RO            5    i.HAL_TIM_PeriodElapsedCallback  main.o
    0x08001980   0x00000002   Code   RO         2802    i.HAL_TIM_TriggerCallback  stm32f4xx_hal_tim.o
    0x08001982   0x00000002   Code   RO         1768    i.HAL_UART_ErrorCallback  stm32f4xx_hal_uart.o
    0x08001984   0x00000110   Code   RO         1771    i.HAL_UART_IRQHandler  stm32f4xx_hal_uart.o
    0x08001a94   0x00000062   Code   RO         1772    i.HAL_UART_Init     stm32f4xx_hal_uart.o
    0x08001af6   0x00000002   PAD
    0x08001af8   0x00000094   Code   RO          548    i.HAL_UART_MspInit  usart.o
    0x08001b8c   0x00000048   Code   RO         1777    i.HAL_UART_Receive_IT  stm32f4xx_hal_uart.o
    0x08001bd4   0x00000002   Code   RO         1778    i.HAL_UART_RxCpltCallback  stm32f4xx_hal_uart.o
    0x08001bd6   0x0000003e   Code   RO         1782    i.HAL_UART_Transmit_IT  stm32f4xx_hal_uart.o
    0x08001c14   0x00000002   Code   RO         1783    i.HAL_UART_TxCpltCallback  stm32f4xx_hal_uart.o
    0x08001c16   0x00000002   PAD
    0x08001c18   0x00000074   Code   RO          732    i.KompObmenThred    freertos.o
    0x08001c8c   0x00000054   Code   RO          733    i.MX_FREERTOS_Init  freertos.o
    0x08001ce0   0x00000110   Code   RO          479    i.MX_GPIO_Init      gpio.o
    0x08001df0   0x00000034   Code   RO          505    i.MX_RTC_Init       rtc.o
    0x08001e24   0x0000003c   Code   RO          399    i.MX_SDIO_SD_Init   sdio.o
    0x08001e60   0x00000040   Code   RO          275    i.MX_SPI1_Init      spi.o
    0x08001ea0   0x0000005c   Code   RO          228    i.MX_TIM4_Init      tim.o
    0x08001efc   0x00000038   Code   RO          549    i.MX_USART1_UART_Init  usart.o
    0x08001f34   0x00000038   Code   RO          550    i.MX_USART2_UART_Init  usart.o
    0x08001f6c   0x00000008   Code   RO          734    i.MainThred         freertos.o
    0x08001f74   0x00000020   Code   RO         2331    i.NVIC_SetPriority  stm32f4xx_hal_cortex.o
    0x08001f94   0x0000003a   Code   RO         3367    i.RTC_EnterInitMode  stm32f4xx_hal_rtc.o
    0x08001fce   0x00000004   Code   RO          849    i.ReadAdresFlash    flash.o
    0x08001fd2   0x00000024   Code   RO         1344    i.SDIO_DataConfig   stm32f4xx_ll_sdmmc.o
    0x08001ff6   0x00000006   Code   RO         1345    i.SDIO_GetCommandResponse  stm32f4xx_ll_sdmmc.o
    0x08001ffc   0x00000008   Code   RO         1348    i.SDIO_GetPowerState  stm32f4xx_ll_sdmmc.o
    0x08002004   0x00000010   Code   RO         1349    i.SDIO_GetResponse  stm32f4xx_ll_sdmmc.o
    0x08002014   0x0000000c   Code   RO          315    i.SDIO_IRQHandler   stm32f4xx_it.o
    0x08002020   0x00000024   Code   RO         1350    i.SDIO_Init         stm32f4xx_ll_sdmmc.o
    0x08002044   0x00000008   Code   RO         1352    i.SDIO_PowerState_ON  stm32f4xx_ll_sdmmc.o
    0x0800204c   0x00000006   Code   RO         1353    i.SDIO_ReadFIFO     stm32f4xx_ll_sdmmc.o
    0x08002052   0x00000020   Code   RO         1354    i.SDIO_SendCommand  stm32f4xx_ll_sdmmc.o
    0x08002072   0x00000002   PAD
    0x08002074   0x000000ec   Code   RO         1525    i.SD_CmdResp1Error  stm32f4xx_hal_sd.o
    0x08002160   0x0000002e   Code   RO         1526    i.SD_CmdResp2Error  stm32f4xx_hal_sd.o
    0x0800218e   0x00000072   Code   RO         1527    i.SD_CmdResp6Error  stm32f4xx_hal_sd.o
    0x08002200   0x00000040   Code   RO         1528    i.SD_CmdResp7Error  stm32f4xx_hal_sd.o
    0x08002240   0x0000010a   Code   RO         1533    i.SD_FindSCR        stm32f4xx_hal_sd.o
    0x0800234a   0x000000dc   Code   RO         1534    i.SD_Initialize_Cards  stm32f4xx_hal_sd.o
    0x08002426   0x00000002   PAD
    0x08002428   0x00000174   Code   RO         1536    i.SD_PowerON        stm32f4xx_hal_sd.o
    0x0800259c   0x00000072   Code   RO         1537    i.SD_WideBus_Disable  stm32f4xx_hal_sd.o
    0x0800260e   0x00000074   Code   RO         1538    i.SD_WideBus_Enable  stm32f4xx_hal_sd.o
    0x08002682   0x00000002   PAD
    0x08002684   0x0000000c   Code   RO          316    i.SPI1_IRQHandler   stm32f4xx_it.o
    0x08002690   0x00000010   Code   RO         2472    i.SPI_DMAAbortOnError  stm32f4xx_hal_spi.o
    0x080026a0   0x00000004   Code   RO          317    i.SysTick_Handler   stm32f4xx_it.o
    0x080026a4   0x000000b4   Code   RO            6    i.SystemClock_Config  main.o
    0x08002758   0x00000054   Code   RO         3975    i.SystemInit        system_stm32f4xx.o
    0x080027ac   0x0000000c   Code   RO          318    i.TIM6_DAC_IRQHandler  stm32f4xx_it.o
    0x080027b8   0x000000c0   Code   RO         2803    i.TIM_Base_SetConfig  stm32f4xx_hal_tim.o
    0x08002878   0x00000058   Code   RO         2812    i.TIM_OC1_SetConfig  stm32f4xx_hal_tim.o
    0x080028d0   0x00000064   Code   RO         2813    i.TIM_OC2_SetConfig  stm32f4xx_hal_tim.o
    0x08002934   0x00000060   Code   RO         2814    i.TIM_OC3_SetConfig  stm32f4xx_hal_tim.o
    0x08002994   0x00000050   Code   RO         2815    i.TIM_OC4_SetConfig  stm32f4xx_hal_tim.o
    0x080029e4   0x00000010   Code   RO         1785    i.UART_DMAAbortOnError  stm32f4xx_hal_uart.o
    0x080029f4   0x0000001c   Code   RO         1791    i.UART_EndRxTransfer  stm32f4xx_hal_uart.o
    0x08002a10   0x0000008c   Code   RO         1793    i.UART_Receive_IT   stm32f4xx_hal_uart.o
    0x08002a9c   0x000002ac   Code   RO         1794    i.UART_SetConfig    stm32f4xx_hal_uart.o
    0x08002d48   0x00000062   Code   RO         1795    i.UART_Transmit_IT  stm32f4xx_hal_uart.o
    0x08002daa   0x00000002   PAD
    0x08002dac   0x0000000c   Code   RO          319    i.USART1_IRQHandler  stm32f4xx_it.o
    0x08002db8   0x0000002c   Code   RO          320    i.USART2_IRQHandler  stm32f4xx_it.o
    0x08002de4   0x00000010   Code   RO          609    i.ValveAir          workfunction.o
    0x08002df4   0x00000008   Code   RO          735    i.WorkFuncThred     freertos.o
    0x08002dfc   0x0000000e   Code   RO         5071    i.__scatterload_copy  mc_w.l(handlers.o)
    0x08002e0a   0x00000002   Code   RO         5072    i.__scatterload_null  mc_w.l(handlers.o)
    0x08002e0c   0x0000000e   Code   RO         5073    i.__scatterload_zeroinit  mc_w.l(handlers.o)
    0x08002e1a   0x00000002   PAD
    0x08002e1c   0x00000038   Code   RO          693    i.crc16             crc.o
    0x08002e54   0x0000002e   Code   RO            7    i.main              main.o
    0x08002e82   0x0000000c   Code   RO         4704    i.makeFreeRtosPriority  cmsis_os.o
    0x08002e8e   0x0000000e   Code   RO         4705    i.osDelay           cmsis_os.o
    0x08002e9c   0x0000000a   Code   RO         4708    i.osKernelStart     cmsis_os.o
    0x08002ea6   0x00000014   Code   RO         4737    i.osSystickHandler  cmsis_os.o
    0x08002eba   0x00000038   Code   RO         4738    i.osThreadCreate    cmsis_os.o
    0x08002ef2   0x00000002   PAD
    0x08002ef4   0x00000034   Code   RO         4318    i.prvAddCurrentTaskToDelayedList  tasks.o
    0x08002f28   0x00000054   Code   RO         4319    i.prvCheckTasksWaitingTermination  tasks.o
    0x08002f7c   0x00000048   Code   RO         4600    i.prvHeapInit       heap_4.o
    0x08002fc4   0x00000028   Code   RO         4320    i.prvIdleTask       tasks.o
    0x08002fec   0x0000004c   Code   RO         4601    i.prvInsertBlockIntoFreeList  heap_4.o
    0x08003038   0x00000020   Code   RO         4322    i.prvResetNextTaskUnblockTime  tasks.o
    0x08003058   0x00000028   Code   RO         4006    i.prvTaskExitError  port.o
    0x08003080   0x000000d8   Code   RO         4602    i.pvPortMalloc      heap_4.o
    0x08003158   0x00000028   Code   RO         4007    i.pxPortInitialiseStack  port.o
    0x08003180   0x00000024   Code   RO         4664    i.uxListRemove      list.o
    0x080031a4   0x00000016   Code   RO         4665    i.vListInitialise   list.o
    0x080031ba   0x00000006   Code   RO         4666    i.vListInitialiseItem  list.o
    0x080031c0   0x00000030   Code   RO         4667    i.vListInsert       list.o
    0x080031f0   0x00000018   Code   RO         4668    i.vListInsertEnd    list.o
    0x08003208   0x00000040   Code   RO         4009    i.vPortEnterCritical  port.o
    0x08003248   0x00000028   Code   RO         4010    i.vPortExitCritical  port.o
    0x08003270   0x0000005c   Code   RO         4603    i.vPortFree         heap_4.o
    0x080032cc   0x00000020   Code   RO         4011    i.vPortSetupTimerInterrupt  port.o
    0x080032ec   0x00000068   Code   RO         4332    i.vTaskDelay        tasks.o
    0x08003354   0x00000068   Code   RO         4344    i.vTaskStartScheduler  tasks.o
    0x080033bc   0x00000010   Code   RO         4346    i.vTaskSuspendAll   tasks.o
    0x080033cc   0x0000005c   Code   RO         4347    i.vTaskSwitchContext  tasks.o
    0x08003428   0x000000e0   Code   RO         4013    i.xPortStartScheduler  port.o
    0x08003508   0x0000002c   Code   RO         4014    i.xPortSysTickHandler  port.o
    0x08003534   0x000001bc   Code   RO         4349    i.xTaskGenericCreate  tasks.o
    0x080036f0   0x0000001c   Code   RO         4353    i.xTaskGetSchedulerState  tasks.o
    0x0800370c   0x000000cc   Code   RO         4356    i.xTaskIncrementTick  tasks.o
    0x080037d8   0x000000c4   Code   RO         4362    i.xTaskResumeAll    tasks.o
    0x0800389c   0x0000003c   Data   RO          738    .constdata          freertos.o
    0x080038d8   0x00000010   Data   RO         3499    .constdata          stm32f4xx_hal_rcc.o
    0x080038e8   0x00000024   Data   RO          739    .conststring        freertos.o
    0x0800390c   0x00000020   Data   RO         5069    Region$$Table       anon$$obj.o


    Execution Region RW_IRAM1 (Base: 0x20000000, Size: 0x000057c0, Max: 0x00020000, ABSOLUTE)

    Base Addr    Size         Type   Attr      Idx    E Section Name        Object

    0x20000000   0x00000010   Data   RW          741    .data               freertos.o
    0x20000010   0x00000010   Data   RW          814    .data               kompobmen.o
    0x20000020   0x00000004   Data   RW         2135    .data               stm32f4xx_hal.o
    0x20000024   0x00000004   Data   RW         3977    .data               system_stm32f4xx.o
    0x20000028   0x0000000c   Data   RW         4015    .data               port.o
    0x20000034   0x00000038   Data   RW         4365    .data               tasks.o
    0x2000006c   0x00000018   Data   RW         4608    .data               heap_4.o
    0x20000084   0x0000003c   Zero   RW          229    .bss                tim.o
    0x200000c0   0x00000058   Zero   RW          276    .bss                spi.o
    0x20000118   0x000000b8   Zero   RW          400    .bss                sdio.o
    0x200001d0   0x0000003c   Zero   RW          442    .bss                stm32f4xx_hal_timebase_tim.o
    0x2000020c   0x00000020   Zero   RW          506    .bss                rtc.o
    0x2000022c   0x00000080   Zero   RW          551    .bss                usart.o
    0x200002ac   0x000000ff   Zero   RW          736    .bss                freertos.o
    0x200003ab   0x000000ff   Zero   RW          737    .bss                freertos.o
    0x200004aa   0x00000002   PAD
    0x200004ac   0x000000f0   Zero   RW         4364    .bss                tasks.o
    0x2000059c   0x00004e20   Zero   RW         4607    .bss                heap_4.o
    0x200053bc   0x00000004   PAD
    0x200053c0   0x00000400   Zero   RW          870    STACK               startup_stm32f407xx.o


==============================================================================

Image component sizes


      Code (inc. data)   RO Data    RW Data    ZI Data      Debug   Object Name

       112          0          0          0          0      13672   cmsis_os.o
        56          0          0          0          0       1000   crc.o
         4          0          0          0          0        493   flash.o
       306         32         96         16        510       4550   freertos.o
       272         24          0          0          0       1047   gpio.o
       456         22          0         24      20000       7179   heap_4.o
       252         30          0         16          0       1524   kompobmen.o
       136          0          0          0          0       3514   list.o
       248         14          0          0          0     372204   main.o
       670         74          0         12          0      16708   port.o
         0          0          0          0          0       1464   queue.o
        76         16          0          0         32       1415   rtc.o
       176         26          0          0        184       1640   sdio.o
       156         22          0          0         88       1589   spi.o
        36          8        392          0       1024        800   startup_stm32f407xx.o
       102         16          0          4          0       3540   stm32f4xx_hal.o
       218         14          0          0          0      30993   stm32f4xx_hal_cortex.o
        36          0          0          0          0       1215   stm32f4xx_hal_dma.o
       442         44          0          0          0       2508   stm32f4xx_hal_gpio.o
        88          0          0          0          0        518   stm32f4xx_hal_msp.o
      1408         90         16          0          0       6520   stm32f4xx_hal_rcc.o
       336         20          0          0          0       1364   stm32f4xx_hal_rcc_ex.o
       214          6          0          0          0       2087   stm32f4xx_hal_rtc.o
      2622         14          0          0          0      16922   stm32f4xx_hal_sd.o
       358          4          0          0          0       3436   stm32f4xx_hal_spi.o
      1264         80          0          0          0      11533   stm32f4xx_hal_tim.o
        84          0          0          0          0       2394   stm32f4xx_hal_tim_ex.o
       116         16          0          0         60       1432   stm32f4xx_hal_timebase_tim.o
      1476         14          0          0          0       8976   stm32f4xx_hal_uart.o
        96         38          0          0          0       2768   stm32f4xx_it.o
       148          4          0          0          0       5388   stm32f4xx_ll_sdmmc.o
        84         18          0          4          0       1317   system_stm32f4xx.o
      1396        116          0         56        240      14226   tasks.o
       180         26          0          0         60       2183   tim.o
       276         44          0          0        128       2738   usart.o
        16          4          0          0          0        475   workfunction.o

    ----------------------------------------------------------------------
     13940        836        536        132      22332     551332   Object Totals
         0          0         32          0          0          0   (incl. Generated)
        24          0          0          0          6          0   (incl. Padding)

    ----------------------------------------------------------------------

      Code (inc. data)   RO Data    RW Data    ZI Data      Debug   Library Member Name

         0          0          0          0          0          0   entry.o
         0          0          0          0          0          0   entry10a.o
         0          0          0          0          0          0   entry11a.o
         8          4          0          0          0          0   entry2.o
         4          0          0          0          0          0   entry5.o
         0          0          0          0          0          0   entry7b.o
         0          0          0          0          0          0   entry8b.o
         8          4          0          0          0          0   entry9a.o
        30          0          0          0          0          0   handlers.o
        36          8          0          0          0         68   init.o
        36          0          0          0          0         68   memcpya.o
        36          0          0          0          0        108   memseta.o

    ----------------------------------------------------------------------
       160         16          0          0          0        244   Library Totals
         2          0          0          0          0          0   (incl. Padding)

    ----------------------------------------------------------------------

      Code (inc. data)   RO Data    RW Data    ZI Data      Debug   Library Name

       158         16          0          0          0        244   mc_w.l

    ----------------------------------------------------------------------
       160         16          0          0          0        244   Library Totals

    ----------------------------------------------------------------------

==============================================================================


      Code (inc. data)   RO Data    RW Data    ZI Data      Debug   

     14100        852        536        132      22332     537328   Grand Totals
     14100        852        536        132      22332     537328   ELF Image Totals
     14100        852        536        132          0          0   ROM Totals

==============================================================================

    Total RO  Size (Code + RO Data)                14636 (  14.29kB)
    Total RW  Size (RW Data + ZI Data)             22464 (  21.94kB)
    Total ROM Size (Code + RO Data + RW Data)      14768 (  14.42kB)

==============================================================================

