Archive member included to satisfy reference by file (symbol)

e:/ac6/systemworkbench/plugins/fr.ac6.mcu.externaltools.arm-none.win32_1.7.0.201602121829/tools/compiler/bin/../lib/gcc/arm-none-eabi/5.2.1/armv6-m\libgcc.a(_thumb1_case_uqi.o)
                              Drivers/STM32F0xx_HAL_Driver/Src/stm32f0xx_hal_tim.o (__gnu_thumb1_case_uqi)
e:/ac6/systemworkbench/plugins/fr.ac6.mcu.externaltools.arm-none.win32_1.7.0.201602121829/tools/compiler/bin/../lib/gcc/arm-none-eabi/5.2.1/armv6-m\libgcc.a(_udivsi3.o)
                              Drivers/CMSIS/Device/ST/STM32F0xx/Source/Templates/system_stm32f0xx.o (__aeabi_uidiv)
e:/ac6/systemworkbench/plugins/fr.ac6.mcu.externaltools.arm-none.win32_1.7.0.201602121829/tools/compiler/bin/../lib/gcc/arm-none-eabi/5.2.1/armv6-m\libgcc.a(_dvmd_tls.o)
                              e:/ac6/systemworkbench/plugins/fr.ac6.mcu.externaltools.arm-none.win32_1.7.0.201602121829/tools/compiler/bin/../lib/gcc/arm-none-eabi/5.2.1/armv6-m\libgcc.a(_udivsi3.o) (__aeabi_idiv0)
e:/ac6/systemworkbench/plugins/fr.ac6.mcu.externaltools.arm-none.win32_1.7.0.201602121829/tools/compiler/bin/../lib/gcc/arm-none-eabi/5.2.1/armv6-m\libgcc.a(_lshrdi3.o)
                              Drivers/STM32F0xx_HAL_Driver/Src/stm32f0xx_hal_flash.o (__aeabi_llsr)
e:/ac6/systemworkbench/plugins/fr.ac6.mcu.externaltools.arm-none.win32_1.7.0.201602121829/tools/compiler/bin/../lib/gcc/arm-none-eabi/5.2.1/../../../../arm-none-eabi/lib/armv6-m\libc_nano.a(lib_a-exit.o)
                              e:/ac6/systemworkbench/plugins/fr.ac6.mcu.externaltools.arm-none.win32_1.7.0.201602121829/tools/compiler/bin/../lib/gcc/arm-none-eabi/5.2.1/../../../../arm-none-eabi/lib/armv6-m/crt0.o (exit)
e:/ac6/systemworkbench/plugins/fr.ac6.mcu.externaltools.arm-none.win32_1.7.0.201602121829/tools/compiler/bin/../lib/gcc/arm-none-eabi/5.2.1/../../../../arm-none-eabi/lib/armv6-m\libc_nano.a(lib_a-impure.o)
                              e:/ac6/systemworkbench/plugins/fr.ac6.mcu.externaltools.arm-none.win32_1.7.0.201602121829/tools/compiler/bin/../lib/gcc/arm-none-eabi/5.2.1/../../../../arm-none-eabi/lib/armv6-m\libc_nano.a(lib_a-exit.o) (_global_impure_ptr)
e:/ac6/systemworkbench/plugins/fr.ac6.mcu.externaltools.arm-none.win32_1.7.0.201602121829/tools/compiler/bin/../lib/gcc/arm-none-eabi/5.2.1/../../../../arm-none-eabi/lib/armv6-m\libc_nano.a(lib_a-init.o)
                              e:/ac6/systemworkbench/plugins/fr.ac6.mcu.externaltools.arm-none.win32_1.7.0.201602121829/tools/compiler/bin/../lib/gcc/arm-none-eabi/5.2.1/../../../../arm-none-eabi/lib/armv6-m/crt0.o (__libc_init_array)
e:/ac6/systemworkbench/plugins/fr.ac6.mcu.externaltools.arm-none.win32_1.7.0.201602121829/tools/compiler/bin/../lib/gcc/arm-none-eabi/5.2.1/../../../../arm-none-eabi/lib/armv6-m\libc_nano.a(lib_a-memcpy-stub.o)
                              Drivers/STM32F0xx_HAL_Driver/Src/stm32f0xx_hal_rcc.o (memcpy)
e:/ac6/systemworkbench/plugins/fr.ac6.mcu.externaltools.arm-none.win32_1.7.0.201602121829/tools/compiler/bin/../lib/gcc/arm-none-eabi/5.2.1/../../../../arm-none-eabi/lib/armv6-m\libc_nano.a(lib_a-memset.o)
                              e:/ac6/systemworkbench/plugins/fr.ac6.mcu.externaltools.arm-none.win32_1.7.0.201602121829/tools/compiler/bin/../lib/gcc/arm-none-eabi/5.2.1/../../../../arm-none-eabi/lib/armv6-m/crt0.o (memset)
e:/ac6/systemworkbench/plugins/fr.ac6.mcu.externaltools.arm-none.win32_1.7.0.201602121829/tools/compiler/bin/../lib/gcc/arm-none-eabi/5.2.1/../../../../arm-none-eabi/lib/armv6-m\libnosys.a(_exit.o)
                              e:/ac6/systemworkbench/plugins/fr.ac6.mcu.externaltools.arm-none.win32_1.7.0.201602121829/tools/compiler/bin/../lib/gcc/arm-none-eabi/5.2.1/../../../../arm-none-eabi/lib/armv6-m\libc_nano.a(lib_a-exit.o) (_exit)

Allocating common symbols
Common symbol       size              file

defaultTaskHandle   0x4               Src/freertos.o
uwTick              0x4               Drivers/STM32F0xx_HAL_Driver/Src/stm32f0xx_hal.o
xQueueRegistry      0x40              Middlewares/Third_Party/FreeRTOS/Source/queue.o
pFlash              0x20              Drivers/STM32F0xx_HAL_Driver/Src/stm32f0xx_hal_flash.o
huart1              0x70              Src/usart.o
myTask02Handle      0x4               Src/freertos.o
htim6               0x3c              Src/stm32f0xx_hal_timebase_TIM.o
myTask03Handle      0x4               Src/freertos.o
hspi1               0x64              Src/spi.o
Flag                0xa               Src/freertos.o

Discarded input sections

 .text          0x00000000        0x0 e:/ac6/systemworkbench/plugins/fr.ac6.mcu.externaltools.arm-none.win32_1.7.0.201602121829/tools/compiler/bin/../lib/gcc/arm-none-eabi/5.2.1/armv6-m/crti.o
 .data          0x00000000        0x0 e:/ac6/systemworkbench/plugins/fr.ac6.mcu.externaltools.arm-none.win32_1.7.0.201602121829/tools/compiler/bin/../lib/gcc/arm-none-eabi/5.2.1/armv6-m/crti.o
[...]
Memory Configuration

Name             Origin             Length             Attributes
RAM              0x20000000         0x00002000         xrw
FLASH            0x08000000         0x00010000         xr
*default*        0x00000000         0xffffffff

Linker script and memory map

LOAD e:/ac6/systemworkbench/plugins/fr.ac6.mcu.externaltools.arm-none.win32_1.7.0.201602121829/tools/compiler/bin/../lib/gcc/arm-none-eabi/5.2.1/armv6-m/crti.o
LOAD e:/ac6/systemworkbench/plugins/fr.ac6.mcu.externaltools.arm-none.win32_1.7.0.201602121829/tools/compiler/bin/../lib/gcc/arm-none-eabi/5.2.1/armv6-m/crtbegin.o
LOAD e:/ac6/systemworkbench/plugins/fr.ac6.mcu.externaltools.arm-none.win32_1.7.0.201602121829/tools/compiler/bin/../lib/gcc/arm-none-eabi/5.2.1/../../../../arm-none-eabi/lib/armv6-m/crt0.o
LOAD e:/ac6/systemworkbench/plugins/fr.ac6.mcu.externaltools.arm-none.win32_1.7.0.201602121829/tools/compiler/bin/../lib/gcc/arm-none-eabi/5.2.1/../../../../arm-none-eabi/lib/armv6-m\libm.a
LOAD Drivers/CMSIS/Device/ST/STM32F0xx/Source/Templates/gcc/startup_stm32f030x8.o
LOAD Drivers/CMSIS/Device/ST/STM32F0xx/Source/Templates/system_stm32f0xx.o
LOAD Drivers/STM32F0xx_HAL_Driver/Src/stm32f0xx_hal.o
LOAD Drivers/STM32F0xx_HAL_Driver/Src/stm32f0xx_hal_cortex.o
LOAD Drivers/STM32F0xx_HAL_Driver/Src/stm32f0xx_hal_dma.o
LOAD Drivers/STM32F0xx_HAL_Driver/Src/stm32f0xx_hal_flash.o
LOAD Drivers/STM32F0xx_HAL_Driver/Src/stm32f0xx_hal_flash_ex.o
LOAD Drivers/STM32F0xx_HAL_Driver/Src/stm32f0xx_hal_gpio.o
LOAD Drivers/STM32F0xx_HAL_Driver/Src/stm32f0xx_hal_i2c.o
LOAD Drivers/STM32F0xx_HAL_Driver/Src/stm32f0xx_hal_i2c_ex.o
LOAD Drivers/STM32F0xx_HAL_Driver/Src/stm32f0xx_hal_pwr.o
LOAD Drivers/STM32F0xx_HAL_Driver/Src/stm32f0xx_hal_pwr_ex.o
LOAD Drivers/STM32F0xx_HAL_Driver/Src/stm32f0xx_hal_rcc.o
LOAD Drivers/STM32F0xx_HAL_Driver/Src/stm32f0xx_hal_rcc_ex.o
LOAD Drivers/STM32F0xx_HAL_Driver/Src/stm32f0xx_hal_spi.o
LOAD Drivers/STM32F0xx_HAL_Driver/Src/stm32f0xx_hal_spi_ex.o
LOAD Drivers/STM32F0xx_HAL_Driver/Src/stm32f0xx_hal_tim.o
LOAD Drivers/STM32F0xx_HAL_Driver/Src/stm32f0xx_hal_tim_ex.o
LOAD Drivers/STM32F0xx_HAL_Driver/Src/stm32f0xx_hal_uart.o
LOAD Drivers/STM32F0xx_HAL_Driver/Src/stm32f0xx_hal_uart_ex.o
LOAD Middlewares/Third_Party/FreeRTOS/Source/CMSIS_RTOS/cmsis_os.o
LOAD Middlewares/Third_Party/FreeRTOS/Source/croutine.o
LOAD Middlewares/Third_Party/FreeRTOS/Source/event_groups.o
LOAD Middlewares/Third_Party/FreeRTOS/Source/list.o
LOAD Middlewares/Third_Party/FreeRTOS/Source/queue.o
LOAD Middlewares/Third_Party/FreeRTOS/Source/tasks.o
LOAD Middlewares/Third_Party/FreeRTOS/Source/timers.o
LOAD Middlewares/Third_Party/FreeRTOS/Source/portable/GCC/ARM_CM0/port.o
LOAD Middlewares/Third_Party/FreeRTOS/Source/portable/MemMang/heap_4.o
LOAD Src/freertos.o
LOAD Src/gpio.o
LOAD Src/main.o
LOAD Src/spi.o
LOAD Src/stm32f0xx_hal_msp.o
LOAD Src/stm32f0xx_hal_timebase_TIM.o
LOAD Src/stm32f0xx_it.o
LOAD Src/usart.o
START GROUP
LOAD e:/ac6/systemworkbench/plugins/fr.ac6.mcu.externaltools.arm-none.win32_1.7.0.201602121829/tools/compiler/bin/../lib/gcc/arm-none-eabi/5.2.1/armv6-m\libgcc.a
LOAD e:/ac6/systemworkbench/plugins/fr.ac6.mcu.externaltools.arm-none.win32_1.7.0.201602121829/tools/compiler/bin/../lib/gcc/arm-none-eabi/5.2.1/../../../../arm-none-eabi/lib/armv6-m\libc_nano.a
END GROUP
START GROUP
LOAD e:/ac6/systemworkbench/plugins/fr.ac6.mcu.externaltools.arm-none.win32_1.7.0.201602121829/tools/compiler/bin/../lib/gcc/arm-none-eabi/5.2.1/armv6-m\libgcc.a
LOAD e:/ac6/systemworkbench/plugins/fr.ac6.mcu.externaltools.arm-none.win32_1.7.0.201602121829/tools/compiler/bin/../lib/gcc/arm-none-eabi/5.2.1/../../../../arm-none-eabi/lib/armv6-m\libc_nano.a
LOAD e:/ac6/systemworkbench/plugins/fr.ac6.mcu.externaltools.arm-none.win32_1.7.0.201602121829/tools/compiler/bin/../lib/gcc/arm-none-eabi/5.2.1/../../../../arm-none-eabi/lib/armv6-m\libnosys.a
END GROUP
START GROUP
LOAD e:/ac6/systemworkbench/plugins/fr.ac6.mcu.externaltools.arm-none.win32_1.7.0.201602121829/tools/compiler/bin/../lib/gcc/arm-none-eabi/5.2.1/armv6-m\libgcc.a
LOAD e:/ac6/systemworkbench/plugins/fr.ac6.mcu.externaltools.arm-none.win32_1.7.0.201602121829/tools/compiler/bin/../lib/gcc/arm-none-eabi/5.2.1/../../../../arm-none-eabi/lib/armv6-m\libc_nano.a
LOAD e:/ac6/systemworkbench/plugins/fr.ac6.mcu.externaltools.arm-none.win32_1.7.0.201602121829/tools/compiler/bin/../lib/gcc/arm-none-eabi/5.2.1/../../../../arm-none-eabi/lib/armv6-m\libnosys.a
END GROUP
LOAD e:/ac6/systemworkbench/plugins/fr.ac6.mcu.externaltools.arm-none.win32_1.7.0.201602121829/tools/compiler/bin/../lib/gcc/arm-none-eabi/5.2.1/armv6-m/crtend.o
LOAD e:/ac6/systemworkbench/plugins/fr.ac6.mcu.externaltools.arm-none.win32_1.7.0.201602121829/tools/compiler/bin/../lib/gcc/arm-none-eabi/5.2.1/armv6-m/crtn.o
                0x20002000                _estack = 0x20002000
                0x00000200                _Min_Heap_Size = 0x200
                0x00000400                _Min_Stack_Size = 0x400

.isr_vector     0x08000000       0xc0
                0x08000000                . = ALIGN (0x4)
 *(.isr_vector)
 .isr_vector    0x08000000       0xc0 Drivers/CMSIS/Device/ST/STM32F0xx/Source/Templates/gcc/startup_stm32f030x8.o
                0x08000000                g_pfnVectors
                0x080000c0                . = ALIGN (0x4)

.text           0x080000c0     0x2460
                0x080000c0                . = ALIGN (0x4)
 *(.text)
 .text          0x080000c0       0xb4 e:/ac6/systemworkbench/plugins/fr.ac6.mcu.externaltools.arm-none.win32_1.7.0.201602121829/tools/compiler/bin/../lib/gcc/arm-none-eabi/5.2.1/armv6-m/crtbegin.o
 .text          0x08000174       0x14 e:/ac6/systemworkbench/plugins/fr.ac6.mcu.externaltools.arm-none.win32_1.7.0.201602121829/tools/compiler/bin/../lib/gcc/arm-none-eabi/5.2.1/armv6-m\libgcc.a(_thumb1_case_uqi.o)
                0x08000174                __gnu_thumb1_case_uqi
 .text          0x08000188      0x114 e:/ac6/systemworkbench/plugins/fr.ac6.mcu.externaltools.arm-none.win32_1.7.0.201602121829/tools/compiler/bin/../lib/gcc/arm-none-eabi/5.2.1/armv6-m\libgcc.a(_udivsi3.o)
                0x08000188                __aeabi_uidiv
                0x08000188                __udivsi3
                0x08000294                __aeabi_uidivmod
 .text          0x0800029c        0x4 e:/ac6/systemworkbench/plugins/fr.ac6.mcu.externaltools.arm-none.win32_1.7.0.201602121829/tools/compiler/bin/../lib/gcc/arm-none-eabi/5.2.1/armv6-m\libgcc.a(_dvmd_tls.o)
                0x0800029c                __aeabi_idiv0
                0x0800029c                __aeabi_ldiv0
 *(.text*)
 .text.Reset_Handler
                0x080002a0       0x50 Drivers/CMSIS/Device/ST/STM32F0xx/Source/Templates/gcc/startup_stm32f030x8.o
                0x080002a0                Reset_Handler
 .text.Default_Handler
                0x080002f0        0x2 Drivers/CMSIS/Device/ST/STM32F0xx/Source/Templates/gcc/startup_stm32f030x8.o
                0x080002f0                TIM1_CC_IRQHandler
                0x080002f0                I2C1_IRQHandler
                0x080002f0                EXTI2_3_IRQHandler
                0x080002f0                ADC1_IRQHandler
                0x080002f0                I2C2_IRQHandler
                0x080002f0                TIM17_IRQHandler
                0x080002f0                RTC_IRQHandler
                0x080002f0                TIM16_IRQHandler
                0x080002f0                TIM3_IRQHandler
                0x080002f0                EXTI4_15_IRQHandler
                0x080002f0                RCC_IRQHandler
                0x080002f0                DMA1_Channel1_IRQHandler
                0x080002f0                Default_Handler
                0x080002f0                TIM14_IRQHandler
                0x080002f0                DMA1_Channel4_5_IRQHandler
                0x080002f0                TIM15_IRQHandler
                0x080002f0                EXTI0_1_IRQHandler
                0x080002f0                SPI2_IRQHandler
                0x080002f0                WWDG_IRQHandler
                0x080002f0                DMA1_Channel2_3_IRQHandler
                0x080002f0                USART2_IRQHandler
                0x080002f0                FLASH_IRQHandler
                0x080002f0                TIM1_BRK_UP_TRG_COM_IRQHandler
 *fill*         0x080002f2        0x2 
 .text.SystemInit
                0x080002f4       0x60 Drivers/CMSIS/Device/ST/STM32F0xx/Source/Templates/system_stm32f0xx.o
                0x080002f4                SystemInit
 .text.HAL_Init
                0x08000354       0x20 Drivers/STM32F0xx_HAL_Driver/Src/stm32f0xx_hal.o
                0x08000354                HAL_Init
 .text.HAL_IncTick
                0x08000374       0x10 Drivers/STM32F0xx_HAL_Driver/Src/stm32f0xx_hal.o
                0x08000374                HAL_IncTick
 .text.HAL_GetTick
                0x08000384        0xc Drivers/STM32F0xx_HAL_Driver/Src/stm32f0xx_hal.o
                0x08000384                HAL_GetTick
 .text.HAL_NVIC_SetPriority
                0x08000390       0x60 Drivers/STM32F0xx_HAL_Driver/Src/stm32f0xx_hal_cortex.o
                0x08000390                HAL_NVIC_SetPriority
 .text.HAL_NVIC_EnableIRQ
                0x080003f0       0x14 Drivers/STM32F0xx_HAL_Driver/Src/stm32f0xx_hal_cortex.o
                0x080003f0                HAL_NVIC_EnableIRQ
 .text.HAL_SYSTICK_Config
                0x08000404       0x34 Drivers/STM32F0xx_HAL_Driver/Src/stm32f0xx_hal_cortex.o
                0x08000404                HAL_SYSTICK_Config
 .text.HAL_SYSTICK_CLKSourceConfig
                0x08000438       0x1c Drivers/STM32F0xx_HAL_Driver/Src/stm32f0xx_hal_cortex.o
                0x08000438                HAL_SYSTICK_CLKSourceConfig
 .text.HAL_GPIO_Init
                0x08000454      0x15c Drivers/STM32F0xx_HAL_Driver/Src/stm32f0xx_hal_gpio.o
                0x08000454                HAL_GPIO_Init
 .text.HAL_GPIO_ReadPin
                0x080005b0        0xc Drivers/STM32F0xx_HAL_Driver/Src/stm32f0xx_hal_gpio.o
                0x080005b0                HAL_GPIO_ReadPin
 .text.HAL_GPIO_WritePin
                0x080005bc        0xc Drivers/STM32F0xx_HAL_Driver/Src/stm32f0xx_hal_gpio.o
                0x080005bc                HAL_GPIO_WritePin
 .text.HAL_RCC_OscConfig
                0x080005c8      0x3dc Drivers/STM32F0xx_HAL_Driver/Src/stm32f0xx_hal_rcc.o
                0x080005c8                HAL_RCC_OscConfig
 .text.HAL_RCC_GetSysClockFreq
                0x080009a4       0x64 Drivers/STM32F0xx_HAL_Driver/Src/stm32f0xx_hal_rcc.o
                0x080009a4                HAL_RCC_GetSysClockFreq
 .text.HAL_RCC_ClockConfig
                0x08000a08      0x12c Drivers/STM32F0xx_HAL_Driver/Src/stm32f0xx_hal_rcc.o
                0x08000a08                HAL_RCC_ClockConfig
 .text.HAL_RCC_GetHCLKFreq
                0x08000b34        0xc Drivers/STM32F0xx_HAL_Driver/Src/stm32f0xx_hal_rcc.o
                0x08000b34                HAL_RCC_GetHCLKFreq
 .text.HAL_RCC_GetPCLK1Freq
                0x08000b40       0x20 Drivers/STM32F0xx_HAL_Driver/Src/stm32f0xx_hal_rcc.o
                0x08000b40                HAL_RCC_GetPCLK1Freq
 .text.HAL_RCC_GetClockConfig
                0x08000b60       0x38 Drivers/STM32F0xx_HAL_Driver/Src/stm32f0xx_hal_rcc.o
                0x08000b60                HAL_RCC_GetClockConfig
 .text.HAL_RCCEx_PeriphCLKConfig
                0x08000b98      0x110 Drivers/STM32F0xx_HAL_Driver/Src/stm32f0xx_hal_rcc_ex.o
                0x08000b98                HAL_RCCEx_PeriphCLKConfig
 .text.HAL_SPI_Init
                0x08000ca8       0xcc Drivers/STM32F0xx_HAL_Driver/Src/stm32f0xx_hal_spi.o
                0x08000ca8                HAL_SPI_Init
 .text.HAL_SPI_ErrorCallback
                0x08000d74        0x2 Drivers/STM32F0xx_HAL_Driver/Src/stm32f0xx_hal_spi.o
                0x08000d74                HAL_SPI_ErrorCallback
 .text.HAL_SPI_IRQHandler
                0x08000d76       0x90 Drivers/STM32F0xx_HAL_Driver/Src/stm32f0xx_hal_spi.o
                0x08000d76                HAL_SPI_IRQHandler
 .text.HAL_TIM_Base_MspInit
                0x08000e06        0x2 Drivers/STM32F0xx_HAL_Driver/Src/stm32f0xx_hal_tim.o
                0x08000e06                HAL_TIM_Base_MspInit
 .text.HAL_TIM_Base_Start_IT
                0x08000e08       0x14 Drivers/STM32F0xx_HAL_Driver/Src/stm32f0xx_hal_tim.o
                0x08000e08                HAL_TIM_Base_Start_IT
 .text.HAL_TIM_OC_DelayElapsedCallback
                0x08000e1c        0x2 Drivers/STM32F0xx_HAL_Driver/Src/stm32f0xx_hal_tim.o
                0x08000e1c                HAL_TIM_OC_DelayElapsedCallback
 .text.HAL_TIM_IC_CaptureCallback
                0x08000e1e        0x2 Drivers/STM32F0xx_HAL_Driver/Src/stm32f0xx_hal_tim.o
                0x08000e1e                HAL_TIM_IC_CaptureCallback
 .text.HAL_TIM_PWM_PulseFinishedCallback
                0x08000e20        0x2 Drivers/STM32F0xx_HAL_Driver/Src/stm32f0xx_hal_tim.o
                0x08000e20                HAL_TIM_PWM_PulseFinishedCallback
 .text.HAL_TIM_TriggerCallback
                0x08000e22        0x2 Drivers/STM32F0xx_HAL_Driver/Src/stm32f0xx_hal_tim.o
                0x08000e22                HAL_TIM_TriggerCallback
 .text.HAL_TIM_IRQHandler
                0x08000e24      0x146 Drivers/STM32F0xx_HAL_Driver/Src/stm32f0xx_hal_tim.o
                0x08000e24                HAL_TIM_IRQHandler
 *fill*         0x08000f6a        0x2 
 .text.TIM_Base_SetConfig
                0x08000f6c       0x88 Drivers/STM32F0xx_HAL_Driver/Src/stm32f0xx_hal_tim.o
                0x08000f6c                TIM_Base_SetConfig
 .text.HAL_TIM_Base_Init
                0x08000ff4       0x36 Drivers/STM32F0xx_HAL_Driver/Src/stm32f0xx_hal_tim.o
                0x08000ff4                HAL_TIM_Base_Init
 .text.HAL_TIMEx_CommutationCallback
                0x0800102a        0x2 Drivers/STM32F0xx_HAL_Driver/Src/stm32f0xx_hal_tim_ex.o
                0x0800102a                HAL_TIMEx_CommutationCallback
 .text.HAL_TIMEx_BreakCallback
                0x0800102c        0x2 Drivers/STM32F0xx_HAL_Driver/Src/stm32f0xx_hal_tim_ex.o
                0x0800102c                HAL_TIMEx_BreakCallback
 .text.HAL_UART_TxCpltCallback
                0x0800102e        0x2 Drivers/STM32F0xx_HAL_Driver/Src/stm32f0xx_hal_uart.o
                0x0800102e                HAL_UART_TxCpltCallback
 .text.HAL_UART_RxCpltCallback
                0x08001030        0x2 Drivers/STM32F0xx_HAL_Driver/Src/stm32f0xx_hal_uart.o
                0x08001030                HAL_UART_RxCpltCallback
 .text.HAL_UART_ErrorCallback
                0x08001032        0x2 Drivers/STM32F0xx_HAL_Driver/Src/stm32f0xx_hal_uart.o
                0x08001032                HAL_UART_ErrorCallback
 .text.UART_SetConfig
                0x08001034      0x134 Drivers/STM32F0xx_HAL_Driver/Src/stm32f0xx_hal_uart.o
                0x08001034                UART_SetConfig
 .text.UART_AdvFeatureConfig
                0x08001168       0xd0 Drivers/STM32F0xx_HAL_Driver/Src/stm32f0xx_hal_uart.o
                0x08001168                UART_AdvFeatureConfig
 .text.UART_CheckIdleState
                0x08001238       0x18 Drivers/STM32F0xx_HAL_Driver/Src/stm32f0xx_hal_uart.o
                0x08001238                UART_CheckIdleState
 .text.UART_Transmit_IT
                0x08001250       0x60 Drivers/STM32F0xx_HAL_Driver/Src/stm32f0xx_hal_uart.o
                0x08001250                UART_Transmit_IT
 .text.UART_EndTransmit_IT
                0x080012b0       0x1c Drivers/STM32F0xx_HAL_Driver/Src/stm32f0xx_hal_uart.o
                0x080012b0                UART_EndTransmit_IT
 .text.UART_Receive_IT
                0x080012cc       0x84 Drivers/STM32F0xx_HAL_Driver/Src/stm32f0xx_hal_uart.o
                0x080012cc                UART_Receive_IT
 .text.HAL_UART_IRQHandler
                0x08001350       0xba Drivers/STM32F0xx_HAL_Driver/Src/stm32f0xx_hal_uart.o
                0x08001350                HAL_UART_IRQHandler
 *fill*         0x0800140a        0x2 
 .text.HAL_RS485Ex_Init
                0x0800140c       0x8c Drivers/STM32F0xx_HAL_Driver/Src/stm32f0xx_hal_uart_ex.o
                0x0800140c                HAL_RS485Ex_Init
 .text.osKernelStart
                0x08001498        0xa Middlewares/Third_Party/FreeRTOS/Source/CMSIS_RTOS/cmsis_os.o
                0x08001498                osKernelStart
 .text.osThreadCreate
                0x080014a2       0x38 Middlewares/Third_Party/FreeRTOS/Source/CMSIS_RTOS/cmsis_os.o
                0x080014a2                osThreadCreate
 .text.osDelay  0x080014da       0x14 Middlewares/Third_Party/FreeRTOS/Source/CMSIS_RTOS/cmsis_os.o
                0x080014da                osDelay
 .text.osSystickHandler
                0x080014ee       0x10 Middlewares/Third_Party/FreeRTOS/Source/CMSIS_RTOS/cmsis_os.o
                0x080014ee                osSystickHandler
 .text.vListInitialise
                0x080014fe       0x16 Middlewares/Third_Party/FreeRTOS/Source/list.o
                0x080014fe                vListInitialise
 .text.vListInitialiseItem
                0x08001514        0x6 Middlewares/Third_Party/FreeRTOS/Source/list.o
                0x08001514                vListInitialiseItem
 .text.vListInsertEnd
                0x0800151a       0x18 Middlewares/Third_Party/FreeRTOS/Source/list.o
                0x0800151a                vListInsertEnd
 .text.vListInsert
                0x08001532       0x30 Middlewares/Third_Party/FreeRTOS/Source/list.o
                0x08001532                vListInsert
 .text.uxListRemove
                0x08001562       0x20 Middlewares/Third_Party/FreeRTOS/Source/list.o
                0x08001562                uxListRemove
 *fill*         0x08001582        0x2 
 .text.prvResetNextTaskUnblockTime
                0x08001584       0x20 Middlewares/Third_Party/FreeRTOS/Source/tasks.o
 .text.prvAddCurrentTaskToDelayedList
                0x080015a4       0x34 Middlewares/Third_Party/FreeRTOS/Source/tasks.o
 .text.xTaskGenericCreate.part.4
                0x080015d8      0x178 Middlewares/Third_Party/FreeRTOS/Source/tasks.o
 .text.xTaskGenericCreate
                0x08001750       0x28 Middlewares/Third_Party/FreeRTOS/Source/tasks.o
                0x08001750                xTaskGenericCreate
 .text.vTaskStartScheduler
                0x08001778       0x4c Middlewares/Third_Party/FreeRTOS/Source/tasks.o
                0x08001778                vTaskStartScheduler
 .text.vTaskSuspendAll
                0x080017c4       0x10 Middlewares/Third_Party/FreeRTOS/Source/tasks.o
                0x080017c4                vTaskSuspendAll
 .text.xTaskIncrementTick
                0x080017d4       0xd8 Middlewares/Third_Party/FreeRTOS/Source/tasks.o
                0x080017d4                xTaskIncrementTick
 .text.xTaskResumeAll
                0x080018ac       0xac Middlewares/Third_Party/FreeRTOS/Source/tasks.o
                0x080018ac                xTaskResumeAll
 .text.vTaskDelay
                0x08001958       0x44 Middlewares/Third_Party/FreeRTOS/Source/tasks.o
                0x08001958                vTaskDelay
 .text.prvIdleTask
                0x0800199c       0x64 Middlewares/Third_Party/FreeRTOS/Source/tasks.o
 .text.vTaskSwitchContext
                0x08001a00       0x68 Middlewares/Third_Party/FreeRTOS/Source/tasks.o
                0x08001a00                vTaskSwitchContext
 .text.xTaskGetSchedulerState
                0x08001a68       0x18 Middlewares/Third_Party/FreeRTOS/Source/tasks.o
                0x08001a68                xTaskGetSchedulerState
 .text.prvTaskExitError
                0x08001a80       0x14 Middlewares/Third_Party/FreeRTOS/Source/portable/GCC/ARM_CM0/port.o
 .text.vPortStartFirstTask
                0x08001a94       0x20 Middlewares/Third_Party/FreeRTOS/Source/portable/GCC/ARM_CM0/port.o
 .text.pxPortInitialiseStack
                0x08001ab4       0x20 Middlewares/Third_Party/FreeRTOS/Source/portable/GCC/ARM_CM0/port.o
                0x08001ab4                pxPortInitialiseStack
 .text.SVC_Handler
                0x08001ad4        0x2 Middlewares/Third_Party/FreeRTOS/Source/portable/GCC/ARM_CM0/port.o
                0x08001ad4                SVC_Handler
 *fill*         0x08001ad6        0x2 
 .text.xPortStartScheduler
                0x08001ad8       0x54 Middlewares/Third_Party/FreeRTOS/Source/portable/GCC/ARM_CM0/port.o
                0x08001ad8                xPortStartScheduler
 .text.vPortYield
                0x08001b2c       0x18 Middlewares/Third_Party/FreeRTOS/Source/portable/GCC/ARM_CM0/port.o
                0x08001b2c                vPortYield
 .text.vPortEnterCritical
                0x08001b44       0x18 Middlewares/Third_Party/FreeRTOS/Source/portable/GCC/ARM_CM0/port.o
                0x08001b44                vPortEnterCritical
 .text.vPortExitCritical
                0x08001b5c       0x1c Middlewares/Third_Party/FreeRTOS/Source/portable/GCC/ARM_CM0/port.o
                0x08001b5c                vPortExitCritical
 .text.ulSetInterruptMaskFromISR
                0x08001b78        0xa Middlewares/Third_Party/FreeRTOS/Source/portable/GCC/ARM_CM0/port.o
                0x08001b78                ulSetInterruptMaskFromISR
 .text.vClearInterruptMaskFromISR
                0x08001b82        0x6 Middlewares/Third_Party/FreeRTOS/Source/portable/GCC/ARM_CM0/port.o
                0x08001b82                vClearInterruptMaskFromISR
 .text.PendSV_Handler
                0x08001b88       0x44 Middlewares/Third_Party/FreeRTOS/Source/portable/GCC/ARM_CM0/port.o
                0x08001b88                PendSV_Handler
 .text.xPortSysTickHandler
                0x08001bcc       0x24 Middlewares/Third_Party/FreeRTOS/Source/portable/GCC/ARM_CM0/port.o
                0x08001bcc                xPortSysTickHandler
 .text.unlikely.prvInsertBlockIntoFreeList
                0x08001bf0       0x44 Middlewares/Third_Party/FreeRTOS/Source/portable/MemMang/heap_4.o
 .text.pvPortMalloc
                0x08001c34       0xfc Middlewares/Third_Party/FreeRTOS/Source/portable/MemMang/heap_4.o
                0x08001c34                pvPortMalloc
 .text.vPortFree
                0x08001d30       0x44 Middlewares/Third_Party/FreeRTOS/Source/portable/MemMang/heap_4.o
                0x08001d30                vPortFree
 .text.KompObmen
                0x08001d74        0xa Src/freertos.o
                0x08001d74                KompObmen
 *fill*         0x08001d7e        0x2 
 .text.ReadButtonThred
                0x08001d80       0x84 Src/freertos.o
                0x08001d80                ReadButtonThred
 .text.MX_FREERTOS_Init
                0x08001e04       0x68 Src/freertos.o
                0x08001e04                MX_FREERTOS_Init
 .text.FunctionSOG
                0x08001e6c       0x14 Src/freertos.o
                0x08001e6c                FunctionSOG
 .text.FunctionRunRight
                0x08001e80       0x1c Src/freertos.o
                0x08001e80                FunctionRunRight
 .text.FunctionRunLeft
                0x08001e9c       0x1c Src/freertos.o
                0x08001e9c                FunctionRunLeft
 .text.FunctionTormogenie
                0x08001eb8       0x24 Src/freertos.o
                0x08001eb8                FunctionTormogenie
 .text.InitUserStruct
                0x08001edc       0x20 Src/freertos.o
                0x08001edc                InitUserStruct
 .text.MainThred
                0x08001efc      0x1f0 Src/freertos.o
                0x08001efc                MainThred
 .text.MX_GPIO_Init
                0x080020ec       0xb0 Src/gpio.o
                0x080020ec                MX_GPIO_Init
 .text.SystemClock_Config
                0x0800219c       0x78 Src/main.o
                0x0800219c                SystemClock_Config
 .text.startup.main
                0x08002214       0x20 Src/main.o
                0x08002214                main
 .text.HAL_TIM_PeriodElapsedCallback
                0x08002234       0x14 Src/main.o
                0x08002234                HAL_TIM_PeriodElapsedCallback
 .text.Error_Handler
                0x08002248        0x2 Src/main.o
                0x08002248                Error_Handler
 *fill*         0x0800224a        0x2 
 .text.MX_SPI1_Init
                0x0800224c       0x50 Src/spi.o
                0x0800224c                MX_SPI1_Init
 .text.HAL_SPI_MspInit
                0x0800229c       0x58 Src/spi.o
                0x0800229c                HAL_SPI_MspInit
 .text.HAL_MspInit
                0x080022f4       0x40 Src/stm32f0xx_hal_msp.o
                0x080022f4                HAL_MspInit
 .text.HAL_InitTick
                0x08002334       0x78 Src/stm32f0xx_hal_timebase_TIM.o
                0x08002334                HAL_InitTick
 .text.NMI_Handler
                0x080023ac        0x2 Src/stm32f0xx_it.o
                0x080023ac                NMI_Handler
 .text.HardFault_Handler
                0x080023ae        0x2 Src/stm32f0xx_it.o
                0x080023ae                HardFault_Handler
 .text.SysTick_Handler
                0x080023b0        0x8 Src/stm32f0xx_it.o
                0x080023b0                SysTick_Handler
 .text.TIM6_IRQHandler
                0x080023b8       0x10 Src/stm32f0xx_it.o
                0x080023b8                TIM6_IRQHandler
 .text.SPI1_IRQHandler
                0x080023c8       0x10 Src/stm32f0xx_it.o
                0x080023c8                SPI1_IRQHandler
 .text.USART1_IRQHandler
                0x080023d8       0x10 Src/stm32f0xx_it.o
                0x080023d8                USART1_IRQHandler
 .text.MX_USART1_UART_Init
                0x080023e8       0x3c Src/usart.o
                0x080023e8                MX_USART1_UART_Init
 .text.HAL_UART_MspInit
                0x08002424       0x74 Src/usart.o
                0x08002424                HAL_UART_MspInit
 .text.__libc_init_array
                0x08002498       0x4c e:/ac6/systemworkbench/plugins/fr.ac6.mcu.externaltools.arm-none.win32_1.7.0.201602121829/tools/compiler/bin/../lib/gcc/arm-none-eabi/5.2.1/../../../../arm-none-eabi/lib/armv6-m\libc_nano.a(lib_a-init.o)
                0x08002498                __libc_init_array
 .text.memcpy   0x080024e4       0x12 e:/ac6/systemworkbench/plugins/fr.ac6.mcu.externaltools.arm-none.win32_1.7.0.201602121829/tools/compiler/bin/../lib/gcc/arm-none-eabi/5.2.1/../../../../arm-none-eabi/lib/armv6-m\libc_nano.a(lib_a-memcpy-stub.o)
                0x080024e4                memcpy
 .text.memset   0x080024f6       0x10 e:/ac6/systemworkbench/plugins/fr.ac6.mcu.externaltools.arm-none.win32_1.7.0.201602121829/tools/compiler/bin/../lib/gcc/arm-none-eabi/5.2.1/../../../../arm-none-eabi/lib/armv6-m\libc_nano.a(lib_a-memset.o)
                0x080024f6                memset
 *(.glue_7)
 .glue_7        0x08002506        0x0 linker stubs
 *(.glue_7t)
 .glue_7t       0x08002506        0x0 linker stubs
 *(.eh_frame)
 *fill*         0x08002506        0x2 
 .eh_frame      0x08002508        0x0 e:/ac6/systemworkbench/plugins/fr.ac6.mcu.externaltools.arm-none.win32_1.7.0.201602121829/tools/compiler/bin/../lib/gcc/arm-none-eabi/5.2.1/armv6-m/crtbegin.o
 *(.init)
 .init          0x08002508        0x4 e:/ac6/systemworkbench/plugins/fr.ac6.mcu.externaltools.arm-none.win32_1.7.0.201602121829/tools/compiler/bin/../lib/gcc/arm-none-eabi/5.2.1/armv6-m/crti.o
                0x08002508                _init
 .init          0x0800250c        0x8 e:/ac6/systemworkbench/plugins/fr.ac6.mcu.externaltools.arm-none.win32_1.7.0.201602121829/tools/compiler/bin/../lib/gcc/arm-none-eabi/5.2.1/armv6-m/crtn.o
 *(.fini)
 .fini          0x08002514        0x4 e:/ac6/systemworkbench/plugins/fr.ac6.mcu.externaltools.arm-none.win32_1.7.0.201602121829/tools/compiler/bin/../lib/gcc/arm-none-eabi/5.2.1/armv6-m/crti.o
                0x08002514                _fini
 .fini          0x08002518        0x8 e:/ac6/systemworkbench/plugins/fr.ac6.mcu.externaltools.arm-none.win32_1.7.0.201602121829/tools/compiler/bin/../lib/gcc/arm-none-eabi/5.2.1/armv6-m/crtn.o
                0x08002520                . = ALIGN (0x4)
                0x08002520                _etext = .

.vfp11_veneer   0x08002520        0x0
 .vfp11_veneer  0x08002520        0x0 linker stubs

.v4_bx          0x08002520        0x0
 .v4_bx         0x08002520        0x0 linker stubs

.iplt           0x08002520        0x0
 .iplt          0x08002520        0x0 e:/ac6/systemworkbench/plugins/fr.ac6.mcu.externaltools.arm-none.win32_1.7.0.201602121829/tools/compiler/bin/../lib/gcc/arm-none-eabi/5.2.1/armv6-m/crtbegin.o

.rodata         0x08002520       0x9c
                0x08002520                . = ALIGN (0x4)
 *(.rodata)
 .rodata        0x08002520       0x18 Drivers/CMSIS/Device/ST/STM32F0xx/Source/Templates/system_stm32f0xx.o
                0x08002520                AHBPrescTable
                0x08002530                APBPrescTable
 .rodata        0x08002538       0x20 Drivers/STM32F0xx_HAL_Driver/Src/stm32f0xx_hal_rcc.o
 .rodata        0x08002558        0x4 Drivers/STM32F0xx_HAL_Driver/Src/stm32f0xx_hal_uart.o
 .rodata        0x0800255c       0x3c Src/freertos.o
 *(.rodata*)
 .rodata.str1.1
                0x08002598        0x5 Middlewares/Third_Party/FreeRTOS/Source/tasks.o
 .rodata.str1.1
                0x0800259d       0x1e Src/freertos.o
                0x080025bc                . = ALIGN (0x4)
 *fill*         0x080025bb        0x1 

.rel.dyn        0x080025bc        0x0
 .rel.iplt      0x080025bc        0x0 e:/ac6/systemworkbench/plugins/fr.ac6.mcu.externaltools.arm-none.win32_1.7.0.201602121829/tools/compiler/bin/../lib/gcc/arm-none-eabi/5.2.1/armv6-m/crtbegin.o

.ARM.extab
 *(.ARM.extab* .gnu.linkonce.armextab.*)

.ARM            0x080025bc        0x0
                0x080025bc                __exidx_start = .
 *(.ARM.exidx*)
                0x080025bc                __exidx_end = .

.preinit_array  0x080025bc        0x0
                0x080025bc                PROVIDE (__preinit_array_start, .)
 *(.preinit_array*)
                0x080025bc                PROVIDE (__preinit_array_end, .)

.init_array     0x080025bc        0x4
                0x080025bc                PROVIDE (__init_array_start, .)
 *(SORT(.init_array.*))
 *(.init_array*)
 .init_array    0x080025bc        0x4 e:/ac6/systemworkbench/plugins/fr.ac6.mcu.externaltools.arm-none.win32_1.7.0.201602121829/tools/compiler/bin/../lib/gcc/arm-none-eabi/5.2.1/armv6-m/crtbegin.o
                0x080025c0                PROVIDE (__init_array_end, .)

.fini_array     0x080025c0        0x4
                [!provide]                PROVIDE (__fini_array_start, .)
 *(SORT(.fini_array.*))
 *(.fini_array*)
 .fini_array    0x080025c0        0x4 e:/ac6/systemworkbench/plugins/fr.ac6.mcu.externaltools.arm-none.win32_1.7.0.201602121829/tools/compiler/bin/../lib/gcc/arm-none-eabi/5.2.1/armv6-m/crtbegin.o
                [!provide]                PROVIDE (__fini_array_end, .)
                0x080025c4                _sidata = LOADADDR (.data)

.data           0x20000000       0x10 load address 0x080025c4
                0x20000000                . = ALIGN (0x4)
                0x20000000                _sdata = .
 *(.data)
 .data          0x20000000        0x4 Drivers/CMSIS/Device/ST/STM32F0xx/Source/Templates/system_stm32f0xx.o
                0x20000000                SystemCoreClock
 .data          0x20000004        0x4 Middlewares/Third_Party/FreeRTOS/Source/portable/GCC/ARM_CM0/port.o
 .data          0x20000008        0x8 Src/freertos.o
                0x20000008                delayTormozRunRight
                0x2000000a                delayTormozRunLeft
                0x2000000c                delayKachanie
                0x2000000e                delayTormogenie
 *(.data*)
                0x20000010                . = ALIGN (0x4)
                0x20000010                _edata = .

.jcr            0x20000010        0x0 load address 0x080025d4
 .jcr           0x20000010        0x0 e:/ac6/systemworkbench/plugins/fr.ac6.mcu.externaltools.arm-none.win32_1.7.0.201602121829/tools/compiler/bin/../lib/gcc/arm-none-eabi/5.2.1/armv6-m/crtbegin.o

.tm_clone_table
                0x20000010        0x0 load address 0x080025d4
 .tm_clone_table
                0x20000010        0x0 e:/ac6/systemworkbench/plugins/fr.ac6.mcu.externaltools.arm-none.win32_1.7.0.201602121829/tools/compiler/bin/../lib/gcc/arm-none-eabi/5.2.1/armv6-m/crtbegin.o
 .tm_clone_table
                0x20000010        0x0 e:/ac6/systemworkbench/plugins/fr.ac6.mcu.externaltools.arm-none.win32_1.7.0.201602121829/tools/compiler/bin/../lib/gcc/arm-none-eabi/5.2.1/armv6-m/crtend.o

.igot.plt       0x20000010        0x0 load address 0x080025d4
 .igot.plt      0x20000010        0x0 e:/ac6/systemworkbench/plugins/fr.ac6.mcu.externaltools.arm-none.win32_1.7.0.201602121829/tools/compiler/bin/../lib/gcc/arm-none-eabi/5.2.1/armv6-m/crtbegin.o
                0x20000010                . = ALIGN (0x4)

.bss            0x20000010     0x1228 load address 0x080025d4
                0x20000010                _sbss = .
                0x20000010                __bss_start__ = _sbss
 *(.bss)
 .bss           0x20000010       0x1c e:/ac6/systemworkbench/plugins/fr.ac6.mcu.externaltools.arm-none.win32_1.7.0.201602121829/tools/compiler/bin/../lib/gcc/arm-none-eabi/5.2.1/armv6-m/crtbegin.o
 .bss           0x2000002c      0x128 Middlewares/Third_Party/FreeRTOS/Source/tasks.o
                0x2000005c                pxCurrentTCB
 .bss           0x20000154      0xfb8 Middlewares/Third_Party/FreeRTOS/Source/portable/MemMang/heap_4.o
 *(.bss*)
 *(COMMON)
 COMMON         0x2000110c        0x4 Drivers/STM32F0xx_HAL_Driver/Src/stm32f0xx_hal.o
                0x2000110c                uwTick
 COMMON         0x20001110       0x16 Src/freertos.o
                0x20001110                defaultTaskHandle
                0x20001114                myTask02Handle
                0x20001118                myTask03Handle
                0x2000111c                Flag
 *fill*         0x20001126        0x2 
 COMMON         0x20001128       0x64 Src/spi.o
                0x20001128                hspi1
 COMMON         0x2000118c       0x3c Src/stm32f0xx_hal_timebase_TIM.o
                0x2000118c                htim6
 COMMON         0x200011c8       0x70 Src/usart.o
                0x200011c8                huart1
                0x20001238                . = ALIGN (0x4)
                0x20001238                _ebss = .
                0x20001238                __bss_end__ = _ebss

._user_heap_stack
                0x20001238      0x600 load address 0x080025d4
                0x20001238                . = ALIGN (0x8)
                [!provide]                PROVIDE (end, .)
                [!provide]                PROVIDE (_end, .)
                0x20001438                . = (. + _Min_Heap_Size)
 *fill*         0x20001238      0x200 
                0x20001838                . = (. + _Min_Stack_Size)
 *fill*         0x20001438      0x400 
                0x20001838                . = ALIGN (0x8)

/DISCARD/
 libc.a(*)
 libm.a(*)
 libgcc.a(*)

.ARM.attributes
                0x00000000       0x28
 *(.ARM.attributes)
 .ARM.attributes
                0x00000000       0x1e e:/ac6/systemworkbench/plugins/fr.ac6.mcu.externaltools.arm-none.win32_1.7.0.201602121829/tools/compiler/bin/../lib/gcc/arm-none-eabi/5.2.1/armv6-m/crti.o
 .ARM.attributes
                0x0000001e       0x2c e:/ac6/systemworkbench/plugins/fr.ac6.mcu.externaltools.arm-none.win32_1.7.0.201602121829/tools/compiler/bin/../lib/gcc/arm-none-eabi/5.2.1/armv6-m/crtbegin.o
 .ARM.attributes
                0x0000004a       0x21 Drivers/CMSIS/Device/ST/STM32F0xx/Source/Templates/gcc/startup_stm32f030x8.o
 .ARM.attributes
                0x0000006b       0x31 Drivers/CMSIS/Device/ST/STM32F0xx/Source/Templates/system_stm32f0xx.o
 .ARM.attributes
                0x0000009c       0x31 Drivers/STM32F0xx_HAL_Driver/Src/stm32f0xx_hal.o
 .ARM.attributes
                0x000000cd       0x31 Drivers/STM32F0xx_HAL_Driver/Src/stm32f0xx_hal_cortex.o
 .ARM.attributes
                0x000000fe       0x31 Drivers/STM32F0xx_HAL_Driver/Src/stm32f0xx_hal_gpio.o
 .ARM.attributes
                0x0000012f       0x31 Drivers/STM32F0xx_HAL_Driver/Src/stm32f0xx_hal_rcc.o
 .ARM.attributes
                0x00000160       0x31 Drivers/STM32F0xx_HAL_Driver/Src/stm32f0xx_hal_rcc_ex.o
 .ARM.attributes
                0x00000191       0x31 Drivers/STM32F0xx_HAL_Driver/Src/stm32f0xx_hal_spi.o
 .ARM.attributes
                0x000001c2       0x31 Drivers/STM32F0xx_HAL_Driver/Src/stm32f0xx_hal_tim.o
 .ARM.attributes
                0x000001f3       0x31 Drivers/STM32F0xx_HAL_Driver/Src/stm32f0xx_hal_tim_ex.o
 .ARM.attributes
                0x00000224       0x31 Drivers/STM32F0xx_HAL_Driver/Src/stm32f0xx_hal_uart.o
 .ARM.attributes
                0x00000255       0x31 Drivers/STM32F0xx_HAL_Driver/Src/stm32f0xx_hal_uart_ex.o
 .ARM.attributes
                0x00000286       0x31 Middlewares/Third_Party/FreeRTOS/Source/CMSIS_RTOS/cmsis_os.o
 .ARM.attributes
                0x000002b7       0x31 Middlewares/Third_Party/FreeRTOS/Source/list.o
 .ARM.attributes
                0x000002e8       0x31 Middlewares/Third_Party/FreeRTOS/Source/tasks.o
 .ARM.attributes
                0x00000319       0x31 Middlewares/Third_Party/FreeRTOS/Source/portable/GCC/ARM_CM0/port.o
 .ARM.attributes
                0x0000034a       0x31 Middlewares/Third_Party/FreeRTOS/Source/portable/MemMang/heap_4.o
 .ARM.attributes
                0x0000037b       0x31 Src/freertos.o
 .ARM.attributes
                0x000003ac       0x31 Src/gpio.o
 .ARM.attributes
                0x000003dd       0x31 Src/main.o
 .ARM.attributes
                0x0000040e       0x31 Src/spi.o
 .ARM.attributes
                0x0000043f       0x31 Src/stm32f0xx_hal_msp.o
 .ARM.attributes
                0x00000470       0x31 Src/stm32f0xx_hal_timebase_TIM.o
 .ARM.attributes
                0x000004a1       0x31 Src/stm32f0xx_it.o
 .ARM.attributes
                0x000004d2       0x31 Src/usart.o
 .ARM.attributes
                0x00000503       0x1e e:/ac6/systemworkbench/plugins/fr.ac6.mcu.externaltools.arm-none.win32_1.7.0.201602121829/tools/compiler/bin/../lib/gcc/arm-none-eabi/5.2.1/armv6-m\libgcc.a(_thumb1_case_uqi.o)
 .ARM.attributes
                0x00000521       0x1e e:/ac6/systemworkbench/plugins/fr.ac6.mcu.externaltools.arm-none.win32_1.7.0.201602121829/tools/compiler/bin/../lib/gcc/arm-none-eabi/5.2.1/armv6-m\libgcc.a(_udivsi3.o)
 .ARM.attributes
                0x0000053f       0x1e e:/ac6/systemworkbench/plugins/fr.ac6.mcu.externaltools.arm-none.win32_1.7.0.201602121829/tools/compiler/bin/../lib/gcc/arm-none-eabi/5.2.1/armv6-m\libgcc.a(_dvmd_tls.o)
 .ARM.attributes
                0x0000055d       0x2c e:/ac6/systemworkbench/plugins/fr.ac6.mcu.externaltools.arm-none.win32_1.7.0.201602121829/tools/compiler/bin/../lib/gcc/arm-none-eabi/5.2.1/../../../../arm-none-eabi/lib/armv6-m\libc_nano.a(lib_a-init.o)
 .ARM.attributes
                0x00000589       0x2c e:/ac6/systemworkbench/plugins/fr.ac6.mcu.externaltools.arm-none.win32_1.7.0.201602121829/tools/compiler/bin/../lib/gcc/arm-none-eabi/5.2.1/../../../../arm-none-eabi/lib/armv6-m\libc_nano.a(lib_a-memcpy-stub.o)
 .ARM.attributes
                0x000005b5       0x2c e:/ac6/systemworkbench/plugins/fr.ac6.mcu.externaltools.arm-none.win32_1.7.0.201602121829/tools/compiler/bin/../lib/gcc/arm-none-eabi/5.2.1/../../../../arm-none-eabi/lib/armv6-m\libc_nano.a(lib_a-memset.o)
 .ARM.attributes
                0x000005e1       0x2c e:/ac6/systemworkbench/plugins/fr.ac6.mcu.externaltools.arm-none.win32_1.7.0.201602121829/tools/compiler/bin/../lib/gcc/arm-none-eabi/5.2.1/armv6-m/crtend.o
 .ARM.attributes
                0x0000060d       0x1e e:/ac6/systemworkbench/plugins/fr.ac6.mcu.externaltools.arm-none.win32_1.7.0.201602121829/tools/compiler/bin/../lib/gcc/arm-none-eabi/5.2.1/armv6-m/crtn.o
OUTPUT(Stanok_sverl.elf elf32-littlearm)

.debug_line     0x00000000     0xf846
 .debug_line    0x00000000       0xb2 Drivers/CMSIS/Device/ST/STM32F0xx/Source/Templates/gcc/startup_stm32f030x8.o
 .debug_line    0x000000b2      0x83b Drivers/CMSIS/Device/ST/STM32F0xx/Source/Templates/system_stm32f0xx.o
 .debug_line    0x000008ed      0x91f Drivers/STM32F0xx_HAL_Driver/Src/stm32f0xx_hal.o
 .debug_line    0x0000120c      0x96e Drivers/STM32F0xx_HAL_Driver/Src/stm32f0xx_hal_cortex.o
 .debug_line    0x00001b7a      0x95d Drivers/STM32F0xx_HAL_Driver/Src/stm32f0xx_hal_gpio.o
 .debug_line    0x000024d7      0xaf5 Drivers/STM32F0xx_HAL_Driver/Src/stm32f0xx_hal_rcc.o
 .debug_line    0x00002fcc      0x8d6 Drivers/STM32F0xx_HAL_Driver/Src/stm32f0xx_hal_rcc_ex.o
 .debug_line    0x000038a2     0x1138 Drivers/STM32F0xx_HAL_Driver/Src/stm32f0xx_hal_spi.o
 .debug_line    0x000049da     0x1802 Drivers/STM32F0xx_HAL_Driver/Src/stm32f0xx_hal_tim.o
 .debug_line    0x000061dc      0xc73 Drivers/STM32F0xx_HAL_Driver/Src/stm32f0xx_hal_tim_ex.o
 .debug_line    0x00006e4f     0x1029 Drivers/STM32F0xx_HAL_Driver/Src/stm32f0xx_hal_uart.o
 .debug_line    0x00007e78      0x82f Drivers/STM32F0xx_HAL_Driver/Src/stm32f0xx_hal_uart_ex.o
 .debug_line    0x000086a7      0xae4 Middlewares/Third_Party/FreeRTOS/Source/CMSIS_RTOS/cmsis_os.o
 .debug_line    0x0000918b      0x57f Middlewares/Third_Party/FreeRTOS/Source/list.o
 .debug_line    0x0000970a      0xdc9 Middlewares/Third_Party/FreeRTOS/Source/tasks.o
 .debug_line    0x0000a4d3      0x59e Middlewares/Third_Party/FreeRTOS/Source/portable/GCC/ARM_CM0/port.o
 .debug_line    0x0000aa71      0x61f Middlewares/Third_Party/FreeRTOS/Source/portable/MemMang/heap_4.o
 .debug_line    0x0000b090      0xae4 Src/freertos.o
 .debug_line    0x0000bb74      0x7f8 Src/gpio.o
 .debug_line    0x0000c36c      0xa3f Src/main.o
 .debug_line    0x0000cdab      0x836 Src/spi.o
 .debug_line    0x0000d5e1      0x7e0 Src/stm32f0xx_hal_msp.o
 .debug_line    0x0000ddc1      0x81a Src/stm32f0xx_hal_timebase_TIM.o
 .debug_line    0x0000e5db      0xa2b Src/stm32f0xx_it.o
 .debug_line    0x0000f006      0x840 Src/usart.o

.debug_info     0x00000000    0x11892
 .debug_info    0x00000000       0xa8 Drivers/CMSIS/Device/ST/STM32F0xx/Source/Templates/gcc/startup_stm32f030x8.o
 .debug_info    0x000000a8      0x246 Drivers/CMSIS/Device/ST/STM32F0xx/Source/Templates/system_stm32f0xx.o
 .debug_info    0x000002ee      0x57f Drivers/STM32F0xx_HAL_Driver/Src/stm32f0xx_hal.o
 .debug_info    0x0000086d      0x799 Drivers/STM32F0xx_HAL_Driver/Src/stm32f0xx_hal_cortex.o
 .debug_info    0x00001006      0x5e3 Drivers/STM32F0xx_HAL_Driver/Src/stm32f0xx_hal_gpio.o
 .debug_info    0x000015e9      0x98d Drivers/STM32F0xx_HAL_Driver/Src/stm32f0xx_hal_rcc.o
 .debug_info    0x00001f76      0x39a Drivers/STM32F0xx_HAL_Driver/Src/stm32f0xx_hal_rcc_ex.o
 .debug_info    0x00002310     0x1b1c Drivers/STM32F0xx_HAL_Driver/Src/stm32f0xx_hal_spi.o
 .debug_info    0x00003e2c     0x2d54 Drivers/STM32F0xx_HAL_Driver/Src/stm32f0xx_hal_tim.o
 .debug_info    0x00006b80      0xecb Drivers/STM32F0xx_HAL_Driver/Src/stm32f0xx_hal_tim_ex.o
 .debug_info    0x00007a4b     0x1262 Drivers/STM32F0xx_HAL_Driver/Src/stm32f0xx_hal_uart.o
 .debug_info    0x00008cad      0x6e7 Drivers/STM32F0xx_HAL_Driver/Src/stm32f0xx_hal_uart_ex.o
 .debug_info    0x00009394     0x1aab Middlewares/Third_Party/FreeRTOS/Source/CMSIS_RTOS/cmsis_os.o
 .debug_info    0x0000ae3f      0x2a5 Middlewares/Third_Party/FreeRTOS/Source/list.o
 .debug_info    0x0000b0e4     0x20ee Middlewares/Third_Party/FreeRTOS/Source/tasks.o
 .debug_info    0x0000d1d2      0x2ad Middlewares/Third_Party/FreeRTOS/Source/portable/GCC/ARM_CM0/port.o
 .debug_info    0x0000d47f      0x391 Middlewares/Third_Party/FreeRTOS/Source/portable/MemMang/heap_4.o
 .debug_info    0x0000d810      0xa59 Src/freertos.o
 .debug_info    0x0000e269      0x3bf Src/gpio.o
 .debug_info    0x0000e628      0x914 Src/main.o
 .debug_info    0x0000ef3c      0x932 Src/spi.o
 .debug_info    0x0000f86e      0x2bb Src/stm32f0xx_hal_msp.o
 .debug_info    0x0000fb29      0x84e Src/stm32f0xx_hal_timebase_TIM.o
 .debug_info    0x00010377      0xb3f Src/stm32f0xx_it.o
 .debug_info    0x00010eb6      0x9dc Src/usart.o

.debug_abbrev   0x00000000     0x301a
 .debug_abbrev  0x00000000       0x12 Drivers/CMSIS/Device/ST/STM32F0xx/Source/Templates/gcc/startup_stm32f030x8.o
 .debug_abbrev  0x00000012       0xf3 Drivers/CMSIS/Device/ST/STM32F0xx/Source/Templates/system_stm32f0xx.o
 .debug_abbrev  0x00000105      0x209 Drivers/STM32F0xx_HAL_Driver/Src/stm32f0xx_hal.o
 .debug_abbrev  0x0000030e      0x276 Drivers/STM32F0xx_HAL_Driver/Src/stm32f0xx_hal_cortex.o
 .debug_abbrev  0x00000584      0x1e1 Drivers/STM32F0xx_HAL_Driver/Src/stm32f0xx_hal_gpio.o
 .debug_abbrev  0x00000765      0x254 Drivers/STM32F0xx_HAL_Driver/Src/stm32f0xx_hal_rcc.o
 .debug_abbrev  0x000009b9      0x17f Drivers/STM32F0xx_HAL_Driver/Src/stm32f0xx_hal_rcc_ex.o
 .debug_abbrev  0x00000b38      0x329 Drivers/STM32F0xx_HAL_Driver/Src/stm32f0xx_hal_spi.o
 .debug_abbrev  0x00000e61      0x304 Drivers/STM32F0xx_HAL_Driver/Src/stm32f0xx_hal_tim.o
 .debug_abbrev  0x00001165      0x271 Drivers/STM32F0xx_HAL_Driver/Src/stm32f0xx_hal_tim_ex.o
 .debug_abbrev  0x000013d6      0x2a3 Drivers/STM32F0xx_HAL_Driver/Src/stm32f0xx_hal_uart.o
 .debug_abbrev  0x00001679      0x185 Drivers/STM32F0xx_HAL_Driver/Src/stm32f0xx_hal_uart_ex.o
 .debug_abbrev  0x000017fe      0x35f Middlewares/Third_Party/FreeRTOS/Source/CMSIS_RTOS/cmsis_os.o
 .debug_abbrev  0x00001b5d       0xdf Middlewares/Third_Party/FreeRTOS/Source/list.o
 .debug_abbrev  0x00001c3c      0x336 Middlewares/Third_Party/FreeRTOS/Source/tasks.o
 .debug_abbrev  0x00001f72      0x1d5 Middlewares/Third_Party/FreeRTOS/Source/portable/GCC/ARM_CM0/port.o
 .debug_abbrev  0x00002147      0x1ef Middlewares/Third_Party/FreeRTOS/Source/portable/MemMang/heap_4.o
 .debug_abbrev  0x00002336      0x1fa Src/freertos.o
 .debug_abbrev  0x00002530      0x135 Src/gpio.o
 .debug_abbrev  0x00002665      0x1fb Src/main.o
 .debug_abbrev  0x00002860      0x1a9 Src/spi.o
 .debug_abbrev  0x00002a09      0x101 Src/stm32f0xx_hal_msp.o
 .debug_abbrev  0x00002b0a      0x1e1 Src/stm32f0xx_hal_timebase_TIM.o
 .debug_abbrev  0x00002ceb      0x186 Src/stm32f0xx_it.o
 .debug_abbrev  0x00002e71      0x1a9 Src/usart.o

.debug_aranges  0x00000000      0xe40
 .debug_aranges
                0x00000000       0x28 Drivers/CMSIS/Device/ST/STM32F0xx/Source/Templates/gcc/startup_stm32f030x8.o
 .debug_aranges
                0x00000028       0x28 Drivers/CMSIS/Device/ST/STM32F0xx/Source/Templates/system_stm32f0xx.o
 .debug_aranges
                0x00000050       0x98 Drivers/STM32F0xx_HAL_Driver/Src/stm32f0xx_hal.o
 .debug_aranges
                0x000000e8       0x78 Drivers/STM32F0xx_HAL_Driver/Src/stm32f0xx_hal_cortex.o
 .debug_aranges
                0x00000160       0x58 Drivers/STM32F0xx_HAL_Driver/Src/stm32f0xx_hal_gpio.o
 .debug_aranges
                0x000001b8       0x80 Drivers/STM32F0xx_HAL_Driver/Src/stm32f0xx_hal_rcc.o
 .debug_aranges
                0x00000238       0x30 Drivers/STM32F0xx_HAL_Driver/Src/stm32f0xx_hal_rcc_ex.o
 .debug_aranges
                0x00000268      0x190 Drivers/STM32F0xx_HAL_Driver/Src/stm32f0xx_hal_spi.o
 .debug_aranges
                0x000003f8      0x258 Drivers/STM32F0xx_HAL_Driver/Src/stm32f0xx_hal_tim.o
 .debug_aranges
                0x00000650       0xf0 Drivers/STM32F0xx_HAL_Driver/Src/stm32f0xx_hal_tim_ex.o
 .debug_aranges
                0x00000740      0x128 Drivers/STM32F0xx_HAL_Driver/Src/stm32f0xx_hal_uart.o
 .debug_aranges
                0x00000868       0x28 Drivers/STM32F0xx_HAL_Driver/Src/stm32f0xx_hal_uart_ex.o
 .debug_aranges
                0x00000890      0x178 Middlewares/Third_Party/FreeRTOS/Source/CMSIS_RTOS/cmsis_os.o
 .debug_aranges
                0x00000a08       0x40 Middlewares/Third_Party/FreeRTOS/Source/list.o
 .debug_aranges
                0x00000a48      0x180 Middlewares/Third_Party/FreeRTOS/Source/tasks.o
 .debug_aranges
                0x00000bc8       0x80 Middlewares/Third_Party/FreeRTOS/Source/portable/GCC/ARM_CM0/port.o
 .debug_aranges
                0x00000c48       0x48 Middlewares/Third_Party/FreeRTOS/Source/portable/MemMang/heap_4.o
 .debug_aranges
                0x00000c90       0x60 Src/freertos.o
 .debug_aranges
                0x00000cf0       0x20 Src/gpio.o
 .debug_aranges
                0x00000d10       0x38 Src/main.o
 .debug_aranges
                0x00000d48       0x30 Src/spi.o
 .debug_aranges
                0x00000d78       0x20 Src/stm32f0xx_hal_msp.o
 .debug_aranges
                0x00000d98       0x30 Src/stm32f0xx_hal_timebase_TIM.o
 .debug_aranges
                0x00000dc8       0x48 Src/stm32f0xx_it.o
 .debug_aranges
                0x00000e10       0x30 Src/usart.o

.debug_ranges   0x00000000     0x12c0
 .debug_ranges  0x00000000       0x20 Drivers/CMSIS/Device/ST/STM32F0xx/Source/Templates/gcc/startup_stm32f030x8.o
 .debug_ranges  0x00000020       0x18 Drivers/CMSIS/Device/ST/STM32F0xx/Source/Templates/system_stm32f0xx.o
 .debug_ranges  0x00000038       0x88 Drivers/STM32F0xx_HAL_Driver/Src/stm32f0xx_hal.o
 .debug_ranges  0x000000c0       0xe8 Drivers/STM32F0xx_HAL_Driver/Src/stm32f0xx_hal_cortex.o
 .debug_ranges  0x000001a8       0x68 Drivers/STM32F0xx_HAL_Driver/Src/stm32f0xx_hal_gpio.o
 .debug_ranges  0x00000210       0xb0 Drivers/STM32F0xx_HAL_Driver/Src/stm32f0xx_hal_rcc.o
 .debug_ranges  0x000002c0       0x20 Drivers/STM32F0xx_HAL_Driver/Src/stm32f0xx_hal_rcc_ex.o
 .debug_ranges  0x000002e0      0x180 Drivers/STM32F0xx_HAL_Driver/Src/stm32f0xx_hal_spi.o
 .debug_ranges  0x00000460      0x538 Drivers/STM32F0xx_HAL_Driver/Src/stm32f0xx_hal_tim.o
 .debug_ranges  0x00000998       0xe0 Drivers/STM32F0xx_HAL_Driver/Src/stm32f0xx_hal_tim_ex.o
 .debug_ranges  0x00000a78      0x190 Drivers/STM32F0xx_HAL_Driver/Src/stm32f0xx_hal_uart.o
 .debug_ranges  0x00000c08       0x18 Drivers/STM32F0xx_HAL_Driver/Src/stm32f0xx_hal_uart_ex.o
 .debug_ranges  0x00000c20      0x180 Middlewares/Third_Party/FreeRTOS/Source/CMSIS_RTOS/cmsis_os.o
 .debug_ranges  0x00000da0       0x30 Middlewares/Third_Party/FreeRTOS/Source/list.o
 .debug_ranges  0x00000dd0      0x210 Middlewares/Third_Party/FreeRTOS/Source/tasks.o
 .debug_ranges  0x00000fe0       0x88 Middlewares/Third_Party/FreeRTOS/Source/portable/GCC/ARM_CM0/port.o
 .debug_ranges  0x00001068       0x38 Middlewares/Third_Party/FreeRTOS/Source/portable/MemMang/heap_4.o
 .debug_ranges  0x000010a0       0x50 Src/freertos.o
 .debug_ranges  0x000010f0       0x60 Src/gpio.o
 .debug_ranges  0x00001150       0x28 Src/main.o
 .debug_ranges  0x00001178       0x40 Src/spi.o
 .debug_ranges  0x000011b8       0x50 Src/stm32f0xx_hal_msp.o
 .debug_ranges  0x00001208       0x40 Src/stm32f0xx_hal_timebase_TIM.o
 .debug_ranges  0x00001248       0x38 Src/stm32f0xx_it.o
 .debug_ranges  0x00001280       0x40 Src/usart.o

.debug_loc      0x00000000     0x9c8b
 .debug_loc     0x00000000      0x107 Drivers/CMSIS/Device/ST/STM32F0xx/Source/Templates/system_stm32f0xx.o
 .debug_loc     0x00000107       0x6a Drivers/STM32F0xx_HAL_Driver/Src/stm32f0xx_hal.o
 .debug_loc     0x00000171      0x3da Drivers/STM32F0xx_HAL_Driver/Src/stm32f0xx_hal_cortex.o
 .debug_loc     0x0000054b      0x2c5 Drivers/STM32F0xx_HAL_Driver/Src/stm32f0xx_hal_gpio.o
 .debug_loc     0x00000810      0x455 Drivers/STM32F0xx_HAL_Driver/Src/stm32f0xx_hal_rcc.o
 .debug_loc     0x00000c65      0x254 Drivers/STM32F0xx_HAL_Driver/Src/stm32f0xx_hal_rcc_ex.o
 .debug_loc     0x00000eb9     0x13f8 Drivers/STM32F0xx_HAL_Driver/Src/stm32f0xx_hal_spi.o
 .debug_loc     0x000022b1     0x35c5 Drivers/STM32F0xx_HAL_Driver/Src/stm32f0xx_hal_tim.o
 .debug_loc     0x00005876      0x9d2 Drivers/STM32F0xx_HAL_Driver/Src/stm32f0xx_hal_tim_ex.o
 .debug_loc     0x00006248      0xf2e Drivers/STM32F0xx_HAL_Driver/Src/stm32f0xx_hal_uart.o
 .debug_loc     0x00007176      0x15d Drivers/STM32F0xx_HAL_Driver/Src/stm32f0xx_hal_uart_ex.o
 .debug_loc     0x000072d3      0xe7c Middlewares/Third_Party/FreeRTOS/Source/CMSIS_RTOS/cmsis_os.o
 .debug_loc     0x0000814f       0x89 Middlewares/Third_Party/FreeRTOS/Source/list.o
 .debug_loc     0x000081d8     0x151f Middlewares/Third_Party/FreeRTOS/Source/tasks.o
 .debug_loc     0x000096f7       0xb4 Middlewares/Third_Party/FreeRTOS/Source/portable/GCC/ARM_CM0/port.o
 .debug_loc     0x000097ab      0x2da Middlewares/Third_Party/FreeRTOS/Source/portable/MemMang/heap_4.o
 .debug_loc     0x00009a85       0xe7 Src/freertos.o
 .debug_loc     0x00009b6c       0x21 Src/main.o
 .debug_loc     0x00009b8d       0x42 Src/spi.o
 .debug_loc     0x00009bcf       0x7a Src/stm32f0xx_hal_timebase_TIM.o
 .debug_loc     0x00009c49       0x42 Src/usart.o

.debug_macro    0x00000000    0x135ba
 .debug_macro   0x00000000      0x2eb Drivers/CMSIS/Device/ST/STM32F0xx/Source/Templates/system_stm32f0xx.o
 .debug_macro   0x000002eb      0x838 Drivers/CMSIS/Device/ST/STM32F0xx/Source/Templates/system_stm32f0xx.o
 .debug_macro   0x00000b23       0x2e Drivers/CMSIS/Device/ST/STM32F0xx/Source/Templates/system_stm32f0xx.o
 .debug_macro   0x00000b51       0x22 Drivers/CMSIS/Device/ST/STM32F0xx/Source/Templates/system_stm32f0xx.o
 .debug_macro   0x00000b73       0x22 Drivers/CMSIS/Device/ST/STM32F0xx/Source/Templates/system_stm32f0xx.o
 .debug_macro   0x00000b95       0x44 Drivers/CMSIS/Device/ST/STM32F0xx/Source/Templates/system_stm32f0xx.o
 .debug_macro   0x00000bd9       0xfd Drivers/CMSIS/Device/ST/STM32F0xx/Source/Templates/system_stm32f0xx.o
 .debug_macro   0x00000cd6       0x22 Drivers/CMSIS/Device/ST/STM32F0xx/Source/Templates/system_stm32f0xx.o
 .debug_macro   0x00000cf8      0x1df Drivers/CMSIS/Device/ST/STM32F0xx/Source/Templates/system_stm32f0xx.o
 .debug_macro   0x00000ed7       0x34 Drivers/CMSIS/Device/ST/STM32F0xx/Source/Templates/system_stm32f0xx.o
 .debug_macro   0x00000f0b       0x26 Drivers/CMSIS/Device/ST/STM32F0xx/Source/Templates/system_stm32f0xx.o
 .debug_macro   0x00000f31      0x30d Drivers/CMSIS/Device/ST/STM32F0xx/Source/Templates/system_stm32f0xx.o
 .debug_macro   0x0000123e     0x6e3d Drivers/CMSIS/Device/ST/STM32F0xx/Source/Templates/system_stm32f0xx.o
 .debug_macro   0x0000807b       0x3c Drivers/CMSIS/Device/ST/STM32F0xx/Source/Templates/system_stm32f0xx.o
 .debug_macro   0x000080b7       0xa6 Drivers/CMSIS/Device/ST/STM32F0xx/Source/Templates/system_stm32f0xx.o
 .debug_macro   0x0000815d       0xaa Drivers/CMSIS/Device/ST/STM32F0xx/Source/Templates/system_stm32f0xx.o
 .debug_macro   0x00008207     0x3398 Drivers/CMSIS/Device/ST/STM32F0xx/Source/Templates/system_stm32f0xx.o
 .debug_macro   0x0000b59f       0x58 Drivers/CMSIS/Device/ST/STM32F0xx/Source/Templates/system_stm32f0xx.o
 .debug_macro   0x0000b5f7       0x35 Drivers/CMSIS/Device/ST/STM32F0xx/Source/Templates/system_stm32f0xx.o
 .debug_macro   0x0000b62c       0x9c Drivers/CMSIS/Device/ST/STM32F0xx/Source/Templates/system_stm32f0xx.o
 .debug_macro   0x0000b6c8       0x16 Drivers/CMSIS/Device/ST/STM32F0xx/Source/Templates/system_stm32f0xx.o
 .debug_macro   0x0000b6de       0x97 Drivers/CMSIS/Device/ST/STM32F0xx/Source/Templates/system_stm32f0xx.o
 .debug_macro   0x0000b775      0x329 Drivers/CMSIS/Device/ST/STM32F0xx/Source/Templates/system_stm32f0xx.o
 .debug_macro   0x0000ba9e       0xfd Drivers/CMSIS/Device/ST/STM32F0xx/Source/Templates/system_stm32f0xx.o
 .debug_macro   0x0000bb9b       0x10 Drivers/CMSIS/Device/ST/STM32F0xx/Source/Templates/system_stm32f0xx.o
 .debug_macro   0x0000bbab       0x52 Drivers/CMSIS/Device/ST/STM32F0xx/Source/Templates/system_stm32f0xx.o
 .debug_macro   0x0000bbfd       0x16 Drivers/CMSIS/Device/ST/STM32F0xx/Source/Templates/system_stm32f0xx.o
 .debug_macro   0x0000bc13       0x43 Drivers/CMSIS/Device/ST/STM32F0xx/Source/Templates/system_stm32f0xx.o
 .debug_macro   0x0000bc56      0x187 Drivers/CMSIS/Device/ST/STM32F0xx/Source/Templates/system_stm32f0xx.o
 .debug_macro   0x0000bddd       0x10 Drivers/CMSIS/Device/ST/STM32F0xx/Source/Templates/system_stm32f0xx.o
 .debug_macro   0x0000bded       0x22 Drivers/CMSIS/Device/ST/STM32F0xx/Source/Templates/system_stm32f0xx.o
 .debug_macro   0x0000be0f       0x3a Drivers/CMSIS/Device/ST/STM32F0xx/Source/Templates/system_stm32f0xx.o
 .debug_macro   0x0000be49       0x10 Drivers/CMSIS/Device/ST/STM32F0xx/Source/Templates/system_stm32f0xx.o
 .debug_macro   0x0000be59       0x40 Drivers/CMSIS/Device/ST/STM32F0xx/Source/Templates/system_stm32f0xx.o
 .debug_macro   0x0000be99       0x65 Drivers/CMSIS/Device/ST/STM32F0xx/Source/Templates/system_stm32f0xx.o
 .debug_macro   0x0000befe       0x16 Drivers/CMSIS/Device/ST/STM32F0xx/Source/Templates/system_stm32f0xx.o
 .debug_macro   0x0000bf14      0x197 Drivers/CMSIS/Device/ST/STM32F0xx/Source/Templates/system_stm32f0xx.o
 .debug_macro   0x0000c0ab       0x49 Drivers/CMSIS/Device/ST/STM32F0xx/Source/Templates/system_stm32f0xx.o
 .debug_macro   0x0000c0f4      0x931 Drivers/CMSIS/Device/ST/STM32F0xx/Source/Templates/system_stm32f0xx.o
 .debug_macro   0x0000ca25      0x180 Drivers/CMSIS/Device/ST/STM32F0xx/Source/Templates/system_stm32f0xx.o
 .debug_macro   0x0000cba5      0x13a Drivers/CMSIS/Device/ST/STM32F0xx/Source/Templates/system_stm32f0xx.o
 .debug_macro   0x0000ccdf       0xdf Drivers/CMSIS/Device/ST/STM32F0xx/Source/Templates/system_stm32f0xx.o
 .debug_macro   0x0000cdbe      0x1e6 Drivers/CMSIS/Device/ST/STM32F0xx/Source/Templates/system_stm32f0xx.o
 .debug_macro   0x0000cfa4       0x34 Drivers/CMSIS/Device/ST/STM32F0xx/Source/Templates/system_stm32f0xx.o
 .debug_macro   0x0000cfd8       0x43 Drivers/CMSIS/Device/ST/STM32F0xx/Source/Templates/system_stm32f0xx.o
 .debug_macro   0x0000d01b       0x29 Drivers/CMSIS/Device/ST/STM32F0xx/Source/Templates/system_stm32f0xx.o
 .debug_macro   0x0000d044       0xb6 Drivers/CMSIS/Device/ST/STM32F0xx/Source/Templates/system_stm32f0xx.o
 .debug_macro   0x0000d0fa      0x199 Drivers/CMSIS/Device/ST/STM32F0xx/Source/Templates/system_stm32f0xx.o
 .debug_macro   0x0000d293      0x202 Drivers/CMSIS/Device/ST/STM32F0xx/Source/Templates/system_stm32f0xx.o
 .debug_macro   0x0000d495       0x43 Drivers/CMSIS/Device/ST/STM32F0xx/Source/Templates/system_stm32f0xx.o
 .debug_macro   0x0000d4d8       0x90 Drivers/CMSIS/Device/ST/STM32F0xx/Source/Templates/system_stm32f0xx.o
 .debug_macro   0x0000d568       0x4d Drivers/CMSIS/Device/ST/STM32F0xx/Source/Templates/system_stm32f0xx.o
 .debug_macro   0x0000d5b5       0x2d Drivers/CMSIS/Device/ST/STM32F0xx/Source/Templates/system_stm32f0xx.o
 .debug_macro   0x0000d5e2      0x2e2 Drivers/CMSIS/Device/ST/STM32F0xx/Source/Templates/system_stm32f0xx.o
 .debug_macro   0x0000d8c4      0x814 Drivers/CMSIS/Device/ST/STM32F0xx/Source/Templates/system_stm32f0xx.o
 .debug_macro   0x0000e0d8       0x47 Drivers/CMSIS/Device/ST/STM32F0xx/Source/Templates/system_stm32f0xx.o
 .debug_macro   0x0000e11f      0x375 Drivers/CMSIS/Device/ST/STM32F0xx/Source/Templates/system_stm32f0xx.o
 .debug_macro   0x0000e494      0x156 Drivers/CMSIS/Device/ST/STM32F0xx/Source/Templates/system_stm32f0xx.o
 .debug_macro   0x0000e5ea       0xf8 Drivers/CMSIS/Device/ST/STM32F0xx/Source/Templates/system_stm32f0xx.o
 .debug_macro   0x0000e6e2      0x30f Drivers/STM32F0xx_HAL_Driver/Src/stm32f0xx_hal.o
 .debug_macro   0x0000e9f1      0x2eb Drivers/STM32F0xx_HAL_Driver/Src/stm32f0xx_hal_cortex.o
 .debug_macro   0x0000ecdc      0x324 Drivers/STM32F0xx_HAL_Driver/Src/stm32f0xx_hal_gpio.o
 .debug_macro   0x0000f000      0x2fd Drivers/STM32F0xx_HAL_Driver/Src/stm32f0xx_hal_rcc.o
 .debug_macro   0x0000f2fd      0x2eb Drivers/STM32F0xx_HAL_Driver/Src/stm32f0xx_hal_rcc_ex.o
 .debug_macro   0x0000f5e8      0x2f2 Drivers/STM32F0xx_HAL_Driver/Src/stm32f0xx_hal_spi.o
 .debug_macro   0x0000f8da      0x2ec Drivers/STM32F0xx_HAL_Driver/Src/stm32f0xx_hal_tim.o
 .debug_macro   0x0000fbc6      0x2eb Drivers/STM32F0xx_HAL_Driver/Src/stm32f0xx_hal_tim_ex.o
 .debug_macro   0x0000feb1      0x2fa Drivers/STM32F0xx_HAL_Driver/Src/stm32f0xx_hal_uart.o
 .debug_macro   0x000101ab      0x2eb Drivers/STM32F0xx_HAL_Driver/Src/stm32f0xx_hal_uart_ex.o
 .debug_macro   0x00010496      0x1d7 Middlewares/Third_Party/FreeRTOS/Source/CMSIS_RTOS/cmsis_os.o
 .debug_macro   0x0001066d      0x174 Middlewares/Third_Party/FreeRTOS/Source/CMSIS_RTOS/cmsis_os.o
 .debug_macro   0x000107e1       0x4a Middlewares/Third_Party/FreeRTOS/Source/CMSIS_RTOS/cmsis_os.o
 .debug_macro   0x0001082b       0x10 Middlewares/Third_Party/FreeRTOS/Source/CMSIS_RTOS/cmsis_os.o
 .debug_macro   0x0001083b       0x35 Middlewares/Third_Party/FreeRTOS/Source/CMSIS_RTOS/cmsis_os.o
 .debug_macro   0x00010870       0x16 Middlewares/Third_Party/FreeRTOS/Source/CMSIS_RTOS/cmsis_os.o
 .debug_macro   0x00010886       0xc6 Middlewares/Third_Party/FreeRTOS/Source/CMSIS_RTOS/cmsis_os.o
 .debug_macro   0x0001094c      0x15d Middlewares/Third_Party/FreeRTOS/Source/CMSIS_RTOS/cmsis_os.o
 .debug_macro   0x00010aa9       0xb6 Middlewares/Third_Party/FreeRTOS/Source/CMSIS_RTOS/cmsis_os.o
 .debug_macro   0x00010b5f       0x10 Middlewares/Third_Party/FreeRTOS/Source/CMSIS_RTOS/cmsis_os.o
 .debug_macro   0x00010b6f       0x1f Middlewares/Third_Party/FreeRTOS/Source/CMSIS_RTOS/cmsis_os.o
 .debug_macro   0x00010b8e      0x402 Middlewares/Third_Party/FreeRTOS/Source/CMSIS_RTOS/cmsis_os.o
 .debug_macro   0x00010f90       0xc0 Middlewares/Third_Party/FreeRTOS/Source/CMSIS_RTOS/cmsis_os.o
 .debug_macro   0x00011050       0x9a Middlewares/Third_Party/FreeRTOS/Source/CMSIS_RTOS/cmsis_os.o
 .debug_macro   0x000110ea       0x91 Middlewares/Third_Party/FreeRTOS/Source/CMSIS_RTOS/cmsis_os.o
 .debug_macro   0x0001117b       0xb0 Middlewares/Third_Party/FreeRTOS/Source/CMSIS_RTOS/cmsis_os.o
 .debug_macro   0x0001122b       0x7f Middlewares/Third_Party/FreeRTOS/Source/CMSIS_RTOS/cmsis_os.o
 .debug_macro   0x000112aa       0xcf Middlewares/Third_Party/FreeRTOS/Source/CMSIS_RTOS/cmsis_os.o
 .debug_macro   0x00011379      0x176 Middlewares/Third_Party/FreeRTOS/Source/list.o
 .debug_macro   0x000114ef      0x22b Middlewares/Third_Party/FreeRTOS/Source/tasks.o
 .debug_macro   0x0001171a       0x11 Middlewares/Third_Party/FreeRTOS/Source/tasks.o
 .debug_macro   0x0001172b      0x13d Middlewares/Third_Party/FreeRTOS/Source/portable/GCC/ARM_CM0/port.o
 .debug_macro   0x00011868      0x19d Middlewares/Third_Party/FreeRTOS/Source/portable/MemMang/heap_4.o
 .debug_macro   0x00011a05      0x3b2 Src/freertos.o
 .debug_macro   0x00011db7       0xb0 Src/freertos.o
 .debug_macro   0x00011e67       0x3a Src/freertos.o
 .debug_macro   0x00011ea1      0x2f5 Src/gpio.o
 .debug_macro   0x00012196      0x3cc Src/main.o
 .debug_macro   0x00012562       0xcc Src/main.o
 .debug_macro   0x0001262e      0x2ff Src/spi.o
 .debug_macro   0x0001292d      0x2eb Src/stm32f0xx_hal_msp.o
 .debug_macro   0x00012c18      0x2eb Src/stm32f0xx_hal_timebase_TIM.o
 .debug_macro   0x00012f03      0x3b8 Src/stm32f0xx_it.o
 .debug_macro   0x000132bb      0x2ff Src/usart.o

.debug_str      0x00000000    0x68585
 .debug_str     0x00000000    0x5df70 Drivers/CMSIS/Device/ST/STM32F0xx/Source/Templates/system_stm32f0xx.o
                              0x5e20b (size before relaxing)
 .debug_str     0x0005df70      0x440 Drivers/STM32F0xx_HAL_Driver/Src/stm32f0xx_hal.o
                              0x5e673 (size before relaxing)
 .debug_str     0x0005e3b0      0x1d3 Drivers/STM32F0xx_HAL_Driver/Src/stm32f0xx_hal_cortex.o
                              0x5e553 (size before relaxing)
 .debug_str     0x0005e583      0x2dc Drivers/STM32F0xx_HAL_Driver/Src/stm32f0xx_hal_gpio.o
                              0x5e48d (size before relaxing)
 .debug_str     0x0005e85f      0x32b Drivers/STM32F0xx_HAL_Driver/Src/stm32f0xx_hal_rcc.o
                              0x5e5f5 (size before relaxing)
 .debug_str     0x0005eb8a      0x127 Drivers/STM32F0xx_HAL_Driver/Src/stm32f0xx_hal_rcc_ex.o
                              0x5e32a (size before relaxing)
 .debug_str     0x0005ecb1      0x7cd Drivers/STM32F0xx_HAL_Driver/Src/stm32f0xx_hal_spi.o
                              0x5e9a0 (size before relaxing)
 .debug_str     0x0005f47e      0xc04 Drivers/STM32F0xx_HAL_Driver/Src/stm32f0xx_hal_tim.o
                              0x5f00d (size before relaxing)
 .debug_str     0x00060082      0x419 Drivers/STM32F0xx_HAL_Driver/Src/stm32f0xx_hal_tim_ex.o
                              0x5ea5a (size before relaxing)
 .debug_str     0x0006049b      0x66d Drivers/STM32F0xx_HAL_Driver/Src/stm32f0xx_hal_uart.o
                              0x5eb1e (size before relaxing)
 .debug_str     0x00060b08       0xb1 Drivers/STM32F0xx_HAL_Driver/Src/stm32f0xx_hal_uart_ex.o
                              0x5e6a5 (size before relaxing)
 .debug_str     0x00060bb9     0x5dd6 Middlewares/Third_Party/FreeRTOS/Source/CMSIS_RTOS/cmsis_os.o
                               0xbcd1 (size before relaxing)
 .debug_str     0x0006698f      0x22a Middlewares/Third_Party/FreeRTOS/Source/list.o
                               0x8c7f (size before relaxing)
 .debug_str     0x00066bb9      0xf63 Middlewares/Third_Party/FreeRTOS/Source/tasks.o
                               0xad69 (size before relaxing)
 .debug_str     0x00067b1c      0x3df Middlewares/Third_Party/FreeRTOS/Source/portable/GCC/ARM_CM0/port.o
                               0x7024 (size before relaxing)
 .debug_str     0x00067efb      0x243 Middlewares/Third_Party/FreeRTOS/Source/portable/MemMang/heap_4.o
                               0x9552 (size before relaxing)
 .debug_str     0x0006813e      0x1f7 Src/freertos.o
                              0x6386f (size before relaxing)
 .debug_str     0x00068335       0x35 Src/gpio.o
                              0x5e22d (size before relaxing)
 .debug_str     0x0006836a       0xa8 Src/main.o
                              0x63d02 (size before relaxing)
 .debug_str     0x00068412       0x3f Src/spi.o
                              0x5e808 (size before relaxing)
 .debug_str     0x00068451       0x27 Src/stm32f0xx_hal_msp.o
                              0x5e308 (size before relaxing)
 .debug_str     0x00068478       0x61 Src/stm32f0xx_hal_timebase_TIM.o
                              0x5e80b (size before relaxing)
 .debug_str     0x000684d9       0x7f Src/stm32f0xx_it.o
                              0x63d74 (size before relaxing)
 .debug_str     0x00068558       0x2d Src/usart.o
                              0x5e8bf (size before relaxing)

.comment        0x00000000       0x6e
 .comment       0x00000000       0x6e Drivers/CMSIS/Device/ST/STM32F0xx/Source/Templates/system_stm32f0xx.o
                                 0x6f (size before relaxing)
 .comment       0x0000006e       0x6f Drivers/STM32F0xx_HAL_Driver/Src/stm32f0xx_hal.o
 .comment       0x0000006e       0x6f Drivers/STM32F0xx_HAL_Driver/Src/stm32f0xx_hal_cortex.o
 .comment       0x0000006e       0x6f Drivers/STM32F0xx_HAL_Driver/Src/stm32f0xx_hal_gpio.o
 .comment       0x0000006e       0x6f Drivers/STM32F0xx_HAL_Driver/Src/stm32f0xx_hal_rcc.o
 .comment       0x0000006e       0x6f Drivers/STM32F0xx_HAL_Driver/Src/stm32f0xx_hal_rcc_ex.o
 .comment       0x0000006e       0x6f Drivers/STM32F0xx_HAL_Driver/Src/stm32f0xx_hal_spi.o
 .comment       0x0000006e       0x6f Drivers/STM32F0xx_HAL_Driver/Src/stm32f0xx_hal_tim.o
 .comment       0x0000006e       0x6f Drivers/STM32F0xx_HAL_Driver/Src/stm32f0xx_hal_tim_ex.o
 .comment       0x0000006e       0x6f Drivers/STM32F0xx_HAL_Driver/Src/stm32f0xx_hal_uart.o
 .comment       0x0000006e       0x6f Drivers/STM32F0xx_HAL_Driver/Src/stm32f0xx_hal_uart_ex.o
 .comment       0x0000006e       0x6f Middlewares/Third_Party/FreeRTOS/Source/CMSIS_RTOS/cmsis_os.o
 .comment       0x0000006e       0x6f Middlewares/Third_Party/FreeRTOS/Source/list.o
 .comment       0x0000006e       0x6f Middlewares/Third_Party/FreeRTOS/Source/tasks.o
 .comment       0x0000006e       0x6f Middlewares/Third_Party/FreeRTOS/Source/portable/GCC/ARM_CM0/port.o
 .comment       0x0000006e       0x6f Middlewares/Third_Party/FreeRTOS/Source/portable/MemMang/heap_4.o
 .comment       0x0000006e       0x6f Src/freertos.o
 .comment       0x0000006e       0x6f Src/gpio.o
 .comment       0x0000006e       0x6f Src/main.o
 .comment       0x0000006e       0x6f Src/spi.o
 .comment       0x0000006e       0x6f Src/stm32f0xx_hal_msp.o
 .comment       0x0000006e       0x6f Src/stm32f0xx_hal_timebase_TIM.o
 .comment       0x0000006e       0x6f Src/stm32f0xx_it.o
 .comment       0x0000006e       0x6f Src/usart.o

.debug_frame    0x00000000     0x2a50
 .debug_frame   0x00000000       0x3c Drivers/CMSIS/Device/ST/STM32F0xx/Source/Templates/system_stm32f0xx.o
 .debug_frame   0x0000003c      0x144 Drivers/STM32F0xx_HAL_Driver/Src/stm32f0xx_hal.o
 .debug_frame   0x00000180       0xe4 Drivers/STM32F0xx_HAL_Driver/Src/stm32f0xx_hal_cortex.o
 .debug_frame   0x00000264       0xc0 Drivers/STM32F0xx_HAL_Driver/Src/stm32f0xx_hal_gpio.o
 .debug_frame   0x00000324      0x12c Drivers/STM32F0xx_HAL_Driver/Src/stm32f0xx_hal_rcc.o
 .debug_frame   0x00000450       0x58 Drivers/STM32F0xx_HAL_Driver/Src/stm32f0xx_hal_rcc_ex.o
 .debug_frame   0x000004a8      0x580 Drivers/STM32F0xx_HAL_Driver/Src/stm32f0xx_hal_spi.o
 .debug_frame   0x00000a28      0x918 Drivers/STM32F0xx_HAL_Driver/Src/stm32f0xx_hal_tim.o
 .debug_frame   0x00001340      0x388 Drivers/STM32F0xx_HAL_Driver/Src/stm32f0xx_hal_tim_ex.o
 .debug_frame   0x000016c8      0x3e0 Drivers/STM32F0xx_HAL_Driver/Src/stm32f0xx_hal_uart.o
 .debug_frame   0x00001aa8       0x50 Drivers/STM32F0xx_HAL_Driver/Src/stm32f0xx_hal_uart_ex.o
 .debug_frame   0x00001af8      0x4c4 Middlewares/Third_Party/FreeRTOS/Source/CMSIS_RTOS/cmsis_os.o
 .debug_frame   0x00001fbc       0x6c Middlewares/Third_Party/FreeRTOS/Source/list.o
 .debug_frame   0x00002028      0x4b0 Middlewares/Third_Party/FreeRTOS/Source/tasks.o
 .debug_frame   0x000024d8       0xf8 Middlewares/Third_Party/FreeRTOS/Source/portable/GCC/ARM_CM0/port.o
 .debug_frame   0x000025d0       0x9c Middlewares/Third_Party/FreeRTOS/Source/portable/MemMang/heap_4.o
 .debug_frame   0x0000266c       0xf0 Src/freertos.o
 .debug_frame   0x0000275c       0x30 Src/gpio.o
 .debug_frame   0x0000278c       0x6c Src/main.o
 .debug_frame   0x000027f8       0x5c Src/spi.o
 .debug_frame   0x00002854       0x2c Src/stm32f0xx_hal_msp.o
 .debug_frame   0x00002880       0x4c Src/stm32f0xx_hal_timebase_TIM.o
 .debug_frame   0x000028cc       0x90 Src/stm32f0xx_it.o
 .debug_frame   0x0000295c       0x60 Src/usart.o
 .debug_frame   0x000029bc       0x20 e:/ac6/systemworkbench/plugins/fr.ac6.mcu.externaltools.arm-none.win32_1.7.0.201602121829/tools/compiler/bin/../lib/gcc/arm-none-eabi/5.2.1/armv6-m\libgcc.a(_udivsi3.o)
 .debug_frame   0x000029dc       0x2c e:/ac6/systemworkbench/plugins/fr.ac6.mcu.externaltools.arm-none.win32_1.7.0.201602121829/tools/compiler/bin/../lib/gcc/arm-none-eabi/5.2.1/../../../../arm-none-eabi/lib/armv6-m\libc_nano.a(lib_a-init.o)
 .debug_frame   0x00002a08       0x28 e:/ac6/systemworkbench/plugins/fr.ac6.mcu.externaltools.arm-none.win32_1.7.0.201602121829/tools/compiler/bin/../lib/gcc/arm-none-eabi/5.2.1/../../../../arm-none-eabi/lib/armv6-m\libc_nano.a(lib_a-memcpy-stub.o)
 .debug_frame   0x00002a30       0x20 e:/ac6/systemworkbench/plugins/fr.ac6.mcu.externaltools.arm-none.win32_1.7.0.201602121829/tools/compiler/bin/../lib/gcc/arm-none-eabi/5.2.1/../../../../arm-none-eabi/lib/armv6-m\libc_nano.a(lib_a-memset.o)
